Archive member included to satisfy reference by file (symbol)

/usr/lib/gcc/arm-none-eabi/14.2.0/../../../../arm-none-eabi/lib/thumb/v7e-m/nofp/libg.a(libc_a-memcmp.o)
                              lib_build/HIDClassDevice.o (memcmp)
/usr/lib/gcc/arm-none-eabi/14.2.0/../../../../arm-none-eabi/lib/thumb/v7e-m/nofp/libg.a(libc_a-memset.o)
                              lib_build/HIDClassDevice.o (memset)
/usr/lib/gcc/arm-none-eabi/14.2.0/../../../../arm-none-eabi/lib/thumb/v7e-m/nofp/libg.a(libc_a-errno.o)
                              lib_build/syscalls.o (__errno)
/usr/lib/gcc/arm-none-eabi/14.2.0/../../../../arm-none-eabi/lib/thumb/v7e-m/nofp/libg.a(libc_a-init.o)
                              lib_build/startup_XMC4500.o (__libc_init_array)
/usr/lib/gcc/arm-none-eabi/14.2.0/../../../../arm-none-eabi/lib/thumb/v7e-m/nofp/libg.a(libc_a-memcpy.o)
                              lib_build/xmc_usbd.o (memcpy)
/usr/lib/gcc/arm-none-eabi/14.2.0/../../../../arm-none-eabi/lib/thumb/v7e-m/nofp/libg.a(libc_a-impure.o)
                              /usr/lib/gcc/arm-none-eabi/14.2.0/../../../../arm-none-eabi/lib/thumb/v7e-m/nofp/libg.a(libc_a-errno.o) (_impure_ptr)
/usr/lib/gcc/arm-none-eabi/14.2.0/../../../../arm-none-eabi/lib/thumb/v7e-m/nofp/libg.a(libc_a-findfp.o)
                              /usr/lib/gcc/arm-none-eabi/14.2.0/../../../../arm-none-eabi/lib/thumb/v7e-m/nofp/libg.a(libc_a-impure.o) (__sf)
/usr/lib/gcc/arm-none-eabi/14.2.0/../../../../arm-none-eabi/lib/thumb/v7e-m/nofp/libg.a(libc_a-fwalk.o)
                              /usr/lib/gcc/arm-none-eabi/14.2.0/../../../../arm-none-eabi/lib/thumb/v7e-m/nofp/libg.a(libc_a-findfp.o) (_fwalk_sglue)
/usr/lib/gcc/arm-none-eabi/14.2.0/../../../../arm-none-eabi/lib/thumb/v7e-m/nofp/libg.a(libc_a-stdio.o)
                              /usr/lib/gcc/arm-none-eabi/14.2.0/../../../../arm-none-eabi/lib/thumb/v7e-m/nofp/libg.a(libc_a-findfp.o) (__sread)
/usr/lib/gcc/arm-none-eabi/14.2.0/../../../../arm-none-eabi/lib/thumb/v7e-m/nofp/libg.a(libc_a-closer.o)
                              /usr/lib/gcc/arm-none-eabi/14.2.0/../../../../arm-none-eabi/lib/thumb/v7e-m/nofp/libg.a(libc_a-stdio.o) (_close_r)
/usr/lib/gcc/arm-none-eabi/14.2.0/../../../../arm-none-eabi/lib/thumb/v7e-m/nofp/libg.a(libc_a-reent.o)
                              /usr/lib/gcc/arm-none-eabi/14.2.0/../../../../arm-none-eabi/lib/thumb/v7e-m/nofp/libg.a(libc_a-closer.o) (errno)
/usr/lib/gcc/arm-none-eabi/14.2.0/../../../../arm-none-eabi/lib/thumb/v7e-m/nofp/libg.a(libc_a-lseekr.o)
                              /usr/lib/gcc/arm-none-eabi/14.2.0/../../../../arm-none-eabi/lib/thumb/v7e-m/nofp/libg.a(libc_a-stdio.o) (_lseek_r)
/usr/lib/gcc/arm-none-eabi/14.2.0/../../../../arm-none-eabi/lib/thumb/v7e-m/nofp/libg.a(libc_a-readr.o)
                              /usr/lib/gcc/arm-none-eabi/14.2.0/../../../../arm-none-eabi/lib/thumb/v7e-m/nofp/libg.a(libc_a-stdio.o) (_read_r)
/usr/lib/gcc/arm-none-eabi/14.2.0/../../../../arm-none-eabi/lib/thumb/v7e-m/nofp/libg.a(libc_a-writer.o)
                              /usr/lib/gcc/arm-none-eabi/14.2.0/../../../../arm-none-eabi/lib/thumb/v7e-m/nofp/libg.a(libc_a-stdio.o) (_write_r)
/usr/lib/gcc/arm-none-eabi/14.2.0/../../../../arm-none-eabi/lib/thumb/v7e-m/nofp/libg.a(libc_a-lock.o)
                              /usr/lib/gcc/arm-none-eabi/14.2.0/../../../../arm-none-eabi/lib/thumb/v7e-m/nofp/libg.a(libc_a-findfp.o) (__retarget_lock_init_recursive)
/usr/lib/gcc/arm-none-eabi/14.2.0/../../../../arm-none-eabi/lib/thumb/v7e-m/nofp/libg.a(libc_a-freer.o)
                              /usr/lib/gcc/arm-none-eabi/14.2.0/../../../../arm-none-eabi/lib/thumb/v7e-m/nofp/libg.a(libc_a-reent.o) (_free_r)
/usr/lib/gcc/arm-none-eabi/14.2.0/../../../../arm-none-eabi/lib/thumb/v7e-m/nofp/libg.a(libc_a-mallocr.o)
                              /usr/lib/gcc/arm-none-eabi/14.2.0/../../../../arm-none-eabi/lib/thumb/v7e-m/nofp/libg.a(libc_a-findfp.o) (_malloc_r)
/usr/lib/gcc/arm-none-eabi/14.2.0/../../../../arm-none-eabi/lib/thumb/v7e-m/nofp/libg.a(libc_a-mlock.o)
                              /usr/lib/gcc/arm-none-eabi/14.2.0/../../../../arm-none-eabi/lib/thumb/v7e-m/nofp/libg.a(libc_a-freer.o) (__malloc_lock)
/usr/lib/gcc/arm-none-eabi/14.2.0/../../../../arm-none-eabi/lib/thumb/v7e-m/nofp/libg.a(libc_a-fclose.o)
                              /usr/lib/gcc/arm-none-eabi/14.2.0/../../../../arm-none-eabi/lib/thumb/v7e-m/nofp/libg.a(libc_a-findfp.o) (_fclose_r)
/usr/lib/gcc/arm-none-eabi/14.2.0/../../../../arm-none-eabi/lib/thumb/v7e-m/nofp/libg.a(libc_a-fflush.o)
                              /usr/lib/gcc/arm-none-eabi/14.2.0/../../../../arm-none-eabi/lib/thumb/v7e-m/nofp/libg.a(libc_a-fclose.o) (__sflush_r)
/usr/lib/gcc/arm-none-eabi/14.2.0/../../../../arm-none-eabi/lib/thumb/v7e-m/nofp/libg.a(libc_a-sbrkr.o)
                              /usr/lib/gcc/arm-none-eabi/14.2.0/../../../../arm-none-eabi/lib/thumb/v7e-m/nofp/libg.a(libc_a-freer.o) (_sbrk_r)
[...]
Memory Configuration

Name             Origin             Length             Attributes
FLASH_1_cached   0x08000000         0x00100000         xr
FLASH_1_uncached 0x0c000000         0x00100000         xr
PSRAM_1          0x10000000         0x00010000         !xr
DSRAM_1_system   0x20000000         0x00010000         !xr
DSRAM_2_comm     0x30000000         0x00008000         !xr
*default*        0x00000000         0xffffffff

Linker script and memory map

LOAD build/main.o
LOAD build/KeyboardHID.o
LOAD build/Descriptors.o
LOAD lib_build/xmc4_scu.o
LOAD lib_build/xmc_gpio.o
LOAD lib_build/HIDClassDevice.o
LOAD lib_build/memcpy.o
LOAD lib_build/Endpoint_XMC4000.o
LOAD lib_build/EndpointStream_XMC4000.o
LOAD lib_build/USBController_XMC4000.o
LOAD lib_build/xmc_usbd.o
LOAD lib_build/ConfigDescriptors.o
LOAD lib_build/HostStandardReq.o
LOAD lib_build/USBTask.o
LOAD lib_build/Events.o
LOAD lib_build/startup_XMC4500.o
LOAD lib_build/system_XMC4500.o
LOAD lib_build/syscalls.o
START GROUP
LOAD /usr/lib/gcc/arm-none-eabi/14.2.0/thumb/v7e-m/nofp/libgcc.a
LOAD /usr/lib/gcc/arm-none-eabi/14.2.0/../../../../arm-none-eabi/lib/thumb/v7e-m/nofp/libg.a
LOAD /usr/lib/gcc/arm-none-eabi/14.2.0/../../../../arm-none-eabi/lib/thumb/v7e-m/nofp/libc.a
END GROUP
START GROUP
LOAD /usr/lib/gcc/arm-none-eabi/14.2.0/thumb/v7e-m/nofp/libgcc.a
LOAD /usr/lib/gcc/arm-none-eabi/14.2.0/../../../../arm-none-eabi/lib/thumb/v7e-m/nofp/libc.a
LOAD /usr/lib/gcc/arm-none-eabi/14.2.0/../../../../arm-none-eabi/lib/thumb/v7e-m/nofp/libnosys.a
END GROUP
                0x00000800                        stack_size = DEFINED (stack_size)?stack_size:0x800
                0x00000040                        no_init_size = 0x40

.text           0x08000000     0x7894 load address 0x0c000000
                0x08000000                        sText = .
 *(.reset)
 .reset         0x08000000      0x2b2 lib_build/startup_XMC4500.o
                0x08000000                __Vectors
                0x08000200                Reset_Handler
                0x080002b0                VADC0_C0_3_IRQHandler
                0x080002b0                DSD0_7_IRQHandler
                0x080002b0                DebugMon_Handler
                0x080002b0                VADC0_C0_0_IRQHandler
                0x080002b0                CAN0_4_IRQHandler
                0x080002b0                VADC0_G2_0_IRQHandler
                0x080002b0                USIC0_5_IRQHandler
                0x080002b0                POSIF0_0_IRQHandler
                0x080002b0                POSIF1_0_IRQHandler
                0x080002b0                HardFault_Handler
                0x080002b0                VADC0_G1_1_IRQHandler
                0x080002b0                PendSV_Handler
                0x080002b0                NMI_Handler
                0x080002b0                USIC1_3_IRQHandler
                0x080002b0                CCU40_2_IRQHandler
                0x080002b0                SCU_0_IRQHandler
                0x080002b0                ERU0_0_IRQHandler
                0x080002b0                CCU41_0_IRQHandler
                0x080002b0                USIC1_5_IRQHandler
                0x080002b0                DSD0_4_IRQHandler
                0x080002b0                CCU80_1_IRQHandler
                0x080002b0                CCU81_0_IRQHandler
                0x080002b0                UsageFault_Handler
                0x080002b0                USIC0_0_IRQHandler
                0x080002b0                POSIF1_1_IRQHandler
                0x080002b0                ERU0_2_IRQHandler
                0x080002b0                CCU81_1_IRQHandler
                0x080002b0                ERU1_1_IRQHandler
                0x080002b0                VADC0_G2_3_IRQHandler
                0x080002b0                VADC0_G2_2_IRQHandler
                0x080002b0                CCU42_3_IRQHandler
                0x080002b0                ERU0_3_IRQHandler
                0x080002b0                DSD0_5_IRQHandler
                0x080002b0                CAN0_6_IRQHandler
                0x080002b0                CCU43_0_IRQHandler
                0x080002b0                VADC0_G0_1_IRQHandler
                0x080002b0                CCU81_2_IRQHandler
                0x080002b0                USIC2_4_IRQHandler
                0x080002b0                CCU81_3_IRQHandler
                0x080002b0                CCU42_1_IRQHandler
                0x080002b0                USIC1_1_IRQHandler
                0x080002b0                USIC2_5_IRQHandler
                0x080002b0                CCU40_0_IRQHandler
                0x080002b0                CAN0_0_IRQHandler
                0x080002b0                ERU1_0_IRQHandler
                0x080002b0                CCU42_2_IRQHandler
                0x080002b0                Default_Handler
                0x080002b0                USIC1_4_IRQHandler
                0x080002b0                ERU1_3_IRQHandler
                0x080002b0                USIC1_0_IRQHandler
                0x080002b0                POSIF0_1_IRQHandler
                0x080002b0                VADC0_G0_0_IRQHandler
                0x080002b0                DSD0_2_IRQHandler
                0x080002b0                CCU80_3_IRQHandler
                0x080002b0                CCU41_3_IRQHandler
                0x080002b0                CCU80_2_IRQHandler
                0x080002b0                VADC0_G1_3_IRQHandler
                0x080002b0                VADC0_G0_3_IRQHandler
                0x080002b0                GPDMA0_0_IRQHandler
                0x080002b0                PMU0_0_IRQHandler
                0x080002b0                CAN0_7_IRQHandler
                0x080002b0                DSD0_1_IRQHandler
                0x080002b0                CCU41_2_IRQHandler
                0x080002b0                VADC0_C0_1_IRQHandler
                0x080002b0                CCU43_2_IRQHandler
                0x080002b0                USIC2_2_IRQHandler
                0x080002b0                MemManage_Handler
                0x080002b0                VADC0_G3_1_IRQHandler
                0x080002b0                DAC0_0_IRQHandler
                0x080002b0                SVC_Handler
                0x080002b0                VADC0_G3_3_IRQHandler
                0x080002b0                ERU1_2_IRQHandler
                0x080002b0                CCU41_1_IRQHandler
                0x080002b0                DSD0_6_IRQHandler
                0x080002b0                CCU43_1_IRQHandler
                0x080002b0                VADC0_G1_2_IRQHandler
                0x080002b0                USIC2_3_IRQHandler
                0x080002b0                CAN0_2_IRQHandler
                0x080002b0                USIC2_0_IRQHandler
                0x080002b0                VADC0_G0_2_IRQHandler
                0x080002b0                VADC0_G2_1_IRQHandler
                0x080002b0                CAN0_3_IRQHandler
                0x080002b0                ETH0_0_IRQHandler
                0x080002b0                USIC0_3_IRQHandler
                0x080002b0                DSD0_0_IRQHandler
                0x080002b0                VADC0_C0_2_IRQHandler
                0x080002b0                CCU42_0_IRQHandler
                0x080002b0                FCE0_0_IRQHandler
                0x080002b0                VADC0_G1_0_IRQHandler
                0x080002b0                CAN0_5_IRQHandler
                0x080002b0                CCU80_0_IRQHandler
                0x080002b0                CCU40_1_IRQHandler
                0x080002b0                USIC2_1_IRQHandler
                0x080002b0                USIC0_1_IRQHandler
                0x080002b0                VADC0_G3_2_IRQHandler
                0x080002b0                CCU40_3_IRQHandler
                0x080002b0                BusFault_Handler
                0x080002b0                LEDTS0_0_IRQHandler
                0x080002b0                USIC0_4_IRQHandler
                0x080002b0                CCU43_3_IRQHandler
                0x080002b0                ERU0_1_IRQHandler
                0x080002b0                VADC0_G3_0_IRQHandler
                0x080002b0                USIC1_2_IRQHandler
                0x080002b0                DSD0_3_IRQHandler
                0x080002b0                SDMMC0_0_IRQHandler
                0x080002b0                CAN0_1_IRQHandler
                0x080002b0                USIC0_2_IRQHandler
                0x080002b0                DAC0_1_IRQHandler
                0x080002b0                GPDMA1_0_IRQHandler
 *(.text .text.* .gnu.linkonce.t.*)
 .text          0x080002b2        0x0 build/main.o
 *fill*         0x080002b2        0x2 
 .text.__NVIC_SetPriority
                0x080002b4       0x54 build/main.o
 .text.SysTick_Config
                0x08000308       0x44 build/main.o
 .text.XMC_GPIO_SetOutputHigh
                0x0800034c       0x22 build/main.o
 .text.XMC_GPIO_SetOutputLow
                0x0800036e       0x24 build/main.o
 *fill*         0x08000392        0x2 
 .text.SysTick_Handler
                0x08000394       0x1c build/main.o
                0x08000394                SysTick_Handler
 .text.GetTick  0x080003b0       0x18 build/main.o
                0x080003b0                GetTick
 .text.insert   0x080003c8       0x58 build/main.o
                0x080003c8                insert
 .text.MeasureLedToggleDistance
                0x08000420       0x6c build/main.o
                0x08000420                MeasureLedToggleDistance
 .text.fsm      0x0800048c       0xb4 build/main.o
                0x0800048c                fsm
 .text.main     0x08000540       0x64 build/main.o
                0x08000540                main
 .text.CALLBACK_HID_Device_CreateHIDReport
                0x080005a4       0x8c build/main.o
                0x080005a4                CALLBACK_HID_Device_CreateHIDReport
 .text.CALLBACK_HID_Device_ProcessHIDReport
                0x08000630       0x68 build/main.o
                0x08000630                CALLBACK_HID_Device_ProcessHIDReport
 .text.SystemCoreClockSetup
                0x08000698       0x34 build/main.o
                0x08000698                SystemCoreClockSetup
 .text          0x080006cc        0x0 build/KeyboardHID.o
 .text.__NVIC_GetPriorityGrouping
                0x080006cc       0x1c build/KeyboardHID.o
 .text.__NVIC_EnableIRQ
                0x080006e8       0x3c build/KeyboardHID.o
 .text.__NVIC_ClearPendingIRQ
                0x08000724       0x3c build/KeyboardHID.o
 .text.__NVIC_SetPriority
                0x08000760       0x54 build/KeyboardHID.o
 .text.NVIC_EncodePriority
                0x080007b4       0x66 build/KeyboardHID.o
 *fill*         0x0800081a        0x2 
 .text.USB0_0_IRQHandler
                0x0800081c       0x14 build/KeyboardHID.o
                0x0800081c                USB0_0_IRQHandler
 .text.USB_Init
                0x08000830       0x48 build/KeyboardHID.o
                0x08000830                USB_Init
 .text.EVENT_USB_Device_
                0x08000878        0xe build/KeyboardHID.o
                0x08000878                EVENT_USB_Device_
 .text.EVENT_USB_Device_Connect
                0x08000886        0xe build/KeyboardHID.o
                0x08000886                EVENT_USB_Device_Connect
 .text.EVENT_USB_Device_Reset
                0x08000894       0x30 build/KeyboardHID.o
                0x08000894                EVENT_USB_Device_Reset
 .text.EVENT_USB_Device_ConfigurationChanged
                0x080008c4       0x50 build/KeyboardHID.o
                0x080008c4                EVENT_USB_Device_ConfigurationChanged
 .text.EVENT_USB_Device_ControlRequest
                0x08000914       0x14 build/KeyboardHID.o
                0x08000914                EVENT_USB_Device_ControlRequest
 .text.CALLBACK_HIDParser_FilterHIDReportItem
                0x08000928       0x16 build/KeyboardHID.o
                0x08000928                CALLBACK_HIDParser_FilterHIDReportItem
 .text          0x0800093e        0x0 build/Descriptors.o
 *fill*         0x0800093e        0x2 
 .text.CALLBACK_USB_GetDescriptor
                0x08000940      0x14c build/Descriptors.o
                0x08000940                CALLBACK_USB_GetDescriptor
 .text          0x08000a8c        0x0 lib_build/xmc4_scu.o
 .text.XMC_SCU_CLOCK_GetUsbClockSource
                0x08000a8c       0x1c lib_build/xmc4_scu.o
 .text.XMC_SCU_CLOCK_GetWdtClockSource
                0x08000aa8       0x1c lib_build/xmc4_scu.o
 .text.XMC_SCU_CLOCK_GetExternalOutputClockSource
                0x08000ac4       0x20 lib_build/xmc4_scu.o
 .text.XMC_SCU_CLOCK_GetSystemClockFrequency
                0x08000ae4       0x28 lib_build/xmc4_scu.o
 .text.XMC_SCU_CLOCK_GetCpuClockFrequency
                0x08000b0c       0x18 lib_build/xmc4_scu.o
 .text.XMC_SCU_GetMirrorStatus
                0x08000b24       0x18 lib_build/xmc4_scu.o
 .text.XMC_SCU_lDelay
                0x08000b3c       0x48 lib_build/xmc4_scu.o
 .text.XMC_SCU_INTERRUPT_EnableEvent
                0x08000b84       0x24 lib_build/xmc4_scu.o
                0x08000b84                XMC_SCU_INTERRUPT_EnableEvent
 .text.XMC_SCU_INTERRUPT_DisableEvent
                0x08000ba8       0x28 lib_build/xmc4_scu.o
                0x08000ba8                XMC_SCU_INTERRUPT_DisableEvent
 .text.XMC_SCU_INTERRUPT_TriggerEvent
                0x08000bd0       0x24 lib_build/xmc4_scu.o
                0x08000bd0                XMC_SCU_INTERRUPT_TriggerEvent
 .text.XMC_SCU_INTERUPT_GetEventStatus
                0x08000bf4       0x18 lib_build/xmc4_scu.o
                0x08000bf4                XMC_SCU_INTERUPT_GetEventStatus
 .text.XMC_SCU_INTERRUPT_ClearEventStatus
                0x08000c0c       0x20 lib_build/xmc4_scu.o
                0x08000c0c                XMC_SCU_INTERRUPT_ClearEventStatus
 .text.XMC_SCU_GetBootMode
                0x08000c2c       0x1c lib_build/xmc4_scu.o
                0x08000c2c                XMC_SCU_GetBootMode
 .text.XMC_SCU_SetBootMode
                0x08000c48       0x20 lib_build/xmc4_scu.o
                0x08000c48                XMC_SCU_SetBootMode
 .text.XMC_SCU_ReadGPR
                0x08000c68       0x24 lib_build/xmc4_scu.o
                0x08000c68                XMC_SCU_ReadGPR
 .text.XMC_SCU_WriteGPR
                0x08000c8c       0x28 lib_build/xmc4_scu.o
                0x08000c8c                XMC_SCU_WriteGPR
 .text.XMC_SCU_EnableOutOfRangeComparator
                0x08000cb4       0x38 lib_build/xmc4_scu.o
                0x08000cb4                XMC_SCU_EnableOutOfRangeComparator
 .text.XMC_SCU_DisableOutOfRangeComparator
                0x08000cec       0x3c lib_build/xmc4_scu.o
                0x08000cec                XMC_SCU_DisableOutOfRangeComparator
 .text.XMC_SCU_CalibrateTemperatureSensor
                0x08000d28       0x30 lib_build/xmc4_scu.o
                0x08000d28                XMC_SCU_CalibrateTemperatureSensor
 .text.XMC_SCU_EnableTemperatureSensor
                0x08000d58       0x24 lib_build/xmc4_scu.o
                0x08000d58                XMC_SCU_EnableTemperatureSensor
 .text.XMC_SCU_DisableTemperatureSensor
                0x08000d7c       0x24 lib_build/xmc4_scu.o
                0x08000d7c                XMC_SCU_DisableTemperatureSensor
 .text.XMC_SCU_IsTemperatureSensorEnabled
                0x08000da0       0x28 lib_build/xmc4_scu.o
                0x08000da0                XMC_SCU_IsTemperatureSensorEnabled
 .text.XMC_SCU_IsTemperatureSensorReady
                0x08000dc8       0x28 lib_build/xmc4_scu.o
                0x08000dc8                XMC_SCU_IsTemperatureSensorReady
 .text.XMC_SCU_StartTemperatureMeasurement
                0x08000df0       0x4c lib_build/xmc4_scu.o
                0x08000df0                XMC_SCU_StartTemperatureMeasurement
 .text.XMC_SCU_GetTemperatureMeasurement
                0x08000e3c       0x38 lib_build/xmc4_scu.o
                0x08000e3c                XMC_SCU_GetTemperatureMeasurement
 .text.XMC_SCU_IsTemperatureSensorBusy
                0x08000e74       0x28 lib_build/xmc4_scu.o
                0x08000e74                XMC_SCU_IsTemperatureSensorBusy
 .text.XMC_SCU_WriteToRetentionMemory
                0x08000e9c       0x50 lib_build/xmc4_scu.o
                0x08000e9c                XMC_SCU_WriteToRetentionMemory
 .text.XMC_SCU_ReadFromRetentionMemory
                0x08000eec       0x48 lib_build/xmc4_scu.o
                0x08000eec                XMC_SCU_ReadFromRetentionMemory
 .text.XMC_SCU_CLOCK_Init
                0x08000f34       0xe6 lib_build/xmc4_scu.o
                0x08000f34                XMC_SCU_CLOCK_Init
 *fill*         0x0800101a        0x2 
 .text.XMC_SCU_TRAP_Enable
                0x0800101c       0x28 lib_build/xmc4_scu.o
                0x0800101c                XMC_SCU_TRAP_Enable
 .text.XMC_SCU_TRAP_Disable
                0x08001044       0x24 lib_build/xmc4_scu.o
                0x08001044                XMC_SCU_TRAP_Disable
 .text.XMC_SCU_TRAP_GetStatus
                0x08001068       0x18 lib_build/xmc4_scu.o
                0x08001068                XMC_SCU_TRAP_GetStatus
 .text.XMC_SCU_TRAP_Trigger
                0x08001080       0x20 lib_build/xmc4_scu.o
                0x08001080                XMC_SCU_TRAP_Trigger
 .text.XMC_SCU_TRAP_ClearStatus
                0x080010a0       0x20 lib_build/xmc4_scu.o
                0x080010a0                XMC_SCU_TRAP_ClearStatus
 .text.XMC_SCU_PARITY_ClearStatus
                0x080010c0       0x24 lib_build/xmc4_scu.o
                0x080010c0                XMC_SCU_PARITY_ClearStatus
 .text.XMC_SCU_PARITY_GetStatus
                0x080010e4       0x18 lib_build/xmc4_scu.o
                0x080010e4                XMC_SCU_PARITY_GetStatus
 .text.XMC_SCU_PARITY_Enable
                0x080010fc       0x24 lib_build/xmc4_scu.o
                0x080010fc                XMC_SCU_PARITY_Enable
 .text.XMC_SCU_PARITY_Disable
                0x08001120       0x28 lib_build/xmc4_scu.o
                0x08001120                XMC_SCU_PARITY_Disable
 .text.XMC_SCU_PARITY_EnableTrapGeneration
                0x08001148       0x24 lib_build/xmc4_scu.o
                0x08001148                XMC_SCU_PARITY_EnableTrapGeneration
 .text.XMC_SCU_PARITY_DisableTrapGeneration
                0x0800116c       0x28 lib_build/xmc4_scu.o
                0x0800116c                XMC_SCU_PARITY_DisableTrapGeneration
 .text.XMC_SCU_INTERRUPT_EnableNmiRequest
                0x08001194       0x24 lib_build/xmc4_scu.o
                0x08001194                XMC_SCU_INTERRUPT_EnableNmiRequest
 .text.XMC_SCU_INTERRUPT_DisableNmiRequest
                0x080011b8       0x28 lib_build/xmc4_scu.o
                0x080011b8                XMC_SCU_INTERRUPT_DisableNmiRequest
 .text.XMC_SCU_RESET_AssertPeripheralReset
                0x080011e0       0x3c lib_build/xmc4_scu.o
                0x080011e0                XMC_SCU_RESET_AssertPeripheralReset
 .text.XMC_SCU_RESET_DeassertPeripheralReset
                0x0800121c       0x3c lib_build/xmc4_scu.o
                0x0800121c                XMC_SCU_RESET_DeassertPeripheralReset
 .text.XMC_SCU_RESET_IsPeripheralResetAsserted
                0x08001258       0x48 lib_build/xmc4_scu.o
                0x08001258                XMC_SCU_RESET_IsPeripheralResetAsserted
 .text.XMC_SCU_CLOCK_GetSystemPllClockFrequency
                0x080012a0       0x7c lib_build/xmc4_scu.o
                0x080012a0                XMC_SCU_CLOCK_GetSystemPllClockFrequency
 .text.XMC_SCU_CLOCK_GetSystemPllClockSourceFrequency
                0x0800131c       0x30 lib_build/xmc4_scu.o
                0x0800131c                XMC_SCU_CLOCK_GetSystemPllClockSourceFrequency
 .text.XMC_SCU_CLOCK_GetUsbPllClockFrequency
                0x0800134c       0x54 lib_build/xmc4_scu.o
                0x0800134c                XMC_SCU_CLOCK_GetUsbPllClockFrequency
 .text.XMC_SCU_CLOCK_GetCcuClockFrequency
                0x080013a0       0x2c lib_build/xmc4_scu.o
                0x080013a0                XMC_SCU_CLOCK_GetCcuClockFrequency
 .text.XMC_SCU_CLOCK_GetUsbClockFrequency
                0x080013cc       0x48 lib_build/xmc4_scu.o
                0x080013cc                XMC_SCU_CLOCK_GetUsbClockFrequency
 .text.XMC_SCU_CLOCK_GetEbuClockFrequency
                0x08001414       0x28 lib_build/xmc4_scu.o
                0x08001414                XMC_SCU_CLOCK_GetEbuClockFrequency
 .text.XMC_SCU_CLOCK_GetWdtClockFrequency
                0x0800143c       0x58 lib_build/xmc4_scu.o
                0x0800143c                XMC_SCU_CLOCK_GetWdtClockFrequency
 .text.XMC_SCU_CLOCK_GetExternalOutputClockFrequency
                0x08001494       0x70 lib_build/xmc4_scu.o
                0x08001494                XMC_SCU_CLOCK_GetExternalOutputClockFrequency
 .text.XMC_SCU_CLOCK_GetPeripheralClockFrequency
                0x08001504       0x20 lib_build/xmc4_scu.o
                0x08001504                XMC_SCU_CLOCK_GetPeripheralClockFrequency
 .text.XMC_SCU_CLOCK_SetSystemClockSource
                0x08001524       0x28 lib_build/xmc4_scu.o
                0x08001524                XMC_SCU_CLOCK_SetSystemClockSource
 .text.XMC_SCU_CLOCK_SetUsbClockSource
                0x0800154c       0x28 lib_build/xmc4_scu.o
                0x0800154c                XMC_SCU_CLOCK_SetUsbClockSource
 .text.XMC_SCU_CLOCK_SetWdtClockSource
                0x08001574       0x28 lib_build/xmc4_scu.o
                0x08001574                XMC_SCU_CLOCK_SetWdtClockSource
 .text.XMC_SCU_CLOCK_SetExternalOutputClockSource
                0x0800159c       0x2c lib_build/xmc4_scu.o
                0x0800159c                XMC_SCU_CLOCK_SetExternalOutputClockSource
 .text.XMC_SCU_CLOCK_SetSystemPllClockSource
                0x080015c8       0x44 lib_build/xmc4_scu.o
                0x080015c8                XMC_SCU_CLOCK_SetSystemPllClockSource
 .text.XMC_SCU_HIB_SetRtcClockSource
                0x0800160c       0x40 lib_build/xmc4_scu.o
                0x0800160c                XMC_SCU_HIB_SetRtcClockSource
 .text.XMC_SCU_HIB_SetStandbyClockSource
                0x0800164c       0x40 lib_build/xmc4_scu.o
                0x0800164c                XMC_SCU_HIB_SetStandbyClockSource
 .text.XMC_SCU_CLOCK_SetSystemClockDivider
                0x0800168c       0x2c lib_build/xmc4_scu.o
                0x0800168c                XMC_SCU_CLOCK_SetSystemClockDivider
 .text.XMC_SCU_CLOCK_SetCcuClockDivider
                0x080016b8       0x2c lib_build/xmc4_scu.o
                0x080016b8                XMC_SCU_CLOCK_SetCcuClockDivider
 .text.XMC_SCU_CLOCK_SetCpuClockDivider
                0x080016e4       0x2c lib_build/xmc4_scu.o
                0x080016e4                XMC_SCU_CLOCK_SetCpuClockDivider
 .text.XMC_SCU_CLOCK_SetPeripheralClockDivider
                0x08001710       0x2c lib_build/xmc4_scu.o
                0x08001710                XMC_SCU_CLOCK_SetPeripheralClockDivider
 .text.XMC_SCU_CLOCK_SetUsbClockDivider
                0x0800173c       0x2c lib_build/xmc4_scu.o
                0x0800173c                XMC_SCU_CLOCK_SetUsbClockDivider
 .text.XMC_SCU_CLOCK_SetEbuClockDivider
                0x08001768       0x2c lib_build/xmc4_scu.o
                0x08001768                XMC_SCU_CLOCK_SetEbuClockDivider
 .text.XMC_SCU_CLOCK_SetWdtClockDivider
                0x08001794       0x2c lib_build/xmc4_scu.o
                0x08001794                XMC_SCU_CLOCK_SetWdtClockDivider
 .text.XMC_SCU_CLOCK_SetExternalOutputClockDivider
                0x080017c0       0x30 lib_build/xmc4_scu.o
                0x080017c0                XMC_SCU_CLOCK_SetExternalOutputClockDivider
 .text.XMC_SCU_CLOCK_EnableClock
                0x080017f0       0x20 lib_build/xmc4_scu.o
                0x080017f0                XMC_SCU_CLOCK_EnableClock
 .text.XMC_SCU_CLOCK_DisableClock
                0x08001810       0x20 lib_build/xmc4_scu.o
                0x08001810                XMC_SCU_CLOCK_DisableClock
 .text.XMC_SCU_CLOCK_IsClockEnabled
                0x08001830       0x2c lib_build/xmc4_scu.o
                0x08001830                XMC_SCU_CLOCK_IsClockEnabled
 .text.XMC_SCU_POWER_GetEVR13Voltage
                0x0800185c       0x30 lib_build/xmc4_scu.o
                0x0800185c                XMC_SCU_POWER_GetEVR13Voltage
 .text.XMC_SCU_POWER_GetEVR33Voltage
                0x0800188c       0x34 lib_build/xmc4_scu.o
                0x0800188c                XMC_SCU_POWER_GetEVR33Voltage
 .text.XMC_SCU_CLOCK_EnableUsbPll
                0x080018c0       0x24 lib_build/xmc4_scu.o
                0x080018c0                XMC_SCU_CLOCK_EnableUsbPll
 .text.XMC_SCU_CLOCK_DisableUsbPll
                0x080018e4       0x24 lib_build/xmc4_scu.o
                0x080018e4                XMC_SCU_CLOCK_DisableUsbPll
 .text.XMC_SCU_CLOCK_StartUsbPll
                0x08001908       0x78 lib_build/xmc4_scu.o
                0x08001908                XMC_SCU_CLOCK_StartUsbPll
 .text.XMC_SCU_CLOCK_StopUsbPll
                0x08001980       0x1c lib_build/xmc4_scu.o
                0x08001980                XMC_SCU_CLOCK_StopUsbPll
 .text.XMC_SCU_CLOCK_SetBackupClockCalibrationMode
                0x0800199c       0x4c lib_build/xmc4_scu.o
                0x0800199c                XMC_SCU_CLOCK_SetBackupClockCalibrationMode
 .text.XMC_SCU_POWER_EnableUsb
                0x080019e8       0x1c lib_build/xmc4_scu.o
                0x080019e8                XMC_SCU_POWER_EnableUsb
 .text.XMC_SCU_POWER_DisableUsb
                0x08001a04       0x1c lib_build/xmc4_scu.o
                0x08001a04                XMC_SCU_POWER_DisableUsb
 .text.XMC_SCU_CLOCK_IsUsbPllLocked
                0x08001a20       0x24 lib_build/xmc4_scu.o
                0x08001a20                XMC_SCU_CLOCK_IsUsbPllLocked
 .text.XMC_SCU_HIB_EnableHibernateDomain
                0x08001a44       0x58 lib_build/xmc4_scu.o
                0x08001a44                XMC_SCU_HIB_EnableHibernateDomain
 .text.XMC_SCU_HIB_DisableHibernateDomain
                0x08001a9c       0x24 lib_build/xmc4_scu.o
                0x08001a9c                XMC_SCU_HIB_DisableHibernateDomain
 .text.XMC_SCU_HIB_IsHibernateDomainEnabled
                0x08001ac0       0x3c lib_build/xmc4_scu.o
                0x08001ac0                XMC_SCU_HIB_IsHibernateDomainEnabled
 .text.XMC_SCU_HIB_EnableInternalSlowClock
                0x08001afc       0x34 lib_build/xmc4_scu.o
                0x08001afc                XMC_SCU_HIB_EnableInternalSlowClock
 .text.XMC_SCU_HIB_DisableInternalSlowClock
                0x08001b30       0x34 lib_build/xmc4_scu.o
                0x08001b30                XMC_SCU_HIB_DisableInternalSlowClock
 .text.XMC_SCU_HIB_ClearEventStatus
                0x08001b64       0x34 lib_build/xmc4_scu.o
                0x08001b64                XMC_SCU_HIB_ClearEventStatus
 .text.XMC_SCU_HIB_TriggerEvent
                0x08001b98       0x34 lib_build/xmc4_scu.o
                0x08001b98                XMC_SCU_HIB_TriggerEvent
 .text.XMC_SCU_HIB_EnableEvent
                0x08001bcc       0x38 lib_build/xmc4_scu.o
                0x08001bcc                XMC_SCU_HIB_EnableEvent
 .text.XMC_SCU_HIB_DisableEvent
                0x08001c04       0x3c lib_build/xmc4_scu.o
                0x08001c04                XMC_SCU_HIB_DisableEvent
 .text.XMC_SCU_HIB_EnterHibernateState
                0x08001c40       0x34 lib_build/xmc4_scu.o
                0x08001c40                XMC_SCU_HIB_EnterHibernateState
 .text.XMC_SCU_HIB_EnterHibernateStateEx
                0x08001c74       0x1c lib_build/xmc4_scu.o
                0x08001c74                XMC_SCU_HIB_EnterHibernateStateEx
 .text.XMC_SCU_HIB_SetWakeupTriggerInput
                0x08001c90       0x50 lib_build/xmc4_scu.o
                0x08001c90                XMC_SCU_HIB_SetWakeupTriggerInput
 .text.XMC_SCU_HIB_SetPinMode
                0x08001ce0       0x54 lib_build/xmc4_scu.o
                0x08001ce0                XMC_SCU_HIB_SetPinMode
 .text.XMC_SCU_HIB_SetPinOutputLevel
                0x08001d34       0x58 lib_build/xmc4_scu.o
                0x08001d34                XMC_SCU_HIB_SetPinOutputLevel
 .text.XMC_SCU_HIB_SetInput0
                0x08001d8c       0x50 lib_build/xmc4_scu.o
                0x08001d8c                XMC_SCU_HIB_SetInput0
 .text.XMC_SCU_HIB_SetSR0Input
                0x08001ddc       0x40 lib_build/xmc4_scu.o
                0x08001ddc                XMC_SCU_HIB_SetSR0Input
 .text.XMC_SCU_CLOCK_IsLowPowerOscillatorStable
                0x08001e1c       0x24 lib_build/xmc4_scu.o
                0x08001e1c                XMC_SCU_CLOCK_IsLowPowerOscillatorStable
 .text.XMC_SCU_CLOCK_EnableLowPowerOscillator
                0x08001e40       0x6c lib_build/xmc4_scu.o
                0x08001e40                XMC_SCU_CLOCK_EnableLowPowerOscillator
 .text.XMC_SCU_CLOCK_DisableLowPowerOscillator
                0x08001eac       0x34 lib_build/xmc4_scu.o
                0x08001eac                XMC_SCU_CLOCK_DisableLowPowerOscillator
 .text.XMC_SCU_CLOCK_EnableLowPowerOscillatorGeneralPurposeInput
                0x08001ee0       0x34 lib_build/xmc4_scu.o
                0x08001ee0                XMC_SCU_CLOCK_EnableLowPowerOscillatorGeneralPurposeInput
 .text.XMC_SCU_CLOCK_DisableLowPowerOscillatorGeneralPurposeInput
                0x08001f14       0x38 lib_build/xmc4_scu.o
                0x08001f14                XMC_SCU_CLOCK_DisableLowPowerOscillatorGeneralPurposeInput
 .text.XMC_SCU_CLOCK_GetLowPowerOscillatorGeneralPurposeInputStatus
                0x08001f4c       0x1c lib_build/xmc4_scu.o
                0x08001f4c                XMC_SCU_CLOCK_GetLowPowerOscillatorGeneralPurposeInputStatus
 .text.XMC_SCU_CLOCK_EnableHighPerformanceOscillator
                0x08001f68       0x50 lib_build/xmc4_scu.o
                0x08001f68                XMC_SCU_CLOCK_EnableHighPerformanceOscillator
 .text.XMC_SCU_CLOCK_IsHighPerformanceOscillatorStable
                0x08001fb8       0x28 lib_build/xmc4_scu.o
                0x08001fb8                XMC_SCU_CLOCK_IsHighPerformanceOscillatorStable
 .text.XMC_SCU_CLOCK_DisableHighPerformanceOscillator
                0x08001fe0       0x20 lib_build/xmc4_scu.o
                0x08001fe0                XMC_SCU_CLOCK_DisableHighPerformanceOscillator
 .text.XMC_SCU_CLOCK_EnableHighPerformanceOscillatorGeneralPurposeInput
                0x08002000       0x20 lib_build/xmc4_scu.o
                0x08002000                XMC_SCU_CLOCK_EnableHighPerformanceOscillatorGeneralPurposeInput
 .text.XMC_SCU_CLOCK_DisableHighPerformanceOscillatorGeneralPurposeInput
                0x08002020       0x20 lib_build/xmc4_scu.o
                0x08002020                XMC_SCU_CLOCK_DisableHighPerformanceOscillatorGeneralPurposeInput
 .text.XMC_SCU_CLOCK_GetHighPerformanceOscillatorGeneralPurposeInputStatus
                0x08002040       0x1c lib_build/xmc4_scu.o
                0x08002040                XMC_SCU_CLOCK_GetHighPerformanceOscillatorGeneralPurposeInputStatus
 .text.XMC_SCU_CLOCK_EnableSystemPll
                0x0800205c       0x24 lib_build/xmc4_scu.o
                0x0800205c                XMC_SCU_CLOCK_EnableSystemPll
 .text.XMC_SCU_CLOCK_DisableSystemPll
                0x08002080       0x24 lib_build/xmc4_scu.o
                0x08002080                XMC_SCU_CLOCK_DisableSystemPll
 .text.XMC_SCU_CLOCK_StartSystemPll
                0x080020a4      0x178 lib_build/xmc4_scu.o
                0x080020a4                XMC_SCU_CLOCK_StartSystemPll
 .text.XMC_SCU_CLOCK_StopSystemPll
                0x0800221c       0x20 lib_build/xmc4_scu.o
                0x0800221c                XMC_SCU_CLOCK_StopSystemPll
 .text.XMC_SCU_CLOCK_StepSystemPllFrequency
                0x0800223c       0x30 lib_build/xmc4_scu.o
                0x0800223c                XMC_SCU_CLOCK_StepSystemPllFrequency
 .text.XMC_SCU_CLOCK_IsSystemPllLocked
                0x0800226c       0x24 lib_build/xmc4_scu.o
                0x0800226c                XMC_SCU_CLOCK_IsSystemPllLocked
 .text.XMC_SCU_INTERRUPT_SetEventHandler
                0x08002290       0x58 lib_build/xmc4_scu.o
                0x08002290                XMC_SCU_INTERRUPT_SetEventHandler
 .text.XMC_SCU_IRQHandler
                0x080022e8       0x64 lib_build/xmc4_scu.o
                0x080022e8                XMC_SCU_IRQHandler
 .text          0x0800234c        0x0 lib_build/xmc_gpio.o
 .text.XMC_GPIO_SetMode
                0x0800234c       0x82 lib_build/xmc_gpio.o
                0x0800234c                XMC_GPIO_SetMode
 .text.XMC_GPIO_SetHardwareControl
                0x080023ce       0x46 lib_build/xmc_gpio.o
                0x080023ce                XMC_GPIO_SetHardwareControl
 .text          0x08002414        0x0 lib_build/HIDClassDevice.o
 .text.HID_Device_ProcessControlRequest
                0x08002414      0x3e8 lib_build/HIDClassDevice.o
                0x08002414                HID_Device_ProcessControlRequest
 .text.HID_Device_ConfigureEndpoints
                0x080027fc       0x50 lib_build/HIDClassDevice.o
                0x080027fc                HID_Device_ConfigureEndpoints
 .text.HID_Device_USBTask
                0x0800284c      0x1bc lib_build/HIDClassDevice.o
                0x0800284c                HID_Device_USBTask
 .text          0x08002a08        0x0 lib_build/memcpy.o
 .text.thumb2_memcpy
                0x08002a08       0x3e lib_build/memcpy.o
                0x08002a08                thumb2_memcpy
 .text          0x08002a46        0x0 lib_build/Endpoint_XMC4000.o
 *fill*         0x08002a46        0x2 
 .text.__NVIC_EnableIRQ
                0x08002a48       0x3c lib_build/Endpoint_XMC4000.o
 .text.__NVIC_DisableIRQ
                0x08002a84       0x48 lib_build/Endpoint_XMC4000.o
 .text.Endpoint_WaitUntilReady
                0x08002acc      0x124 lib_build/Endpoint_XMC4000.o
                0x08002acc                Endpoint_WaitUntilReady
 .text.Endpoint_ClearOUT
                0x08002bf0       0x98 lib_build/Endpoint_XMC4000.o
                0x08002bf0                Endpoint_ClearOUT
 .text.Endpoint_ClearIN
                0x08002c88       0xf0 lib_build/Endpoint_XMC4000.o
                0x08002c88                Endpoint_ClearIN
 .text.Endpoint_IsReadWriteAllowed
                0x08002d78       0x64 lib_build/Endpoint_XMC4000.o
                0x08002d78                Endpoint_IsReadWriteAllowed
 .text.Endpoint_Write_8
                0x08002ddc       0x6c lib_build/Endpoint_XMC4000.o
                0x08002ddc                Endpoint_Write_8
 .text.Endpoint_Read_8
                0x08002e48       0x70 lib_build/Endpoint_XMC4000.o
                0x08002e48                Endpoint_Read_8
 .text.Endpoint_Write_32_LE
                0x08002eb8       0x6c lib_build/Endpoint_XMC4000.o
                0x08002eb8                Endpoint_Write_32_LE
 .text.Endpoint_Read_32_LE
                0x08002f24       0x70 lib_build/Endpoint_XMC4000.o
                0x08002f24                Endpoint_Read_32_LE
 .text.Endpoint_ConfigureEndpointTable
                0x08002f94      0x150 lib_build/Endpoint_XMC4000.o
                0x08002f94                Endpoint_ConfigureEndpointTable
 .text          0x080030e4        0x0 lib_build/EndpointStream_XMC4000.o
 .text.Endpoint_Write_Stream_LE
                0x080030e4      0x114 lib_build/EndpointStream_XMC4000.o
                0x080030e4                Endpoint_Write_Stream_LE
 .text.SwapCopy
                0x080031f8       0x46 lib_build/EndpointStream_XMC4000.o
                0x080031f8                SwapCopy
 *fill*         0x0800323e        0x2 
 .text.Endpoint_Write_Stream_BE
                0x08003240       0xe8 lib_build/EndpointStream_XMC4000.o
                0x08003240                Endpoint_Write_Stream_BE
 .text.Endpoint_Read_Stream_LE
                0x08003328       0xf0 lib_build/EndpointStream_XMC4000.o
                0x08003328                Endpoint_Read_Stream_LE
 .text.Endpoint_Read_Stream_BE
                0x08003418       0xf0 lib_build/EndpointStream_XMC4000.o
                0x08003418                Endpoint_Read_Stream_BE
 .text.Endpoint_Write_Control_Stream_LE
                0x08003508       0x70 lib_build/EndpointStream_XMC4000.o
                0x08003508                Endpoint_Write_Control_Stream_LE
 .text.Endpoint_Write_Control_Stream_BE
                0x08003578       0x20 lib_build/EndpointStream_XMC4000.o
                0x08003578                Endpoint_Write_Control_Stream_BE
 .text.Endpoint_Read_Control_Stream_LE
                0x08003598       0x68 lib_build/EndpointStream_XMC4000.o
                0x08003598                Endpoint_Read_Control_Stream_LE
 .text.Endpoint_Read_Control_Stream_BE
                0x08003600       0x20 lib_build/EndpointStream_XMC4000.o
                0x08003600                Endpoint_Read_Control_Stream_BE
 .text.Endpoint_Null_Stream
                0x08003620       0xdc lib_build/EndpointStream_XMC4000.o
                0x08003620                Endpoint_Null_Stream
 .text          0x080036fc        0x0 lib_build/USBController_XMC4000.o
 .text.USBD_HandleEP0_Stall
                0x080036fc       0x2c lib_build/USBController_XMC4000.o
                0x080036fc                USBD_HandleEP0_Stall
 .text.USB_Device_ProcessControlRequest
                0x08003728      0x43c lib_build/USBController_XMC4000.o
                0x08003728                USB_Device_ProcessControlRequest
 .text.USBD_HandleEP0_IN
                0x08003b64       0x4c lib_build/USBController_XMC4000.o
                0x08003b64                USBD_HandleEP0_IN
 .text.USBD_HandleEP0_OUT
                0x08003bb0       0x54 lib_build/USBController_XMC4000.o
                0x08003bb0                USBD_HandleEP0_OUT
 .text.USBD_HandleEP0_SETUP
                0x08003c04       0x94 lib_build/USBController_XMC4000.o
                0x08003c04                USBD_HandleEP0_SETUP
 .text.USBD_SignalDeviceEventHandler
                0x08003c98      0x228 lib_build/USBController_XMC4000.o
                0x08003c98                USBD_SignalDeviceEventHandler
 .text.USBD_SignalEndpointEvent_Handler
                0x08003ec0      0x1a0 lib_build/USBController_XMC4000.o
                0x08003ec0                USBD_SignalEndpointEvent_Handler
 .text.USBD_Initialize
                0x08004060       0xcc lib_build/USBController_XMC4000.o
                0x08004060                USBD_Initialize
 .text.USB_IsEnumDone
                0x0800412c       0x20 lib_build/USBController_XMC4000.o
                0x0800412c                USB_IsEnumDone
 .text.USBD_SetEndpointBuffer
                0x0800414c       0x7c lib_build/USBController_XMC4000.o
                0x0800414c                USBD_SetEndpointBuffer
 .text          0x080041c8        0x0 lib_build/xmc_usbd.o
 .text.XMC_USBD_lDeviceActive
                0x080041c8       0x68 lib_build/xmc_usbd.o
                0x080041c8                XMC_USBD_lDeviceActive
 .text.XMC_USBD_lReadFifo
                0x08004230       0xe8 lib_build/xmc_usbd.o
 .text.XMC_USBD_lWriteFifo
                0x08004318       0xa4 lib_build/xmc_usbd.o
 .text.XMC_USBD_lFlushTXFifo
                0x080043bc       0x80 lib_build/xmc_usbd.o
 .text.XMC_USBD_lFlushRXFifo
                0x0800443c       0x6c lib_build/xmc_usbd.o
 .text.XMC_USBD_lAssignTXFifo
                0x080044a8       0x70 lib_build/xmc_usbd.o
 .text.XMC_USBD_lUnassignFifo
                0x08004518       0x38 lib_build/xmc_usbd.o
 .text.XMC_USBD_lStartReadXfer
                0x08004550      0x178 lib_build/xmc_usbd.o
 .text.XMC_USBD_lStartWriteXfer
                0x080046c8      0x198 lib_build/xmc_usbd.o
 .text.XMC_USBD_lHandleUSBReset
                0x08004860      0x150 lib_build/xmc_usbd.o
 .text.XMC_USBD_lHandleOTGInt
                0x080049b0       0x48 lib_build/xmc_usbd.o
 .text.XMC_USBD_lHandleEnumDone
                0x080049f8       0x78 lib_build/xmc_usbd.o
 .text.XMC_USBD_lHandleOEPInt
                0x08004a70      0x1b4 lib_build/xmc_usbd.o
 .text.XMC_USBD_lHandleIEPInt
                0x08004c24      0x1bc lib_build/xmc_usbd.o
 .text.XMC_USBD_lHandleRxFLvl
                0x08004de0       0x84 lib_build/xmc_usbd.o
 .text.XMC_USBD_IRQHandler
                0x08004e64      0x150 lib_build/xmc_usbd.o
                0x08004e64                XMC_USBD_IRQHandler
 .text.XMC_USBD_Enable
                0x08004fb4       0x18 lib_build/xmc_usbd.o
                0x08004fb4                XMC_USBD_Enable
 .text.XMC_USBD_Disable
                0x08004fcc       0x18 lib_build/xmc_usbd.o
                0x08004fcc                XMC_USBD_Disable
 .text.XMC_USBD_ClearEvent
                0x08004fe4       0xcc lib_build/xmc_usbd.o
                0x08004fe4                XMC_USBD_ClearEvent
 .text.XMC_USBD_lClearEventOTG
                0x080050b0       0x2c lib_build/xmc_usbd.o
 .text.XMC_USBD_ClearEventINEP
                0x080050dc       0x30 lib_build/xmc_usbd.o
                0x080050dc                XMC_USBD_ClearEventINEP
 .text.XMC_USBD_ClearEventOUTEP
                0x0800510c       0x30 lib_build/xmc_usbd.o
                0x0800510c                XMC_USBD_ClearEventOUTEP
 .text.XMC_USBD_EnableEventOUTEP
                0x0800513c       0x30 lib_build/xmc_usbd.o
                0x0800513c                XMC_USBD_EnableEventOUTEP
 .text.XMC_USBD_EnableEventINEP
                0x0800516c       0x30 lib_build/xmc_usbd.o
                0x0800516c                XMC_USBD_EnableEventINEP
 .text.XMC_USBD_GetCapabilities
                0x0800519c       0x68 lib_build/xmc_usbd.o
                0x0800519c                XMC_USBD_GetCapabilities
 .text.XMC_USBD_Init
                0x08005204      0x23c lib_build/xmc_usbd.o
                0x08005204                XMC_USBD_Init
 .text.XMC_USBD_Uninitialize
                0x08005440       0x3c lib_build/xmc_usbd.o
                0x08005440                XMC_USBD_Uninitialize
 .text.XMC_USBD_DeviceConnect
                0x0800547c       0x34 lib_build/xmc_usbd.o
                0x0800547c                XMC_USBD_DeviceConnect
 .text.XMC_USBD_DeviceDisconnect
                0x080054b0       0x34 lib_build/xmc_usbd.o
                0x080054b0                XMC_USBD_DeviceDisconnect
 .text.XMC_USBD_DeviceGetState
                0x080054e4       0x64 lib_build/xmc_usbd.o
                0x080054e4                XMC_USBD_DeviceGetState
 .text.XMC_USBD_EndpointReadStart
                0x08005548       0x88 lib_build/xmc_usbd.o
                0x08005548                XMC_USBD_EndpointReadStart
 .text.XMC_USBD_EndpointRead
                0x080055d0       0x78 lib_build/xmc_usbd.o
                0x080055d0                XMC_USBD_EndpointRead
 .text.XMC_USBD_EndpointWrite
                0x08005648       0xa4 lib_build/xmc_usbd.o
                0x08005648                XMC_USBD_EndpointWrite
 .text.XMC_USBD_DeviceSetAddress
                0x080056ec       0x4c lib_build/xmc_usbd.o
                0x080056ec                XMC_USBD_DeviceSetAddress
 .text.XMC_USBD_EndpointStall
                0x08005738      0x14c lib_build/xmc_usbd.o
                0x08005738                XMC_USBD_EndpointStall
 .text.XMC_USBD_EndpointAbort
                0x08005884       0x88 lib_build/xmc_usbd.o
                0x08005884                XMC_USBD_EndpointAbort
 .text.XMC_USBD_EndpointConfigure
                0x0800590c      0x2f8 lib_build/xmc_usbd.o
                0x0800590c                XMC_USBD_EndpointConfigure
 .text.XMC_USBD_EndpointUnconfigure
                0x08005c04      0x170 lib_build/xmc_usbd.o
                0x08005c04                XMC_USBD_EndpointUnconfigure
 .text.XMC_USBD_GetFrameNumber
                0x08005d74       0x2c lib_build/xmc_usbd.o
                0x08005d74                XMC_USBD_GetFrameNumber
 .text.XMC_USBD_IsEnumDone
                0x08005da0       0x38 lib_build/xmc_usbd.o
                0x08005da0                XMC_USBD_IsEnumDone
 .text          0x08005dd8        0x0 lib_build/ConfigDescriptors.o
 .text.USB_GetNextDescriptor
                0x08005dd8       0x4c lib_build/ConfigDescriptors.o
 .text.USB_GetNextDescriptorOfType
                0x08005e24       0x36 lib_build/ConfigDescriptors.o
                0x08005e24                USB_GetNextDescriptorOfType
 .text.USB_GetNextDescriptorOfTypeBefore
                0x08005e5a       0x52 lib_build/ConfigDescriptors.o
                0x08005e5a                USB_GetNextDescriptorOfTypeBefore
 .text.USB_GetNextDescriptorOfTypeAfter
                0x08005eac       0x3e lib_build/ConfigDescriptors.o
                0x08005eac                USB_GetNextDescriptorOfTypeAfter
 .text.USB_GetNextDescriptorComp
                0x08005eea       0x5e lib_build/ConfigDescriptors.o
                0x08005eea                USB_GetNextDescriptorComp
 .text          0x08005f48        0x0 lib_build/HostStandardReq.o
 .text          0x08005f48        0x0 lib_build/USBTask.o
 .text.USB_USBTask
                0x08005f48        0xc lib_build/USBTask.o
                0x08005f48                USB_USBTask
 .text.USB_DeviceTask
                0x08005f54       0x84 lib_build/USBTask.o
 .text          0x08005fd8        0x0 lib_build/Events.o
 .text.USB_Event_Stub
                0x08005fd8        0xe lib_build/Events.o
                0x08005fd8                EVENT_USB_Device_WakeUp
                0x08005fd8                USB_Event_Stub
                0x08005fd8                EVENT_USB_Device_Suspend
                0x08005fd8                EVENT_USB_Device_StartOfFrame
                0x08005fd8                EVENT_USB_Device_Disconnect
 .text          0x08005fe6        0x0 lib_build/startup_XMC4500.o
 .text          0x08005fe6        0x0 lib_build/system_XMC4500.o
 .text.delay    0x08005fe6       0x2c lib_build/system_XMC4500.o
 *fill*         0x08006012        0x2 
 .text.SystemInit
                0x08006014       0x24 lib_build/system_XMC4500.o
                0x08006014                SystemInit
 .text.SystemCoreSetup
                0x08006038       0x74 lib_build/system_XMC4500.o
                0x08006038                SystemCoreSetup
 .text.SystemCoreClockSetup
                0x080060ac      0x208 lib_build/system_XMC4500.o
 .text.SystemCoreClockUpdate
                0x080062b4       0xd4 lib_build/system_XMC4500.o
                0x080062b4                SystemCoreClockUpdate
 .text.OSCHP_GetFrequency
                0x08006388       0x14 lib_build/system_XMC4500.o
                0x08006388                OSCHP_GetFrequency
 .text          0x0800639c        0x0 lib_build/syscalls.o
 .text._sbrk    0x0800639c       0x68 lib_build/syscalls.o
                0x0800639c                _sbrk
 .text._init    0x08006404        0xe lib_build/syscalls.o
                0x08006404                _init
 .text          0x08006412        0x0 /usr/lib/gcc/arm-none-eabi/14.2.0/../../../../arm-none-eabi/lib/thumb/v7e-m/nofp/libg.a(libc_a-memcmp.o)
 *fill*         0x08006412        0x2 
 .text.memcmp   0x08006414       0x5c /usr/lib/gcc/arm-none-eabi/14.2.0/../../../../arm-none-eabi/lib/thumb/v7e-m/nofp/libg.a(libc_a-memcmp.o)
                0x08006414                memcmp
 .text          0x08006470        0x0 /usr/lib/gcc/arm-none-eabi/14.2.0/../../../../arm-none-eabi/lib/thumb/v7e-m/nofp/libg.a(libc_a-memset.o)
 .text.memset   0x08006470       0x9c /usr/lib/gcc/arm-none-eabi/14.2.0/../../../../arm-none-eabi/lib/thumb/v7e-m/nofp/libg.a(libc_a-memset.o)
                0x08006470                memset
 .text          0x0800650c        0x0 /usr/lib/gcc/arm-none-eabi/14.2.0/../../../../arm-none-eabi/lib/thumb/v7e-m/nofp/libg.a(libc_a-errno.o)
 .text.__errno  0x0800650c        0xc /usr/lib/gcc/arm-none-eabi/14.2.0/../../../../arm-none-eabi/lib/thumb/v7e-m/nofp/libg.a(libc_a-errno.o)
                0x0800650c                __errno
 .text          0x08006518        0x0 /usr/lib/gcc/arm-none-eabi/14.2.0/../../../../arm-none-eabi/lib/thumb/v7e-m/nofp/libg.a(libc_a-init.o)
 .text.__libc_init_array
                0x08006518       0x50 /usr/lib/gcc/arm-none-eabi/14.2.0/../../../../arm-none-eabi/lib/thumb/v7e-m/nofp/libg.a(libc_a-init.o)
                0x08006518                __libc_init_array
 .text          0x08006568      0x134 /usr/lib/gcc/arm-none-eabi/14.2.0/../../../../arm-none-eabi/lib/thumb/v7e-m/nofp/libg.a(libc_a-memcpy.o)
                0x08006568                memcpy
 .text          0x0800669c        0x0 /usr/lib/gcc/arm-none-eabi/14.2.0/../../../../arm-none-eabi/lib/thumb/v7e-m/nofp/libg.a(libc_a-impure.o)
 .text          0x0800669c        0x0 /usr/lib/gcc/arm-none-eabi/14.2.0/../../../../arm-none-eabi/lib/thumb/v7e-m/nofp/libg.a(libc_a-findfp.o)
 .text.stdio_exit_handler
                0x0800669c       0x18 /usr/lib/gcc/arm-none-eabi/14.2.0/../../../../arm-none-eabi/lib/thumb/v7e-m/nofp/libg.a(libc_a-findfp.o)
 .text.cleanup_stdio
                0x080066b4       0x40 /usr/lib/gcc/arm-none-eabi/14.2.0/../../../../arm-none-eabi/lib/thumb/v7e-m/nofp/libg.a(libc_a-findfp.o)
 .text.__fp_lock
                0x080066f4       0x1c /usr/lib/gcc/arm-none-eabi/14.2.0/../../../../arm-none-eabi/lib/thumb/v7e-m/nofp/libg.a(libc_a-findfp.o)
 .text.__fp_unlock
                0x08006710       0x1c /usr/lib/gcc/arm-none-eabi/14.2.0/../../../../arm-none-eabi/lib/thumb/v7e-m/nofp/libg.a(libc_a-findfp.o)
 .text.global_stdio_init.part.0
                0x0800672c       0xf0 /usr/lib/gcc/arm-none-eabi/14.2.0/../../../../arm-none-eabi/lib/thumb/v7e-m/nofp/libg.a(libc_a-findfp.o)
 .text.__sfp    0x0800681c       0xc0 /usr/lib/gcc/arm-none-eabi/14.2.0/../../../../arm-none-eabi/lib/thumb/v7e-m/nofp/libg.a(libc_a-findfp.o)
                0x0800681c                __sfp
 .text.__sinit  0x080068dc       0x3c /usr/lib/gcc/arm-none-eabi/14.2.0/../../../../arm-none-eabi/lib/thumb/v7e-m/nofp/libg.a(libc_a-findfp.o)
                0x080068dc                __sinit
 .text.__sfp_lock_acquire
                0x08006918        0xc /usr/lib/gcc/arm-none-eabi/14.2.0/../../../../arm-none-eabi/lib/thumb/v7e-m/nofp/libg.a(libc_a-findfp.o)
                0x08006918                __sfp_lock_acquire
 .text.__sfp_lock_release
                0x08006924        0xc /usr/lib/gcc/arm-none-eabi/14.2.0/../../../../arm-none-eabi/lib/thumb/v7e-m/nofp/libg.a(libc_a-findfp.o)
                0x08006924                __sfp_lock_release
 .text.__fp_lock_all
                0x08006930       0x24 /usr/lib/gcc/arm-none-eabi/14.2.0/../../../../arm-none-eabi/lib/thumb/v7e-m/nofp/libg.a(libc_a-findfp.o)
                0x08006930                __fp_lock_all
 .text.__fp_unlock_all
                0x08006954       0x24 /usr/lib/gcc/arm-none-eabi/14.2.0/../../../../arm-none-eabi/lib/thumb/v7e-m/nofp/libg.a(libc_a-findfp.o)
                0x08006954                __fp_unlock_all
 .text          0x08006978        0x0 /usr/lib/gcc/arm-none-eabi/14.2.0/../../../../arm-none-eabi/lib/thumb/v7e-m/nofp/libg.a(libc_a-fwalk.o)
 .text._fwalk_sglue
                0x08006978       0x44 /usr/lib/gcc/arm-none-eabi/14.2.0/../../../../arm-none-eabi/lib/thumb/v7e-m/nofp/libg.a(libc_a-fwalk.o)
                0x08006978                _fwalk_sglue
 .text          0x080069bc        0x0 /usr/lib/gcc/arm-none-eabi/14.2.0/../../../../arm-none-eabi/lib/thumb/v7e-m/nofp/libg.a(libc_a-stdio.o)
 .text.__sread  0x080069bc       0x24 /usr/lib/gcc/arm-none-eabi/14.2.0/../../../../arm-none-eabi/lib/thumb/v7e-m/nofp/libg.a(libc_a-stdio.o)
                0x080069bc                __sread
 .text.__seofread
                0x080069e0        0x4 /usr/lib/gcc/arm-none-eabi/14.2.0/../../../../arm-none-eabi/lib/thumb/v7e-m/nofp/libg.a(libc_a-stdio.o)
                0x080069e0                __seofread
 .text.__swrite
                0x080069e4       0x40 /usr/lib/gcc/arm-none-eabi/14.2.0/../../../../arm-none-eabi/lib/thumb/v7e-m/nofp/libg.a(libc_a-stdio.o)
                0x080069e4                __swrite
 .text.__sseek  0x08006a24       0x24 /usr/lib/gcc/arm-none-eabi/14.2.0/../../../../arm-none-eabi/lib/thumb/v7e-m/nofp/libg.a(libc_a-stdio.o)
                0x08006a24                __sseek
 .text.__sclose
                0x08006a48        0x8 /usr/lib/gcc/arm-none-eabi/14.2.0/../../../../arm-none-eabi/lib/thumb/v7e-m/nofp/libg.a(libc_a-stdio.o)
                0x08006a48                __sclose
 .text          0x08006a50        0x0 /usr/lib/gcc/arm-none-eabi/14.2.0/../../../../arm-none-eabi/lib/thumb/v7e-m/nofp/libg.a(libc_a-closer.o)
 .text._close_r
                0x08006a50       0x24 /usr/lib/gcc/arm-none-eabi/14.2.0/../../../../arm-none-eabi/lib/thumb/v7e-m/nofp/libg.a(libc_a-closer.o)
                0x08006a50                _close_r
 .text          0x08006a74        0x0 /usr/lib/gcc/arm-none-eabi/14.2.0/../../../../arm-none-eabi/lib/thumb/v7e-m/nofp/libg.a(libc_a-reent.o)
 .text._reclaim_reent
                0x08006a74       0x6c /usr/lib/gcc/arm-none-eabi/14.2.0/../../../../arm-none-eabi/lib/thumb/v7e-m/nofp/libg.a(libc_a-reent.o)
                0x08006a74                _reclaim_reent
 .text          0x08006ae0        0x0 /usr/lib/gcc/arm-none-eabi/14.2.0/../../../../arm-none-eabi/lib/thumb/v7e-m/nofp/libg.a(libc_a-lseekr.o)
 .text._lseek_r
                0x08006ae0       0x2c /usr/lib/gcc/arm-none-eabi/14.2.0/../../../../arm-none-eabi/lib/thumb/v7e-m/nofp/libg.a(libc_a-lseekr.o)
                0x08006ae0                _lseek_r
 .text          0x08006b0c        0x0 /usr/lib/gcc/arm-none-eabi/14.2.0/../../../../arm-none-eabi/lib/thumb/v7e-m/nofp/libg.a(libc_a-readr.o)
 .text._read_r  0x08006b0c       0x2c /usr/lib/gcc/arm-none-eabi/14.2.0/../../../../arm-none-eabi/lib/thumb/v7e-m/nofp/libg.a(libc_a-readr.o)
                0x08006b0c                _read_r
 .text          0x08006b38        0x0 /usr/lib/gcc/arm-none-eabi/14.2.0/../../../../arm-none-eabi/lib/thumb/v7e-m/nofp/libg.a(libc_a-writer.o)
 .text._write_r
                0x08006b38       0x2c /usr/lib/gcc/arm-none-eabi/14.2.0/../../../../arm-none-eabi/lib/thumb/v7e-m/nofp/libg.a(libc_a-writer.o)
                0x08006b38                _write_r
 .text          0x08006b64        0x0 /usr/lib/gcc/arm-none-eabi/14.2.0/../../../../arm-none-eabi/lib/thumb/v7e-m/nofp/libg.a(libc_a-lock.o)
 .text.__retarget_lock_init
                0x08006b64        0x4 /usr/lib/gcc/arm-none-eabi/14.2.0/../../../../arm-none-eabi/lib/thumb/v7e-m/nofp/libg.a(libc_a-lock.o)
                0x08006b64                __retarget_lock_init
 .text.__retarget_lock_init_recursive
                0x08006b68        0x4 /usr/lib/gcc/arm-none-eabi/14.2.0/../../../../arm-none-eabi/lib/thumb/v7e-m/nofp/libg.a(libc_a-lock.o)
                0x08006b68                __retarget_lock_init_recursive
 .text.__retarget_lock_close
                0x08006b6c        0x4 /usr/lib/gcc/arm-none-eabi/14.2.0/../../../../arm-none-eabi/lib/thumb/v7e-m/nofp/libg.a(libc_a-lock.o)
                0x08006b6c                __retarget_lock_close
 .text.__retarget_lock_close_recursive
                0x08006b70        0x4 /usr/lib/gcc/arm-none-eabi/14.2.0/../../../../arm-none-eabi/lib/thumb/v7e-m/nofp/libg.a(libc_a-lock.o)
                0x08006b70                __retarget_lock_close_recursive
 .text.__retarget_lock_acquire
                0x08006b74        0x4 /usr/lib/gcc/arm-none-eabi/14.2.0/../../../../arm-none-eabi/lib/thumb/v7e-m/nofp/libg.a(libc_a-lock.o)
                0x08006b74                __retarget_lock_acquire
 .text.__retarget_lock_acquire_recursive
                0x08006b78        0x4 /usr/lib/gcc/arm-none-eabi/14.2.0/../../../../arm-none-eabi/lib/thumb/v7e-m/nofp/libg.a(libc_a-lock.o)
                0x08006b78                __retarget_lock_acquire_recursive
 .text.__retarget_lock_try_acquire
                0x08006b7c        0x4 /usr/lib/gcc/arm-none-eabi/14.2.0/../../../../arm-none-eabi/lib/thumb/v7e-m/nofp/libg.a(libc_a-lock.o)
                0x08006b7c                __retarget_lock_try_acquire
 .text.__retarget_lock_try_acquire_recursive
                0x08006b80        0x4 /usr/lib/gcc/arm-none-eabi/14.2.0/../../../../arm-none-eabi/lib/thumb/v7e-m/nofp/libg.a(libc_a-lock.o)
                0x08006b80                __retarget_lock_try_acquire_recursive
 .text.__retarget_lock_release
                0x08006b84        0x4 /usr/lib/gcc/arm-none-eabi/14.2.0/../../../../arm-none-eabi/lib/thumb/v7e-m/nofp/libg.a(libc_a-lock.o)
                0x08006b84                __retarget_lock_release
 .text.__retarget_lock_release_recursive
                0x08006b88        0x4 /usr/lib/gcc/arm-none-eabi/14.2.0/../../../../arm-none-eabi/lib/thumb/v7e-m/nofp/libg.a(libc_a-lock.o)
                0x08006b88                __retarget_lock_release_recursive
 .text          0x08006b8c        0x0 /usr/lib/gcc/arm-none-eabi/14.2.0/../../../../arm-none-eabi/lib/thumb/v7e-m/nofp/libg.a(libc_a-freer.o)
 .text._malloc_trim_r
                0x08006b8c       0xb8 /usr/lib/gcc/arm-none-eabi/14.2.0/../../../../arm-none-eabi/lib/thumb/v7e-m/nofp/libg.a(libc_a-freer.o)
                0x08006b8c                _malloc_trim_r
 .text._free_r  0x08006c44      0x1f0 /usr/lib/gcc/arm-none-eabi/14.2.0/../../../../arm-none-eabi/lib/thumb/v7e-m/nofp/libg.a(libc_a-freer.o)
                0x08006c44                _free_r
 .text          0x08006e34        0x0 /usr/lib/gcc/arm-none-eabi/14.2.0/../../../../arm-none-eabi/lib/thumb/v7e-m/nofp/libg.a(libc_a-mallocr.o)
 .text._malloc_r
                0x08006e34      0x598 /usr/lib/gcc/arm-none-eabi/14.2.0/../../../../arm-none-eabi/lib/thumb/v7e-m/nofp/libg.a(libc_a-mallocr.o)
                0x08006e34                _malloc_r
 .text          0x080073cc        0x0 /usr/lib/gcc/arm-none-eabi/14.2.0/../../../../arm-none-eabi/lib/thumb/v7e-m/nofp/libg.a(libc_a-mlock.o)
 .text.__malloc_lock
                0x080073cc        0xc /usr/lib/gcc/arm-none-eabi/14.2.0/../../../../arm-none-eabi/lib/thumb/v7e-m/nofp/libg.a(libc_a-mlock.o)
                0x080073cc                __malloc_lock
 .text.__malloc_unlock
                0x080073d8        0xc /usr/lib/gcc/arm-none-eabi/14.2.0/../../../../arm-none-eabi/lib/thumb/v7e-m/nofp/libg.a(libc_a-mlock.o)
                0x080073d8                __malloc_unlock
 .text          0x080073e4        0x0 /usr/lib/gcc/arm-none-eabi/14.2.0/../../../../arm-none-eabi/lib/thumb/v7e-m/nofp/libg.a(libc_a-fclose.o)
 .text._fclose_r
                0x080073e4       0xc0 /usr/lib/gcc/arm-none-eabi/14.2.0/../../../../arm-none-eabi/lib/thumb/v7e-m/nofp/libg.a(libc_a-fclose.o)
                0x080073e4                _fclose_r
 .text.fclose   0x080074a4       0x10 /usr/lib/gcc/arm-none-eabi/14.2.0/../../../../arm-none-eabi/lib/thumb/v7e-m/nofp/libg.a(libc_a-fclose.o)
                0x080074a4                fclose
 .text          0x080074b4        0x0 /usr/lib/gcc/arm-none-eabi/14.2.0/../../../../arm-none-eabi/lib/thumb/v7e-m/nofp/libg.a(libc_a-fflush.o)
 .text.__sflush_r
                0x080074b4      0x124 /usr/lib/gcc/arm-none-eabi/14.2.0/../../../../arm-none-eabi/lib/thumb/v7e-m/nofp/libg.a(libc_a-fflush.o)
                0x080074b4                __sflush_r
 .text._fflush_r
                0x080075d8       0x54 /usr/lib/gcc/arm-none-eabi/14.2.0/../../../../arm-none-eabi/lib/thumb/v7e-m/nofp/libg.a(libc_a-fflush.o)
                0x080075d8                _fflush_r
 .text.fflush   0x0800762c       0x74 /usr/lib/gcc/arm-none-eabi/14.2.0/../../../../arm-none-eabi/lib/thumb/v7e-m/nofp/libg.a(libc_a-fflush.o)
                0x0800762c                fflush
 .text          0x080076a0        0x0 /usr/lib/gcc/arm-none-eabi/14.2.0/../../../../arm-none-eabi/lib/thumb/v7e-m/nofp/libg.a(libc_a-sbrkr.o)
 .text._sbrk_r  0x080076a0       0x24 /usr/lib/gcc/arm-none-eabi/14.2.0/../../../../arm-none-eabi/lib/thumb/v7e-m/nofp/libg.a(libc_a-sbrkr.o)
                0x080076a0                _sbrk_r
 .text          0x080076c4        0x0 /usr/lib/gcc/arm-none-eabi/14.2.0/../../../../arm-none-eabi/lib/thumb/v7e-m/nofp/libg.a(libc_a-sysconf.o)
 .text.sysconf  0x080076c4       0x1c /usr/lib/gcc/arm-none-eabi/14.2.0/../../../../arm-none-eabi/lib/thumb/v7e-m/nofp/libg.a(libc_a-sysconf.o)
                0x080076c4                sysconf
 .text          0x080076e0        0x0 /usr/lib/gcc/arm-none-eabi/14.2.0/../../../../arm-none-eabi/lib/thumb/v7e-m/nofp/libnosys.a(close.o)
 .text._close   0x080076e0       0x10 /usr/lib/gcc/arm-none-eabi/14.2.0/../../../../arm-none-eabi/lib/thumb/v7e-m/nofp/libnosys.a(close.o)
                0x080076e0                _close
 .text          0x080076f0        0x0 /usr/lib/gcc/arm-none-eabi/14.2.0/../../../../arm-none-eabi/lib/thumb/v7e-m/nofp/libnosys.a(lseek.o)
 .text._lseek   0x080076f0       0x10 /usr/lib/gcc/arm-none-eabi/14.2.0/../../../../arm-none-eabi/lib/thumb/v7e-m/nofp/libnosys.a(lseek.o)
                0x080076f0                _lseek
 .text          0x08007700        0x0 /usr/lib/gcc/arm-none-eabi/14.2.0/../../../../arm-none-eabi/lib/thumb/v7e-m/nofp/libnosys.a(read.o)
 .text._read    0x08007700       0x10 /usr/lib/gcc/arm-none-eabi/14.2.0/../../../../arm-none-eabi/lib/thumb/v7e-m/nofp/libnosys.a(read.o)
                0x08007700                _read
 .text          0x08007710        0x0 /usr/lib/gcc/arm-none-eabi/14.2.0/../../../../arm-none-eabi/lib/thumb/v7e-m/nofp/libnosys.a(write.o)
 .text._write   0x08007710       0x10 /usr/lib/gcc/arm-none-eabi/14.2.0/../../../../arm-none-eabi/lib/thumb/v7e-m/nofp/libnosys.a(write.o)
                0x08007710                _write
 *(.init)
 *(.fini)
 *crtbegin.o(.ctors)
 *crtbegin?.o(.ctors)
 *(EXCLUDE_FILE(*crtend.o *crtend?.o) .ctors)
 *(SORT_BY_NAME(.ctors.*))
 *(.ctors)
 *crtbegin.o(.dtors)
 *crtbegin?.o(.dtors)
 *(EXCLUDE_FILE(*crtend.o *crtend?.o) .dtors)
 *(SORT_BY_NAME(.dtors.*))
 *(.dtors)
 *(.rodata .rodata.*)
 .rodata        0x08007720       0x14 build/main.o
                0x08007720                clock_config
 .rodata        0x08007734      0x11e build/Descriptors.o
                0x08007734                KeyboardReport
                0x08007774                DeviceDescriptor
                0x08007788                ConfigurationDescriptor
                0x080077ac                LanguageString
                0x080077b4                ManufacturerString
                0x08007808                ProductString
 *fill*         0x08007852        0x2 
 .rodata        0x08007854       0x40 lib_build/xmc_usbd.o
                0x08007854                Driver_USBD0
 *(.gnu.linkonce.r*)
 *(vtable)
                0x08007894                        . = ALIGN (0x4)

.glue_7         0x08007894        0x0 load address 0x0c007894
 .glue_7        0x08007894        0x0 linker stubs

.glue_7t        0x08007894        0x0 load address 0x0c007894
 .glue_7t       0x08007894        0x0 linker stubs

.vfp11_veneer   0x08007894        0x0 load address 0x0c007894
 .vfp11_veneer  0x08007894        0x0 linker stubs

.v4_bx          0x08007894        0x0 load address 0x0c007894
 .v4_bx         0x08007894        0x0 linker stubs

.iplt           0x08007894        0x0 load address 0x0c007894
 .iplt          0x08007894        0x0 build/main.o

.eh_frame_hdr
 *(.eh_frame_hdr)

.eh_frame
 *(.eh_frame)

.ARM.extab      0x08007894        0x0 load address 0x0c007894
 *(.ARM.extab* .gnu.linkonce.armextab.*)
 .ARM.extab     0x08007894        0x0 /usr/lib/gcc/arm-none-eabi/14.2.0/../../../../arm-none-eabi/lib/thumb/v7e-m/nofp/libg.a(libc_a-memcpy.o)
                0x08007894                        . = ALIGN (0x4)
                0x08007894                        __exidx_start = .

.ARM.exidx      0x08007894        0x8 load address 0x0c007894
 *(.ARM.exidx* .gnu.linkonce.armexidx.*)
 .ARM.exidx     0x08007894        0x8 /usr/lib/gcc/arm-none-eabi/14.2.0/../../../../arm-none-eabi/lib/thumb/v7e-m/nofp/libg.a(libc_a-memcpy.o)
                0x0800789c                        __exidx_end = .

.rel.dyn        0x0800789c        0x0 load address 0x0c00789c
 .rel.iplt      0x0800789c        0x0 build/main.o
                0x0800789c                        . = ALIGN (0x4)

Stack           0x10000000      0x800
                0x10000000                        __stack_start = .
                0x10000800                        . = (. + stack_size)
 *fill*         0x10000000      0x800 
                0x10000800                        __stack_end = .
                0x10000800                        __initial_sp = .

.ram_code       0x10000800        0x0 load address 0x0c00789c
                0x10000800                        . = ALIGN (0x4)
                0x10000800                        __ram_code_start = .
 *(.ram_code)
                0x10000800                        . = ALIGN (0x4)
                0x10000800                        __ram_code_end = .
                0x0c00789c                        __ram_code_load = LOADADDR (.ram_code)
                0x00000000                        __ram_code_size = (__ram_code_end - __ram_code_start)

PSRAM_DATA      0x10000800        0x0 load address 0x0c00789c
                0x10000800                        . = ALIGN (0x4)
                0x10000800                        __data3_start = .
 *(PSRAM_DATA)
                0x10000800                        . = ALIGN (0x4)
                0x10000800                        __data3_end = .
                0x0c00789c                        __data3_load = LOADADDR (PSRAM_DATA)
                0x00000000                        __data3_size = (__data3_end - __data3_start)

PSRAM_BSS       0x10000800        0x0 load address 0x0c00789c
                0x10000800                        . = ALIGN (0x4)
                0x10000800                        __bss3_start = .
 *(PSRAM_BSS)
                0x10000800                        . = ALIGN (0x4)
                0x10000800                        __bss3_end = .
                0x10000800                        . = ALIGN (0x8)
                0x10000800                        Heap_Bank3_Start = .
                0x00000000                        __bss3_size = (__bss3_end - __bss3_start)

.data           0x20000000      0x610 load address 0x0c00789c
                0x20000000                        . = ALIGN (0x4)
                0x20000000                        __data_start = .
 *(.data)
 .data          0x20000000       0x80 build/main.o
                0x20000000                msg
                0x2000005c                string2send
                0x2000007a                global_string_len
                0x2000007c                string2sendlen
 .data          0x20000080       0x28 build/KeyboardHID.o
                0x20000080                Keyboard_HID_Interface
                0x20000098                USB_runtime
 .data          0x200000a8        0x0 build/Descriptors.o
 .data          0x200000a8        0x0 lib_build/xmc4_scu.o
 .data          0x200000a8        0x0 lib_build/xmc_gpio.o
 .data          0x200000a8        0x0 lib_build/HIDClassDevice.o
 .data          0x200000a8        0x0 lib_build/memcpy.o
 .data          0x200000a8        0x0 lib_build/Endpoint_XMC4000.o
 .data          0x200000a8        0x0 lib_build/EndpointStream_XMC4000.o
 .data          0x200000a8        0x0 lib_build/USBController_XMC4000.o
 .data          0x200000a8        0x0 lib_build/xmc_usbd.o
 .data          0x200000a8        0x0 lib_build/ConfigDescriptors.o
 .data          0x200000a8        0x0 lib_build/HostStandardReq.o
 .data          0x200000a8        0x0 lib_build/USBTask.o
 .data          0x200000a8        0x0 lib_build/Events.o
 .data          0x200000a8        0x0 lib_build/startup_XMC4500.o
 .data          0x200000a8        0x0 lib_build/system_XMC4500.o
 .data          0x200000a8        0x0 lib_build/syscalls.o
 .data          0x200000a8        0x0 /usr/lib/gcc/arm-none-eabi/14.2.0/../../../../arm-none-eabi/lib/thumb/v7e-m/nofp/libg.a(libc_a-memcmp.o)
 .data          0x200000a8        0x0 /usr/lib/gcc/arm-none-eabi/14.2.0/../../../../arm-none-eabi/lib/thumb/v7e-m/nofp/libg.a(libc_a-memset.o)
 .data          0x200000a8        0x0 /usr/lib/gcc/arm-none-eabi/14.2.0/../../../../arm-none-eabi/lib/thumb/v7e-m/nofp/libg.a(libc_a-errno.o)
 .data          0x200000a8        0x0 /usr/lib/gcc/arm-none-eabi/14.2.0/../../../../arm-none-eabi/lib/thumb/v7e-m/nofp/libg.a(libc_a-init.o)
 .data          0x200000a8        0x0 /usr/lib/gcc/arm-none-eabi/14.2.0/../../../../arm-none-eabi/lib/thumb/v7e-m/nofp/libg.a(libc_a-memcpy.o)
 .data          0x200000a8        0x0 /usr/lib/gcc/arm-none-eabi/14.2.0/../../../../arm-none-eabi/lib/thumb/v7e-m/nofp/libg.a(libc_a-impure.o)
 .data          0x200000a8        0x0 /usr/lib/gcc/arm-none-eabi/14.2.0/../../../../arm-none-eabi/lib/thumb/v7e-m/nofp/libg.a(libc_a-findfp.o)
 .data          0x200000a8        0x0 /usr/lib/gcc/arm-none-eabi/14.2.0/../../../../arm-none-eabi/lib/thumb/v7e-m/nofp/libg.a(libc_a-fwalk.o)
 .data          0x200000a8        0x0 /usr/lib/gcc/arm-none-eabi/14.2.0/../../../../arm-none-eabi/lib/thumb/v7e-m/nofp/libg.a(libc_a-stdio.o)
 .data          0x200000a8        0x0 /usr/lib/gcc/arm-none-eabi/14.2.0/../../../../arm-none-eabi/lib/thumb/v7e-m/nofp/libg.a(libc_a-closer.o)
 .data          0x200000a8        0x0 /usr/lib/gcc/arm-none-eabi/14.2.0/../../../../arm-none-eabi/lib/thumb/v7e-m/nofp/libg.a(libc_a-reent.o)
 .data          0x200000a8        0x0 /usr/lib/gcc/arm-none-eabi/14.2.0/../../../../arm-none-eabi/lib/thumb/v7e-m/nofp/libg.a(libc_a-lseekr.o)
 .data          0x200000a8        0x0 /usr/lib/gcc/arm-none-eabi/14.2.0/../../../../arm-none-eabi/lib/thumb/v7e-m/nofp/libg.a(libc_a-readr.o)
 .data          0x200000a8        0x0 /usr/lib/gcc/arm-none-eabi/14.2.0/../../../../arm-none-eabi/lib/thumb/v7e-m/nofp/libg.a(libc_a-writer.o)
 .data          0x200000a8        0x0 /usr/lib/gcc/arm-none-eabi/14.2.0/../../../../arm-none-eabi/lib/thumb/v7e-m/nofp/libg.a(libc_a-lock.o)
 .data          0x200000a8        0x0 /usr/lib/gcc/arm-none-eabi/14.2.0/../../../../arm-none-eabi/lib/thumb/v7e-m/nofp/libg.a(libc_a-freer.o)
 .data          0x200000a8        0x0 /usr/lib/gcc/arm-none-eabi/14.2.0/../../../../arm-none-eabi/lib/thumb/v7e-m/nofp/libg.a(libc_a-mallocr.o)
 .data          0x200000a8        0x0 /usr/lib/gcc/arm-none-eabi/14.2.0/../../../../arm-none-eabi/lib/thumb/v7e-m/nofp/libg.a(libc_a-mlock.o)
 .data          0x200000a8        0x0 /usr/lib/gcc/arm-none-eabi/14.2.0/../../../../arm-none-eabi/lib/thumb/v7e-m/nofp/libg.a(libc_a-fclose.o)
 .data          0x200000a8        0x0 /usr/lib/gcc/arm-none-eabi/14.2.0/../../../../arm-none-eabi/lib/thumb/v7e-m/nofp/libg.a(libc_a-fflush.o)
 .data          0x200000a8        0x0 /usr/lib/gcc/arm-none-eabi/14.2.0/../../../../arm-none-eabi/lib/thumb/v7e-m/nofp/libg.a(libc_a-sbrkr.o)
 .data          0x200000a8        0x0 /usr/lib/gcc/arm-none-eabi/14.2.0/../../../../arm-none-eabi/lib/thumb/v7e-m/nofp/libg.a(libc_a-sysconf.o)
 .data          0x200000a8        0x0 /usr/lib/gcc/arm-none-eabi/14.2.0/../../../../arm-none-eabi/lib/thumb/v7e-m/nofp/libnosys.a(close.o)
 .data          0x200000a8        0x0 /usr/lib/gcc/arm-none-eabi/14.2.0/../../../../arm-none-eabi/lib/thumb/v7e-m/nofp/libnosys.a(lseek.o)
 .data          0x200000a8        0x0 /usr/lib/gcc/arm-none-eabi/14.2.0/../../../../arm-none-eabi/lib/thumb/v7e-m/nofp/libnosys.a(read.o)
 .data          0x200000a8        0x0 /usr/lib/gcc/arm-none-eabi/14.2.0/../../../../arm-none-eabi/lib/thumb/v7e-m/nofp/libnosys.a(write.o)
 *(.data*)
 .data._impure_ptr
                0x200000a8        0x4 /usr/lib/gcc/arm-none-eabi/14.2.0/../../../../arm-none-eabi/lib/thumb/v7e-m/nofp/libg.a(libc_a-impure.o)
                0x200000a8                _impure_ptr
 *fill*         0x200000ac        0x4 
 .data._impure_data
                0x200000b0      0x140 /usr/lib/gcc/arm-none-eabi/14.2.0/../../../../arm-none-eabi/lib/thumb/v7e-m/nofp/libg.a(libc_a-impure.o)
                0x200000b0                _impure_data
 .data.__sglue  0x200001f0        0xc /usr/lib/gcc/arm-none-eabi/14.2.0/../../../../arm-none-eabi/lib/thumb/v7e-m/nofp/libg.a(libc_a-findfp.o)
                0x200001f0                __sglue
 .data.__malloc_sbrk_base
                0x200001fc        0x4 /usr/lib/gcc/arm-none-eabi/14.2.0/../../../../arm-none-eabi/lib/thumb/v7e-m/nofp/libg.a(libc_a-mallocr.o)
                0x200001fc                __malloc_sbrk_base
 .data.__malloc_trim_threshold
                0x20000200        0x4 /usr/lib/gcc/arm-none-eabi/14.2.0/../../../../arm-none-eabi/lib/thumb/v7e-m/nofp/libg.a(libc_a-mallocr.o)
                0x20000200                __malloc_trim_threshold
 *fill*         0x20000204        0x4 
 .data.__malloc_av_
                0x20000208      0x408 /usr/lib/gcc/arm-none-eabi/14.2.0/../../../../arm-none-eabi/lib/thumb/v7e-m/nofp/libg.a(libc_a-mallocr.o)
                0x20000208                __malloc_av_
 *(*.data)
 *(.gnu.linkonce.d*)
                0x20000610                        . = ALIGN (0x4)
                0x20000610                        PROVIDE (__preinit_array_start = .)
 *(.preinit_array)
                0x20000610                        PROVIDE (__preinit_array_end = .)
                0x20000610                        . = ALIGN (0x4)
                0x20000610                        PROVIDE (__init_array_start = .)
 *(SORT_BY_NAME(.init_array.*))
 *(.init_array)
                0x20000610                        PROVIDE (__init_array_end = .)
                0x20000610                        . = ALIGN (0x4)
                [!provide]                        PROVIDE (__fini_array_start = .)
 *(SORT_BY_NAME(.fini_array.*))
 *(.fini_array)
                [!provide]                        PROVIDE (__fini_array_end = .)
                0x20000610                        . = ALIGN (0x4)
                0x20000610                        __data_end = .
                0x0c00789c                        __data_load = LOADADDR (.data)
                0x00000610                        __data_size = (__data_end - __data_start)

.igot.plt       0x20000610        0x0 load address 0x0c007eac
 .igot.plt      0x20000610        0x0 build/main.o

.bss            0x20000610      0x860 load address 0x0c007eac
                0x20000610                        . = ALIGN (0x4)
                0x20000610                        __bss_start = .
 *(.bss)
 .bss           0x20000610       0x9a build/main.o
                0x20000610                i
                0x20000614                maxtime
                0x20000618                solution_array
                0x2000067c                global_string_to_send
                0x20000680                global_index
                0x20000684                led_toggle_distance
                0x2000068c                public_distance
                0x20000690                msTicks
                0x20000694                string_index
                0x20000698                current_pos
                0x2000069c                shiftindex
                0x200006a0                waiting_for_response
 *fill*         0x200006aa        0x2 
 .bss           0x200006ac       0x10 build/KeyboardHID.o
                0x200006b4                buffer
 .bss           0x200006bc        0x0 build/Descriptors.o
 .bss           0x200006bc       0x80 lib_build/xmc4_scu.o
                0x200006bc                event_handler_list
 .bss           0x2000073c        0x0 lib_build/xmc_gpio.o
 .bss           0x2000073c        0x0 lib_build/HIDClassDevice.o
 .bss           0x2000073c        0x0 lib_build/memcpy.o
 .bss           0x2000073c        0x0 lib_build/Endpoint_XMC4000.o
 .bss           0x2000073c        0x1 lib_build/EndpointStream_XMC4000.o
                0x2000073c                zlp_flag
 *fill*         0x2000073d        0x3 
 .bss           0x20000740      0x340 lib_build/USBController_XMC4000.o
                0x20000740                device
                0x20000880                endpoint0_in_buffer
                0x20000980                endpoint0_out_buffer
 .bss           0x20000a80      0x244 lib_build/xmc_usbd.o
                0x20000a80                XMC_USBD_EP_OUT_BUFFERSIZE
                0x20000a9c                XMC_USBD_EP_IN_BUFFERSIZE
                0x20000ab8                xmc_device
                0x20000cc0                usbd_init
 .bss           0x20000cc4        0x0 lib_build/ConfigDescriptors.o
 .bss           0x20000cc4        0x0 lib_build/HostStandardReq.o
 .bss           0x20000cc4        0xd lib_build/USBTask.o
                0x20000cc4                USB_IsInitialized
                0x20000cc8                USB_ControlRequest
                0x20000cd0                USB_DeviceState
 .bss           0x20000cd1        0x0 lib_build/Events.o
 .bss           0x20000cd1        0x0 lib_build/startup_XMC4500.o
 .bss           0x20000cd1        0x0 lib_build/system_XMC4500.o
 *fill*         0x20000cd1        0x3 
 .bss           0x20000cd4        0x8 lib_build/syscalls.o
                0x20000cd4                __dso_handle
 .bss           0x20000cdc        0x0 /usr/lib/gcc/arm-none-eabi/14.2.0/../../../../arm-none-eabi/lib/thumb/v7e-m/nofp/libg.a(libc_a-memcmp.o)
 .bss           0x20000cdc        0x0 /usr/lib/gcc/arm-none-eabi/14.2.0/../../../../arm-none-eabi/lib/thumb/v7e-m/nofp/libg.a(libc_a-memset.o)
 .bss           0x20000cdc        0x0 /usr/lib/gcc/arm-none-eabi/14.2.0/../../../../arm-none-eabi/lib/thumb/v7e-m/nofp/libg.a(libc_a-errno.o)
 .bss           0x20000cdc        0x0 /usr/lib/gcc/arm-none-eabi/14.2.0/../../../../arm-none-eabi/lib/thumb/v7e-m/nofp/libg.a(libc_a-init.o)
 .bss           0x20000cdc        0x0 /usr/lib/gcc/arm-none-eabi/14.2.0/../../../../arm-none-eabi/lib/thumb/v7e-m/nofp/libg.a(libc_a-memcpy.o)
 .bss           0x20000cdc        0x0 /usr/lib/gcc/arm-none-eabi/14.2.0/../../../../arm-none-eabi/lib/thumb/v7e-m/nofp/libg.a(libc_a-impure.o)
 .bss           0x20000cdc        0x0 /usr/lib/gcc/arm-none-eabi/14.2.0/../../../../arm-none-eabi/lib/thumb/v7e-m/nofp/libg.a(libc_a-findfp.o)
 .bss           0x20000cdc        0x0 /usr/lib/gcc/arm-none-eabi/14.2.0/../../../../arm-none-eabi/lib/thumb/v7e-m/nofp/libg.a(libc_a-fwalk.o)
 .bss           0x20000cdc        0x0 /usr/lib/gcc/arm-none-eabi/14.2.0/../../../../arm-none-eabi/lib/thumb/v7e-m/nofp/libg.a(libc_a-stdio.o)
 .bss           0x20000cdc        0x0 /usr/lib/gcc/arm-none-eabi/14.2.0/../../../../arm-none-eabi/lib/thumb/v7e-m/nofp/libg.a(libc_a-closer.o)
 .bss           0x20000cdc        0x0 /usr/lib/gcc/arm-none-eabi/14.2.0/../../../../arm-none-eabi/lib/thumb/v7e-m/nofp/libg.a(libc_a-reent.o)
 .bss           0x20000cdc        0x0 /usr/lib/gcc/arm-none-eabi/14.2.0/../../../../arm-none-eabi/lib/thumb/v7e-m/nofp/libg.a(libc_a-lseekr.o)
 .bss           0x20000cdc        0x0 /usr/lib/gcc/arm-none-eabi/14.2.0/../../../../arm-none-eabi/lib/thumb/v7e-m/nofp/libg.a(libc_a-readr.o)
 .bss           0x20000cdc        0x0 /usr/lib/gcc/arm-none-eabi/14.2.0/../../../../arm-none-eabi/lib/thumb/v7e-m/nofp/libg.a(libc_a-writer.o)
 .bss           0x20000cdc        0x0 /usr/lib/gcc/arm-none-eabi/14.2.0/../../../../arm-none-eabi/lib/thumb/v7e-m/nofp/libg.a(libc_a-lock.o)
 .bss           0x20000cdc        0x0 /usr/lib/gcc/arm-none-eabi/14.2.0/../../../../arm-none-eabi/lib/thumb/v7e-m/nofp/libg.a(libc_a-freer.o)
 .bss           0x20000cdc        0x0 /usr/lib/gcc/arm-none-eabi/14.2.0/../../../../arm-none-eabi/lib/thumb/v7e-m/nofp/libg.a(libc_a-mallocr.o)
 .bss           0x20000cdc        0x0 /usr/lib/gcc/arm-none-eabi/14.2.0/../../../../arm-none-eabi/lib/thumb/v7e-m/nofp/libg.a(libc_a-mlock.o)
 .bss           0x20000cdc        0x0 /usr/lib/gcc/arm-none-eabi/14.2.0/../../../../arm-none-eabi/lib/thumb/v7e-m/nofp/libg.a(libc_a-fclose.o)
 .bss           0x20000cdc        0x0 /usr/lib/gcc/arm-none-eabi/14.2.0/../../../../arm-none-eabi/lib/thumb/v7e-m/nofp/libg.a(libc_a-fflush.o)
 .bss           0x20000cdc        0x0 /usr/lib/gcc/arm-none-eabi/14.2.0/../../../../arm-none-eabi/lib/thumb/v7e-m/nofp/libg.a(libc_a-sbrkr.o)
 .bss           0x20000cdc        0x0 /usr/lib/gcc/arm-none-eabi/14.2.0/../../../../arm-none-eabi/lib/thumb/v7e-m/nofp/libg.a(libc_a-sysconf.o)
 .bss           0x20000cdc        0x0 /usr/lib/gcc/arm-none-eabi/14.2.0/../../../../arm-none-eabi/lib/thumb/v7e-m/nofp/libnosys.a(close.o)
 .bss           0x20000cdc        0x0 /usr/lib/gcc/arm-none-eabi/14.2.0/../../../../arm-none-eabi/lib/thumb/v7e-m/nofp/libnosys.a(lseek.o)
 .bss           0x20000cdc        0x0 /usr/lib/gcc/arm-none-eabi/14.2.0/../../../../arm-none-eabi/lib/thumb/v7e-m/nofp/libnosys.a(read.o)
 .bss           0x20000cdc        0x0 /usr/lib/gcc/arm-none-eabi/14.2.0/../../../../arm-none-eabi/lib/thumb/v7e-m/nofp/libnosys.a(write.o)
 *(.bss*)
 .bss.__sf      0x20000cdc      0x138 /usr/lib/gcc/arm-none-eabi/14.2.0/../../../../arm-none-eabi/lib/thumb/v7e-m/nofp/libg.a(libc_a-findfp.o)
                0x20000cdc                __sf
 .bss.__stdio_exit_handler
                0x20000e14        0x4 /usr/lib/gcc/arm-none-eabi/14.2.0/../../../../arm-none-eabi/lib/thumb/v7e-m/nofp/libg.a(libc_a-findfp.o)
                0x20000e14                __stdio_exit_handler
 .bss.errno     0x20000e18        0x4 /usr/lib/gcc/arm-none-eabi/14.2.0/../../../../arm-none-eabi/lib/thumb/v7e-m/nofp/libg.a(libc_a-reent.o)
                0x20000e18                errno
 .bss.__lock___arc4random_mutex
                0x20000e1c        0x1 /usr/lib/gcc/arm-none-eabi/14.2.0/../../../../arm-none-eabi/lib/thumb/v7e-m/nofp/libg.a(libc_a-lock.o)
                0x20000e1c                __lock___arc4random_mutex
 *fill*         0x20000e1d        0x3 
 .bss.__lock___dd_hash_mutex
                0x20000e20        0x1 /usr/lib/gcc/arm-none-eabi/14.2.0/../../../../arm-none-eabi/lib/thumb/v7e-m/nofp/libg.a(libc_a-lock.o)
                0x20000e20                __lock___dd_hash_mutex
 *fill*         0x20000e21        0x3 
 .bss.__lock___tz_mutex
                0x20000e24        0x1 /usr/lib/gcc/arm-none-eabi/14.2.0/../../../../arm-none-eabi/lib/thumb/v7e-m/nofp/libg.a(libc_a-lock.o)
                0x20000e24                __lock___tz_mutex
 *fill*         0x20000e25        0x3 
 .bss.__lock___env_recursive_mutex
                0x20000e28        0x1 /usr/lib/gcc/arm-none-eabi/14.2.0/../../../../arm-none-eabi/lib/thumb/v7e-m/nofp/libg.a(libc_a-lock.o)
                0x20000e28                __lock___env_recursive_mutex
 *fill*         0x20000e29        0x3 
 .bss.__lock___malloc_recursive_mutex
                0x20000e2c        0x1 /usr/lib/gcc/arm-none-eabi/14.2.0/../../../../arm-none-eabi/lib/thumb/v7e-m/nofp/libg.a(libc_a-lock.o)
                0x20000e2c                __lock___malloc_recursive_mutex
 *fill*         0x20000e2d        0x3 
 .bss.__lock___at_quick_exit_mutex
                0x20000e30        0x1 /usr/lib/gcc/arm-none-eabi/14.2.0/../../../../arm-none-eabi/lib/thumb/v7e-m/nofp/libg.a(libc_a-lock.o)
                0x20000e30                __lock___at_quick_exit_mutex
 *fill*         0x20000e31        0x3 
 .bss.__lock___atexit_recursive_mutex
                0x20000e34        0x1 /usr/lib/gcc/arm-none-eabi/14.2.0/../../../../arm-none-eabi/lib/thumb/v7e-m/nofp/libg.a(libc_a-lock.o)
                0x20000e34                __lock___atexit_recursive_mutex
 *fill*         0x20000e35        0x3 
 .bss.__lock___sfp_recursive_mutex
                0x20000e38        0x1 /usr/lib/gcc/arm-none-eabi/14.2.0/../../../../arm-none-eabi/lib/thumb/v7e-m/nofp/libg.a(libc_a-lock.o)
                0x20000e38                __lock___sfp_recursive_mutex
 *fill*         0x20000e39        0x3 
 .bss.__malloc_current_mallinfo
                0x20000e3c       0x28 /usr/lib/gcc/arm-none-eabi/14.2.0/../../../../arm-none-eabi/lib/thumb/v7e-m/nofp/libg.a(libc_a-mallocr.o)
                0x20000e3c                __malloc_current_mallinfo
 .bss.__malloc_max_total_mem
                0x20000e64        0x4 /usr/lib/gcc/arm-none-eabi/14.2.0/../../../../arm-none-eabi/lib/thumb/v7e-m/nofp/libg.a(libc_a-mallocr.o)
                0x20000e64                __malloc_max_total_mem
 .bss.__malloc_max_sbrked_mem
                0x20000e68        0x4 /usr/lib/gcc/arm-none-eabi/14.2.0/../../../../arm-none-eabi/lib/thumb/v7e-m/nofp/libg.a(libc_a-mallocr.o)
                0x20000e68                __malloc_max_sbrked_mem
 .bss.__malloc_top_pad
                0x20000e6c        0x4 /usr/lib/gcc/arm-none-eabi/14.2.0/../../../../arm-none-eabi/lib/thumb/v7e-m/nofp/libg.a(libc_a-mallocr.o)
                0x20000e6c                __malloc_top_pad
 *(COMMON)
 *(.gnu.linkonce.b*)
                0x20000e70                        . = ALIGN (0x4)
                0x20000e70                        __bss_end = .
                0x20000e70                        . = ALIGN (0x8)
                0x20000e70                        Heap_Bank1_Start = .
                0x00000860                        __bss_size = (__bss_end - __bss_start)

.no_init        0x2000ffc0       0x14
                0x2000ffc0                        Heap_Bank1_End = .
 *(.no_init)
 .no_init       0x2000ffc0       0x14 lib_build/system_XMC4500.o
                0x2000ffc0                SystemCoreClock
                0x2000ffc4                g_chipid

DSRAM2_DATA     0x30000000        0x0 load address 0x0c007eac
                0x30000000                        . = ALIGN (0x4)
                0x30000000                        __data2_start = .
 *(DSRAM2_DATA)
                0x30000000                        . = ALIGN (0x4)
                0x30000000                        __data2_end = .
                0x0c007eac                        __data2_load = LOADADDR (DSRAM2_DATA)
                0x00000000                        __data2_size = (__data2_end - __data2_start)
                0x00007eac                        __text_size = (((((__exidx_end - sText) + __data_size) + __ram_code_size) + __data2_size) + __data3_size)
                0x08007eac                        eText = (sText + __text_size)

DSRAM2_BSS      0x30000000      0xe00 load address 0x0c007eac
                0x30000000                        . = ALIGN (0x4)
                0x30000000                        __bss2_start = .
 *(ETH_RAM)
 *(USB_RAM)
 USB_RAM        0x30000000      0xe00 lib_build/xmc_usbd.o
 *(DSRAM2_BSS)
                0x30000e00                        . = ALIGN (0x4)
                0x30000e00                        __bss2_end = .
                0x30000e00                        . = ALIGN (0x8)
                0x30000e00                        Heap_Bank2_Start = .
                0x00000e00                        __bss2_size = (__bss2_end - __bss2_start)
                0x0000f150                        Heap_Bank1_Size = (Heap_Bank1_End - Heap_Bank1_Start)
                0x00007200                        Heap_Bank2_Size = (LENGTH (DSRAM_2_comm) - (Heap_Bank2_Start - ORIGIN (DSRAM_2_comm)))
                0x0000f800                        Heap_Bank3_Size = (LENGTH (PSRAM_1) - (Heap_Bank3_Start - ORIGIN (PSRAM_1)))
                0x00000001                        ASSERT ((Heap_Bank1_Start <= Heap_Bank1_End), region SRAM_combined overflowed no_init section)

/DISCARD/
 *(.comment)

.stab
 *(.stab)

.stabstr
 *(.stabstr)

.debug
 *(.debug)

.line
 *(.line)

.debug_srcinfo
 *(.debug_srcinfo)

.debug_sfnames
 *(.debug_sfnames)

.debug_aranges  0x00000000      0xca0
 *(.debug_aranges)
 .debug_aranges
                0x00000000       0x80 build/main.o
 .debug_aranges
                0x00000080       0x80 build/KeyboardHID.o
 .debug_aranges
                0x00000100       0x20 build/Descriptors.o
 .debug_aranges
                0x00000120      0x3c8 lib_build/xmc4_scu.o
 .debug_aranges
                0x000004e8       0x28 lib_build/xmc_gpio.o
 .debug_aranges
                0x00000510       0x30 lib_build/HIDClassDevice.o
 .debug_aranges
                0x00000540       0x20 lib_build/memcpy.o
 .debug_aranges
                0x00000560       0x70 lib_build/Endpoint_XMC4000.o
 .debug_aranges
                0x000005d0       0x68 lib_build/EndpointStream_XMC4000.o
 .debug_aranges
                0x00000638       0x68 lib_build/USBController_XMC4000.o
 .debug_aranges
                0x000006a0      0x158 lib_build/xmc_usbd.o
 .debug_aranges
                0x000007f8       0x40 lib_build/ConfigDescriptors.o
 .debug_aranges
                0x00000838       0x18 lib_build/HostStandardReq.o
 .debug_aranges
                0x00000850       0x28 lib_build/USBTask.o
 .debug_aranges
                0x00000878       0x20 lib_build/Events.o
 .debug_aranges
                0x00000898       0x48 lib_build/system_XMC4500.o
 .debug_aranges
                0x000008e0       0x28 lib_build/syscalls.o
 .debug_aranges
                0x00000908       0x20 /usr/lib/gcc/arm-none-eabi/14.2.0/../../../../arm-none-eabi/lib/thumb/v7e-m/nofp/libg.a(libc_a-memcmp.o)
 .debug_aranges
                0x00000928       0x20 /usr/lib/gcc/arm-none-eabi/14.2.0/../../../../arm-none-eabi/lib/thumb/v7e-m/nofp/libg.a(libc_a-memset.o)
 .debug_aranges
                0x00000948       0x20 /usr/lib/gcc/arm-none-eabi/14.2.0/../../../../arm-none-eabi/lib/thumb/v7e-m/nofp/libg.a(libc_a-errno.o)
 .debug_aranges
                0x00000968       0x20 /usr/lib/gcc/arm-none-eabi/14.2.0/../../../../arm-none-eabi/lib/thumb/v7e-m/nofp/libg.a(libc_a-init.o)
 .debug_aranges
                0x00000988       0x20 /usr/lib/gcc/arm-none-eabi/14.2.0/../../../../arm-none-eabi/lib/thumb/v7e-m/nofp/libg.a(libc_a-memcpy.o)
 .debug_aranges
                0x000009a8       0x18 /usr/lib/gcc/arm-none-eabi/14.2.0/../../../../arm-none-eabi/lib/thumb/v7e-m/nofp/libg.a(libc_a-impure.o)
 .debug_aranges
                0x000009c0       0x70 /usr/lib/gcc/arm-none-eabi/14.2.0/../../../../arm-none-eabi/lib/thumb/v7e-m/nofp/libg.a(libc_a-findfp.o)
 .debug_aranges
                0x00000a30       0x20 /usr/lib/gcc/arm-none-eabi/14.2.0/../../../../arm-none-eabi/lib/thumb/v7e-m/nofp/libg.a(libc_a-fwalk.o)
 .debug_aranges
                0x00000a50       0x40 /usr/lib/gcc/arm-none-eabi/14.2.0/../../../../arm-none-eabi/lib/thumb/v7e-m/nofp/libg.a(libc_a-stdio.o)
 .debug_aranges
                0x00000a90       0x20 /usr/lib/gcc/arm-none-eabi/14.2.0/../../../../arm-none-eabi/lib/thumb/v7e-m/nofp/libg.a(libc_a-closer.o)
 .debug_aranges
                0x00000ab0       0x20 /usr/lib/gcc/arm-none-eabi/14.2.0/../../../../arm-none-eabi/lib/thumb/v7e-m/nofp/libg.a(libc_a-reent.o)
 .debug_aranges
                0x00000ad0       0x20 /usr/lib/gcc/arm-none-eabi/14.2.0/../../../../arm-none-eabi/lib/thumb/v7e-m/nofp/libg.a(libc_a-lseekr.o)
 .debug_aranges
                0x00000af0       0x20 /usr/lib/gcc/arm-none-eabi/14.2.0/../../../../arm-none-eabi/lib/thumb/v7e-m/nofp/libg.a(libc_a-readr.o)
 .debug_aranges
                0x00000b10       0x20 /usr/lib/gcc/arm-none-eabi/14.2.0/../../../../arm-none-eabi/lib/thumb/v7e-m/nofp/libg.a(libc_a-writer.o)
 .debug_aranges
                0x00000b30       0x68 /usr/lib/gcc/arm-none-eabi/14.2.0/../../../../arm-none-eabi/lib/thumb/v7e-m/nofp/libg.a(libc_a-lock.o)
 .debug_aranges
                0x00000b98       0x28 /usr/lib/gcc/arm-none-eabi/14.2.0/../../../../arm-none-eabi/lib/thumb/v7e-m/nofp/libg.a(libc_a-freer.o)
 .debug_aranges
                0x00000bc0       0x20 /usr/lib/gcc/arm-none-eabi/14.2.0/../../../../arm-none-eabi/lib/thumb/v7e-m/nofp/libg.a(libc_a-mallocr.o)
 .debug_aranges
                0x00000be0       0x28 /usr/lib/gcc/arm-none-eabi/14.2.0/../../../../arm-none-eabi/lib/thumb/v7e-m/nofp/libg.a(libc_a-mlock.o)
 .debug_aranges
                0x00000c08       0x28 /usr/lib/gcc/arm-none-eabi/14.2.0/../../../../arm-none-eabi/lib/thumb/v7e-m/nofp/libg.a(libc_a-fclose.o)
 .debug_aranges
                0x00000c30       0x30 /usr/lib/gcc/arm-none-eabi/14.2.0/../../../../arm-none-eabi/lib/thumb/v7e-m/nofp/libg.a(libc_a-fflush.o)
 .debug_aranges
                0x00000c60       0x20 /usr/lib/gcc/arm-none-eabi/14.2.0/../../../../arm-none-eabi/lib/thumb/v7e-m/nofp/libg.a(libc_a-sbrkr.o)
 .debug_aranges
                0x00000c80       0x20 /usr/lib/gcc/arm-none-eabi/14.2.0/../../../../arm-none-eabi/lib/thumb/v7e-m/nofp/libg.a(libc_a-sysconf.o)

.debug_pubnames
 *(.debug_pubnames)

.debug_pubtypes
 *(.debug_pubtypes)

.debug_info     0x00000000    0x1a824
 *(.debug_info .gnu.linkonce.wi.*)
 .debug_info    0x00000000     0x1340 build/main.o
 .debug_info    0x00001340     0x1adf build/KeyboardHID.o
 .debug_info    0x00002e1f      0x6f9 build/Descriptors.o
 .debug_info    0x00003518     0x22ba lib_build/xmc4_scu.o
 .debug_info    0x000057d2      0x397 lib_build/xmc_gpio.o
 .debug_info    0x00005b69     0x1626 lib_build/HIDClassDevice.o
 .debug_info    0x0000718f       0xd5 lib_build/memcpy.o
 .debug_info    0x00007264     0x17c5 lib_build/Endpoint_XMC4000.o
 .debug_info    0x00008a29     0x140a lib_build/EndpointStream_XMC4000.o
 .debug_info    0x00009e33     0x1340 lib_build/USBController_XMC4000.o
 .debug_info    0x0000b173     0x3b37 lib_build/xmc_usbd.o
 .debug_info    0x0000ecaa      0x354 lib_build/ConfigDescriptors.o
 .debug_info    0x0000effe       0x6f lib_build/HostStandardReq.o
 .debug_info    0x0000f06d     0x1079 lib_build/USBTask.o
 .debug_info    0x000100e6       0x92 lib_build/Events.o
 .debug_info    0x00010178      0x927 lib_build/system_XMC4500.o
 .debug_info    0x00010a9f      0x136 lib_build/syscalls.o
 .debug_info    0x00010bd5      0x12b /usr/lib/gcc/arm-none-eabi/14.2.0/../../../../arm-none-eabi/lib/thumb/v7e-m/nofp/libg.a(libc_a-memcmp.o)
 .debug_info    0x00010d00      0x135 /usr/lib/gcc/arm-none-eabi/14.2.0/../../../../arm-none-eabi/lib/thumb/v7e-m/nofp/libg.a(libc_a-memset.o)
 .debug_info    0x00010e35      0x736 /usr/lib/gcc/arm-none-eabi/14.2.0/../../../../arm-none-eabi/lib/thumb/v7e-m/nofp/libg.a(libc_a-errno.o)
 .debug_info    0x0001156b      0x10b /usr/lib/gcc/arm-none-eabi/14.2.0/../../../../arm-none-eabi/lib/thumb/v7e-m/nofp/libg.a(libc_a-init.o)
 .debug_info    0x00011676       0x33 /usr/lib/gcc/arm-none-eabi/14.2.0/../../../../arm-none-eabi/lib/thumb/v7e-m/nofp/libg.a(libc_a-memcpy.o)
 .debug_info    0x000116a9      0x750 /usr/lib/gcc/arm-none-eabi/14.2.0/../../../../arm-none-eabi/lib/thumb/v7e-m/nofp/libg.a(libc_a-impure.o)
 .debug_info    0x00011df9     0x10fd /usr/lib/gcc/arm-none-eabi/14.2.0/../../../../arm-none-eabi/lib/thumb/v7e-m/nofp/libg.a(libc_a-findfp.o)
 .debug_info    0x00012ef6      0x80b /usr/lib/gcc/arm-none-eabi/14.2.0/../../../../arm-none-eabi/lib/thumb/v7e-m/nofp/libg.a(libc_a-fwalk.o)
 .debug_info    0x00013701      0xac5 /usr/lib/gcc/arm-none-eabi/14.2.0/../../../../arm-none-eabi/lib/thumb/v7e-m/nofp/libg.a(libc_a-stdio.o)