-------------------------------------------------------------------
Timestamp: 2026-1-13
Number of guessed Characters (last time): 0 (0%)
Number of tries: 0
-------------------------------------------------------------------
Timestamp: 2026-1-13
Number of guessed Characters (last time): 5 (100%)
Number of tries: 3
-------------------------------------------------------------------
Timestamp: 2026-1-13
Number of guessed Characters (last time): 0 (0%)
Number of tries: 4
-------------------------------------------------------------------
Timestamp: 2026-1-13
Number of guessed Characters (last time): 0 (0%)
Number of tries: 8
-------------------------------------------------------------------
Timestamp: 2026-1-13
Number of guessed Characters (last time): 5 (100%)
Number of tries: 12
-------------------------------------------------------------------
Timestamp: 2026-1-13
Number of guessed Characters (last time): 1 (20%)
Number of tries: 9
-------------------------------------------------------------------
Timestamp: 2026-1-13
Number of guessed Characters (last time): 5 (100%)
Number of tries: 4
-------------------------------------------------------------------
Timestamp: 2026-1-13
Number of guessed Characters (last time): 5 (100%)
Number of tries: 2
-------------------------------------------------------------------
Timestamp: 2026-1-13
Number of guessed Characters (last time): 2 (40%)
Number of tries: 7
-------------------------------------------------------------------
Timestamp: 2026-1-13
Number of guessed Characters (last time): 2 (40%)
Number of tries: 6
-------------------------------------------------------------------
Timestamp: 2026-1-13
Number of guessed Characters (last time): 1 (20%)
Number of tries: 5
-------------------------------------------------------------------
Timestamp: 2026-1-15
Number of guessed Characters (last time): 0 (0%)
Number of tries: 0
-------------------------------------------------------------------
Timestamp: 2026-1-15
Number of guessed Characters (last time): 0 (0%)
Number of tries: 2
-------------------------------------------------------------------
Timestamp: 2026-1-15
Number of guessed Characters (last time): 3 (100%)
Number of tries: 1
-------------------------------------------------------------------
Timestamp: 2026-1-15
Number of guessed Characters (last time): 1 (33.3333%)
Number of tries: 8
-------------------------------------------------------------------
Timestamp: 2026-1-15
Number of guessed Characters (last time): 0 (0%)
Number of tries: 3
-------------------------------------------------------------------
Timestamp: 2026-1-21
Number of guessed Characters (last time): 0 (0%)
Number of tries: 0
-------------------------------------------------------------------
Timestamp: 2026-1-21
Number of guessed Characters (last time): 0 (0%)
Number of tries: 0
-------------------------------------------------------------------
Timestamp: 2026-1-21
Number of guessed Characters (last time): 3 (100%)
Number of tries: 1
-------------------------------------------------------------------
Timestamp: 2026-1-21
Number of guessed Characters (last time): 0 (0%)
Number of tries: 0
-------------------------------------------------------------------
Timestamp: 2026-1-21
Number of guessed Characters (last time): 0 (0%)
Number of tries: 5
-------------------------------------------------------------------
Timestamp: 2026-1-21
Number of guessed Characters (last time): 0 (0%)
Number of tries: 0
-------------------------------------------------------------------
Timestamp: 2026-1-21
Number of guessed Characters (last time): 0 (0%)
Number of tries: 0
-------------------------------------------------------------------
Timestamp: 2026-1-21
Number of guessed Characters (last time): 0 (0%)
Number of tries: 0
-------------------------------------------------------------------
Timestamp: 2026-1-21
Number of guessed Characters (last time): 0 (0%)
Number of tries: 15
-------------------------------------------------------------------
Timestamp: 2026-1-21
Number of guessed Characters (last time): 0 (0%)
Number of tries: 14
-------------------------------------------------------------------
Timestamp: 2026-1-21
Number of guessed Characters (last time): 0 (0%)
Number of tries: 0
-------------------------------------------------------------------
Timestamp: 2026-1-21
Number of guessed Characters (last time): 0 (0%)
Number of tries: 1
-------------------------------------------------------------------
Timestamp: 2026-1-21
Number of guessed Characters (last time): 0 (0%)
Number of tries: 0
-------------------------------------------------------------------
Timestamp: 2026-1-21
Number of guessed Characters (last time): 0 (0%)
Number of tries: 0
-------------------------------------------------------------------
Timestamp: 2026-1-21
Number of guessed Characters (last time): 3 (100%)
Number of tries: 5
-------------------------------------------------------------------
Timestamp: 2026-1-21
Number of guessed Characters (last time): 0 (0%)
Number of tries: 0
-------------------------------------------------------------------
Timestamp: 2026-1-21
Number of guessed Characters (last time): 0 (0%)
Number of tries: 0
-------------------------------------------------------------------
Timestamp: 2026-1-21
Number of guessed Characters (last time): 0 (0%)
Number of tries: 0
-------------------------------------------------------------------
Timestamp: 2026-1-21
Number of guessed Characters (last time): 0 (0%)
Number of tries: 0
-------------------------------------------------------------------
Timestamp: 2026-1-21
Number of guessed Characters (last time): 0 (0%)
Number of tries: 0
-------------------------------------------------------------------
Timestamp: 2026-1-21
Number of guessed Characters (last time): 0 (0%)
Number of tries: 0
-------------------------------------------------------------------
Timestamp: 2026-1-21
Number of guessed Characters (last time): 0 (0%)
Number of tries: 0
-------------------------------------------------------------------
Timestamp: 2026-1-21
Number of guessed Characters (last time): 0 (0%)
Number of tries: 0
-------------------------------------------------------------------
Timestamp: 2026-1-21
Number of guessed Characters (last time): 0 (0%)
Number of tries: 4
-------------------------------------------------------------------
Timestamp: 2026-1-21
Number of guessed Characters (last time): 0 (0%)
Number of tries: 677
-------------------------------------------------------------------
Timestamp: 2026-1-21
Number of guessed Characters (last time): 0 (0%)
Number of tries: 73
-------------------------------------------------------------------
Timestamp: 2026-1-21
Number of guessed Characters (last time): 0 (0%)
Number of tries: 405
-------------------------------------------------------------------
Timestamp: 2026-1-21
Number of guessed Characters (last time): 0 (0%)
Number of tries: 0
-------------------------------------------------------------------
Timestamp: 2026-1-21
Number of guessed Characters (last time): 0 (0%)
Number of tries: 0
-------------------------------------------------------------------
Timestamp: 2026-1-21
Number of guessed Characters (last time): 0 (0%)
Number of tries: 0
-------------------------------------------------------------------
Timestamp: 2026-1-21
Number of guessed Characters (last time): 0 (0%)
Number of tries: 50
-------------------------------------------------------------------
Timestamp: 2026-1-21
Number of guessed Characters (last time): 0 (0%)
Number of tries: 44
-------------------------------------------------------------------
Timestamp: 2026-1-21
Number of guessed Characters (last time): 0 (0%)
Number of tries: 125
-------------------------------------------------------------------
Timestamp: 2026-1-21
Number of guessed Characters (last time): 0 (0%)
Number of tries: 65
-------------------------------------------------------------------
Timestamp: 2026-1-21
Number of guessed Characters (last time): 0 (0%)
Number of tries: 65
-------------------------------------------------------------------
Timestamp: 2026-1-21
Number of guessed Characters (last time): 1 (20%)
Number of tries: 101
-------------------------------------------------------------------
Timestamp: 2026-1-21
Number of guessed Characters (last time): 1 (20%)
Number of tries: 63
-------------------------------------------------------------------
Timestamp: 2026-1-21
Number of guessed Characters (last time): 1 (20%)
Number of tries: 42
-------------------------------------------------------------------
Timestamp: 2026-1-21
Number of guessed Characters (last time): 0 (0%)
Number of tries: 0
-------------------------------------------------------------------
Timestamp: 2026-1-21
Number of guessed Characters (last time): 1 (20%)
Number of tries: 232
-------------------------------------------------------------------
Timestamp: 2026-1-21
Number of guessed Characters (last time): 1 (20%)
Number of tries: 203
-------------------------------------------------------------------
Timestamp: 2026-1-21
Number of guessed Characters (last time): 0 (0%)
Number of tries: 60
-------------------------------------------------------------------
Timestamp: 2026-1-21
Number of guessed Characters (last time): 0 (0%)
Number of tries: 74
-------------------------------------------------------------------
Timestamp: 2026-1-21
Number of guessed Characters (last time): 1 (100%)
Number of tries: 44
-------------------------------------------------------------------
Timestamp: 2026-1-22
Number of guessed Characters (last time): 0 (0%)
Number of tries: 64
-------------------------------------------------------------------
Timestamp: 2026-1-22
Number of guessed Characters (last time): 0 (0%)
Number of tries: 84
-------------------------------------------------------------------
Timestamp: 2026-1-22
Number of guessed Characters (last time): 0 (0%)
Number of tries: 83
-------------------------------------------------------------------
Timestamp: 2026-1-22
Number of guessed Characters (last time): 1 (100%)
Number of tries: 26
-------------------------------------------------------------------
Timestamp: 2026-1-22
Number of guessed Characters (last time): 0 (0%)
Number of tries: 55
-------------------------------------------------------------------
Timestamp: 2026-1-22
Number of guessed Characters (last time): 0 (0%)
Number of tries: 14
-------------------------------------------------------------------
Timestamp: 2026-1-22
Number of guessed Characters (last time): 0 (0%)
Number of tries: 63
-------------------------------------------------------------------
Timestamp: 2026-1-22
Number of guessed Characters (last time): 0 (0%)
Number of tries: 13
-------------------------------------------------------------------
Timestamp: 2026-1-22
Number of guessed Characters (last time): 1 (20%)
Number of tries: 69
-------------------------------------------------------------------
Timestamp: 2026-1-22
Number of guessed Characters (last time): 0 (0%)
Number of tries: 68
-------------------------------------------------------------------
Timestamp: 2026-1-22
Number of guessed Characters (last time): 0 (0%)
Number of tries: 73
-------------------------------------------------------------------
Timestamp: 2026-1-22
Number of guessed Characters (last time): 1 (20%)
Number of tries: 62
-------------------------------------------------------------------
Timestamp: 2026-1-22
Number of guessed Characters (last time): 1 (20%)
Number of tries: 123
-------------------------------------------------------------------
Timestamp: 2026-1-22
Number of guessed Characters (last time): 0 (0%)
Number of tries: 0
-------------------------------------------------------------------
Timestamp: 2026-1-22
Number of guessed Characters (last time): 1 (20%)
Number of tries: 55
-------------------------------------------------------------------
Timestamp: 2026-1-22
Number of guessed Characters (last time): 0 (0%)
Number of tries: 0
-------------------------------------------------------------------
Timestamp: 2026-1-22
Number of guessed Characters (last time): 0 (0%)
Number of tries: 0
-------------------------------------------------------------------
Timestamp: 2026-1-22
Number of guessed Characters (last time): 0 (0%)
Number of tries: 0
-------------------------------------------------------------------
Timestamp: 2026-1-22
Number of guessed Characters (last time): 0 (0%)
Number of tries: 0
-------------------------------------------------------------------
Timestamp: 2026-1-22
Number of guessed Characters (last time): 0 (0%)
Number of tries: 86
-------------------------------------------------------------------
Timestamp: 2026-1-22
Number of guessed Characters (last time): 0 (0%)
Number of tries: 76
-------------------------------------------------------------------
Timestamp: 2026-1-22
Number of guessed Characters (last time): 0 (0%)
Number of tries: 79
-------------------------------------------------------------------
Timestamp: 2026-1-22
Number of guessed Characters (last time): 0 (0%)
Number of tries: 84
-------------------------------------------------------------------
Timestamp: 2026-1-22
Number of guessed Characters (last time): 0 (0%)
Number of tries: 0
-------------------------------------------------------------------
Timestamp: 2026-1-22
Number of guessed Characters (last time): 0 (0%)
Number of tries: 1
-------------------------------------------------------------------
Timestamp: 2026-1-22
Number of guessed Characters (last time): 0 (0%)
Number of tries: 1
-------------------------------------------------------------------
Timestamp: 2026-1-22
Number of guessed Characters (last time): 0 (0%)
Number of tries: 5
-------------------------------------------------------------------
Timestamp: 2026-1-22
Number of guessed Characters (last time): 0 (0%)
Number of tries: 0
-------------------------------------------------------------------
Timestamp: 2026-1-22
Number of guessed Characters (last time): 0 (0%)
Number of tries: 9
-------------------------------------------------------------------
Timestamp: 2026-1-22
Number of guessed Characters (last time): 0 (0%)
Number of tries: 3
-------------------------------------------------------------------
Timestamp: 2026-1-22
Number of guessed Characters (last time): 0 (0%)
Number of tries: 0
-------------------------------------------------------------------
Timestamp: 2026-1-22
Number of guessed Characters (last time): 0 (0%)
Number of tries: 3
-------------------------------------------------------------------
Timestamp: 2026-1-22
Number of guessed Characters (last time): 0 (0%)
Number of tries: 4
-------------------------------------------------------------------
Timestamp: 2026-1-22
Number of guessed Characters (last time): 0 (0%)
Number of tries: 0
-------------------------------------------------------------------
Timestamp: 2026-1-22
Number of guessed Characters (last time): 0 (0%)
Number of tries: 0
