Archive member included to satisfy reference by file (symbol)

/home/milovalle/Documents/TUM/ESS_LAB/sodium_1-0-15_ARMcompiled/sodium/sodium-1.0.15/lib/libsodium.a(libsodium_la-crypto_generichash.o)
                              lib_build/randombytes_salsa20XMC_random.o (crypto_generichash)
/home/milovalle/Documents/TUM/ESS_LAB/sodium_1-0-15_ARMcompiled/sodium/sodium-1.0.15/lib/libsodium.a(libsodium_la-generichash_blake2b.o)
                              /home/milovalle/Documents/TUM/ESS_LAB/sodium_1-0-15_ARMcompiled/sodium/sodium-1.0.15/lib/libsodium.a(libsodium_la-crypto_generichash.o) (crypto_generichash_blake2b)
/home/milovalle/Documents/TUM/ESS_LAB/sodium_1-0-15_ARMcompiled/sodium/sodium-1.0.15/lib/libsodium.a(libsodium_la-crypto_secretbox_easy.o)
                              build/main.o (crypto_secretbox_easy)
/home/milovalle/Documents/TUM/ESS_LAB/sodium_1-0-15_ARMcompiled/sodium/sodium-1.0.15/lib/libsodium.a(libsodium_la-stream_salsa20.o)
                              lib_build/randombytes_salsa20XMC_random.o (crypto_stream_salsa20)
/home/milovalle/Documents/TUM/ESS_LAB/sodium_1-0-15_ARMcompiled/sodium/sodium-1.0.15/lib/libsodium.a(libsodium_la-randombytes.o)
                              build/main.o (randombytes_set_implementation)
/home/milovalle/Documents/TUM/ESS_LAB/sodium_1-0-15_ARMcompiled/sodium/sodium-1.0.15/lib/libsodium.a(libsodium_la-core.o)
                              build/main.o (sodium_init)
/home/milovalle/Documents/TUM/ESS_LAB/sodium_1-0-15_ARMcompiled/sodium/sodium-1.0.15/lib/libsodium.a(libsodium_la-runtime.o)
                              /home/milovalle/Documents/TUM/ESS_LAB/sodium_1-0-15_ARMcompiled/sodium/sodium-1.0.15/lib/libsodium.a(libsodium_la-core.o) (_sodium_runtime_get_cpu_features)
/home/milovalle/Documents/TUM/ESS_LAB/sodium_1-0-15_ARMcompiled/sodium/sodium-1.0.15/lib/libsodium.a(libsodium_la-utils.o)
                              lib_build/randombytes_salsa20XMC_random.o (sodium_memzero)
/home/milovalle/Documents/TUM/ESS_LAB/sodium_1-0-15_ARMcompiled/sodium/sodium-1.0.15/lib/libsodium.a(libsodium_la-randombytes_sysrandom.o)
                              /home/milovalle/Documents/TUM/ESS_LAB/sodium_1-0-15_ARMcompiled/sodium/sodium-1.0.15/lib/libsodium.a(libsodium_la-randombytes.o) (randombytes_sysrandom_implementation)
/home/milovalle/Documents/TUM/ESS_LAB/sodium_1-0-15_ARMcompiled/sodium/sodium-1.0.15/lib/libsodium.a(libsodium_la-salsa20_ref.o)
                              /home/milovalle/Documents/TUM/ESS_LAB/sodium_1-0-15_ARMcompiled/sodium/sodium-1.0.15/lib/libsodium.a(libsodium_la-stream_salsa20.o) (crypto_stream_salsa20_ref_implementation)
/home/milovalle/Documents/TUM/ESS_LAB/sodium_1-0-15_ARMcompiled/sodium/sodium-1.0.15/lib/libsodium.a(libsodium_la-core_hsalsa20_ref2.o)
                              /home/milovalle/Documents/TUM/ESS_LAB/sodium_1-0-15_ARMcompiled/sodium/sodium-1.0.15/lib/libsodium.a(libsodium_la-crypto_secretbox_easy.o) (crypto_core_hsalsa20)
/home/milovalle/Documents/TUM/ESS_LAB/sodium_1-0-15_ARMcompiled/sodium/sodium-1.0.15/lib/libsodium.a(libsodium_la-core_salsa_ref.o)
                              /home/milovalle/Documents/TUM/ESS_LAB/sodium_1-0-15_ARMcompiled/sodium/sodium-1.0.15/lib/libsodium.a(libsodium_la-salsa20_ref.o) (crypto_core_salsa20)
/home/milovalle/Documents/TUM/ESS_LAB/sodium_1-0-15_ARMcompiled/sodium/sodium-1.0.15/lib/libsodium.a(libsodium_la-blake2b-ref.o)
                              /home/milovalle/Documents/TUM/ESS_LAB/sodium_1-0-15_ARMcompiled/sodium/sodium-1.0.15/lib/libsodium.a(libsodium_la-generichash_blake2b.o) (crypto_generichash_blake2b__init)
/home/milovalle/Documents/TUM/ESS_LAB/sodium_1-0-15_ARMcompiled/sodium/sodium-1.0.15/lib/libsodium.a(libsodium_la-onetimeauth_poly1305.o)
                              /home/milovalle/Documents/TUM/ESS_LAB/sodium_1-0-15_ARMcompiled/sodium/sodium-1.0.15/lib/libsodium.a(libsodium_la-crypto_secretbox_easy.o) (crypto_onetimeauth_poly1305_verify)
/home/milovalle/Documents/TUM/ESS_LAB/sodium_1-0-15_ARMcompiled/sodium/sodium-1.0.15/lib/libsodium.a(libsodium_la-poly1305_donna.o)
                              /home/milovalle/Documents/TUM/ESS_LAB/sodium_1-0-15_ARMcompiled/sodium/sodium-1.0.15/lib/libsodium.a(libsodium_la-onetimeauth_poly1305.o) (crypto_onetimeauth_poly1305_donna_implementation)
/home/milovalle/Documents/TUM/ESS_LAB/sodium_1-0-15_ARMcompiled/sodium/sodium-1.0.15/lib/libsodium.a(libsodium_la-stream_chacha20.o)
                              /home/milovalle/Documents/TUM/ESS_LAB/sodium_1-0-15_ARMcompiled/sodium/sodium-1.0.15/lib/libsodium.a(libsodium_la-randombytes.o) (crypto_stream_chacha20_ietf)
/home/milovalle/Documents/TUM/ESS_LAB/sodium_1-0-15_ARMcompiled/sodium/sodium-1.0.15/lib/libsodium.a(libsodium_la-chacha20_ref.o)
                              /home/milovalle/Documents/TUM/ESS_LAB/sodium_1-0-15_ARMcompiled/sodium/sodium-1.0.15/lib/libsodium.a(libsodium_la-stream_chacha20.o) (crypto_stream_chacha20_ref_implementation)
[...]
Memory Configuration

Name             Origin             Length             Attributes
FLASH_1_cached   0x08000000         0x00100000         xr
FLASH_1_uncached 0x0c000000         0x00100000         xr
PSRAM_1          0x10000000         0x00010000         !xr
DSRAM_1_system   0x20000000         0x00010000         !xr
DSRAM_2_comm     0x30000000         0x00008000         !xr
*default*        0x00000000         0xffffffff

Linker script and memory map

LOAD build/main.o
LOAD build/clockSetup.o
LOAD build/VirtualSerial.o
LOAD build/Descriptors.o
LOAD build/packetizer.o
LOAD build/crypto.o
LOAD build/base64url.o
LOAD build/MPUeasy.o
LOAD build/stack_protector.o
LOAD lib_build/USBController_XMC4000.o
LOAD lib_build/xmc_usbd.o
LOAD lib_build/CDCClassDevice.o
LOAD lib_build/USBTask.o
LOAD lib_build/Endpoint_XMC4000.o
LOAD lib_build/xmc4_scu.o
LOAD lib_build/EndpointStream_XMC4000.o
LOAD lib_build/memcpy.o
LOAD lib_build/xmc_gpio.o
LOAD lib_build/xmc4_gpio.o
LOAD lib_build/xmc_ccu4.o
LOAD lib_build/randombytes_salsa20XMC_random.o
LOAD lib_build/startup_XMC4500.o
LOAD lib_build/system_XMC4500.o
LOAD lib_build/syscalls.o
LOAD /home/milovalle/Documents/TUM/ESS_LAB/sodium_1-0-15_ARMcompiled/sodium/sodium-1.0.15/lib/libsodium.a
START GROUP
LOAD /usr/lib/gcc/arm-none-eabi/14.2.0/thumb/v7e-m/nofp/libgcc.a
LOAD /usr/lib/gcc/arm-none-eabi/14.2.0/../../../../arm-none-eabi/lib/thumb/v7e-m/nofp/libg.a
LOAD /usr/lib/gcc/arm-none-eabi/14.2.0/../../../../arm-none-eabi/lib/thumb/v7e-m/nofp/libc.a
END GROUP
START GROUP
LOAD /usr/lib/gcc/arm-none-eabi/14.2.0/thumb/v7e-m/nofp/libgcc.a
LOAD /usr/lib/gcc/arm-none-eabi/14.2.0/../../../../arm-none-eabi/lib/thumb/v7e-m/nofp/libc.a
LOAD /usr/lib/gcc/arm-none-eabi/14.2.0/../../../../arm-none-eabi/lib/thumb/v7e-m/nofp/libnosys.a
END GROUP
                0x00000800                        stack_size = DEFINED (stack_size)?stack_size:0x800
                0x00000040                        no_init_size = 0x40

.text           0x08000000     0xe150 load address 0x0c000000
                0x08000000                        sText = .
 *(.reset)
 .reset         0x08000000      0x2b2 lib_build/startup_XMC4500.o
                0x08000000                __Vectors
                0x08000200                Reset_Handler
                0x080002b0                VADC0_C0_3_IRQHandler
                0x080002b0                DSD0_7_IRQHandler
                0x080002b0                DebugMon_Handler
                0x080002b0                VADC0_C0_0_IRQHandler
                0x080002b0                CAN0_4_IRQHandler
                0x080002b0                VADC0_G2_0_IRQHandler
                0x080002b0                USIC0_5_IRQHandler
                0x080002b0                POSIF0_0_IRQHandler
                0x080002b0                POSIF1_0_IRQHandler
                0x080002b0                VADC0_G1_1_IRQHandler
                0x080002b0                SysTick_Handler
                0x080002b0                PendSV_Handler
                0x080002b0                NMI_Handler
                0x080002b0                USIC1_3_IRQHandler
                0x080002b0                CCU40_2_IRQHandler
                0x080002b0                SCU_0_IRQHandler
                0x080002b0                ERU0_0_IRQHandler
                0x080002b0                CCU41_0_IRQHandler
                0x080002b0                USIC1_5_IRQHandler
                0x080002b0                DSD0_4_IRQHandler
                0x080002b0                CCU80_1_IRQHandler
                0x080002b0                CCU81_0_IRQHandler
                0x080002b0                USIC0_0_IRQHandler
                0x080002b0                POSIF1_1_IRQHandler
                0x080002b0                ERU0_2_IRQHandler
                0x080002b0                CCU81_1_IRQHandler
                0x080002b0                ERU1_1_IRQHandler
                0x080002b0                VADC0_G2_3_IRQHandler
                0x080002b0                VADC0_G2_2_IRQHandler
                0x080002b0                CCU42_3_IRQHandler
                0x080002b0                ERU0_3_IRQHandler
                0x080002b0                DSD0_5_IRQHandler
                0x080002b0                CAN0_6_IRQHandler
                0x080002b0                CCU43_0_IRQHandler
                0x080002b0                VADC0_G0_1_IRQHandler
                0x080002b0                CCU81_2_IRQHandler
                0x080002b0                USIC2_4_IRQHandler
                0x080002b0                CCU81_3_IRQHandler
                0x080002b0                CCU42_1_IRQHandler
                0x080002b0                USIC1_1_IRQHandler
                0x080002b0                USIC2_5_IRQHandler
                0x080002b0                CCU40_0_IRQHandler
                0x080002b0                CAN0_0_IRQHandler
                0x080002b0                ERU1_0_IRQHandler
                0x080002b0                CCU42_2_IRQHandler
                0x080002b0                Default_Handler
                0x080002b0                USIC1_4_IRQHandler
                0x080002b0                ERU1_3_IRQHandler
                0x080002b0                USIC1_0_IRQHandler
                0x080002b0                POSIF0_1_IRQHandler
                0x080002b0                VADC0_G0_0_IRQHandler
                0x080002b0                DSD0_2_IRQHandler
                0x080002b0                CCU80_3_IRQHandler
                0x080002b0                CCU41_3_IRQHandler
                0x080002b0                CCU80_2_IRQHandler
                0x080002b0                VADC0_G1_3_IRQHandler
                0x080002b0                VADC0_G0_3_IRQHandler
                0x080002b0                GPDMA0_0_IRQHandler
                0x080002b0                PMU0_0_IRQHandler
                0x080002b0                CAN0_7_IRQHandler
                0x080002b0                DSD0_1_IRQHandler
                0x080002b0                CCU41_2_IRQHandler
                0x080002b0                VADC0_C0_1_IRQHandler
                0x080002b0                CCU43_2_IRQHandler
                0x080002b0                USIC2_2_IRQHandler
                0x080002b0                VADC0_G3_1_IRQHandler
                0x080002b0                DAC0_0_IRQHandler
                0x080002b0                SVC_Handler
                0x080002b0                VADC0_G3_3_IRQHandler
                0x080002b0                ERU1_2_IRQHandler
                0x080002b0                CCU41_1_IRQHandler
                0x080002b0                DSD0_6_IRQHandler
                0x080002b0                CCU43_1_IRQHandler
                0x080002b0                VADC0_G1_2_IRQHandler
                0x080002b0                USIC2_3_IRQHandler
                0x080002b0                CAN0_2_IRQHandler
                0x080002b0                USIC2_0_IRQHandler
                0x080002b0                VADC0_G0_2_IRQHandler
                0x080002b0                VADC0_G2_1_IRQHandler
                0x080002b0                CAN0_3_IRQHandler
                0x080002b0                ETH0_0_IRQHandler
                0x080002b0                USIC0_3_IRQHandler
                0x080002b0                DSD0_0_IRQHandler
                0x080002b0                VADC0_C0_2_IRQHandler
                0x080002b0                CCU42_0_IRQHandler
                0x080002b0                FCE0_0_IRQHandler
                0x080002b0                VADC0_G1_0_IRQHandler
                0x080002b0                CAN0_5_IRQHandler
                0x080002b0                CCU80_0_IRQHandler
                0x080002b0                CCU40_1_IRQHandler
                0x080002b0                USIC2_1_IRQHandler
                0x080002b0                USIC0_1_IRQHandler
                0x080002b0                VADC0_G3_2_IRQHandler
                0x080002b0                CCU40_3_IRQHandler
                0x080002b0                LEDTS0_0_IRQHandler
                0x080002b0                USIC0_4_IRQHandler
                0x080002b0                CCU43_3_IRQHandler
                0x080002b0                ERU0_1_IRQHandler
                0x080002b0                VADC0_G3_0_IRQHandler
                0x080002b0                USIC1_2_IRQHandler
                0x080002b0                DSD0_3_IRQHandler
                0x080002b0                SDMMC0_0_IRQHandler
                0x080002b0                CAN0_1_IRQHandler
                0x080002b0                USIC0_2_IRQHandler
                0x080002b0                DAC0_1_IRQHandler
                0x080002b0                GPDMA1_0_IRQHandler
 *(.text .text.* .gnu.linkonce.t.*)
 .text          0x080002b2        0x0 build/main.o
 *fill*         0x080002b2        0x2 
 .text.main     0x080002b4       0xd0 build/main.o
                0x080002b4                main
 .text          0x08000384        0x0 build/clockSetup.o
 .text.SystemCoreClockSetup
                0x08000384       0x90 build/clockSetup.o
                0x08000384                SystemCoreClockSetup
 .text.HardFault_Handler
                0x08000414        0x2 build/clockSetup.o
                0x08000414                HardFault_Handler
 .text.BusFault_Handler
                0x08000416        0x2 build/clockSetup.o
                0x08000416                BusFault_Handler
 .text.UsageFault_Handler
                0x08000418        0x2 build/clockSetup.o
                0x08000418                UsageFault_Handler
 .text          0x0800041a        0x0 build/VirtualSerial.o
 *fill*         0x0800041a        0x2 
 .text.USB0_0_IRQHandler
                0x0800041c       0x10 build/VirtualSerial.o
                0x0800041c                USB0_0_IRQHandler
 .text.USB_Init
                0x0800042c       0x6c build/VirtualSerial.o
                0x0800042c                USB_Init
 .text.EVENT_USB_Device_Connect
                0x08000498        0x2 build/VirtualSerial.o
                0x08000498                EVENT_USB_Device_Connect
 .text.EVENT_USB_Device_Disconnect
                0x0800049a        0x2 build/VirtualSerial.o
                0x0800049a                EVENT_USB_Device_Disconnect
 .text.EVENT_USB_Device_Reset
                0x0800049c       0x28 build/VirtualSerial.o
                0x0800049c                EVENT_USB_Device_Reset
 .text.EVENT_USB_Device_ConfigurationChanged
                0x080004c4       0x48 build/VirtualSerial.o
                0x080004c4                EVENT_USB_Device_ConfigurationChanged
 .text.EVENT_USB_Device_ControlRequest
                0x0800050c       0x10 build/VirtualSerial.o
                0x0800050c                EVENT_USB_Device_ControlRequest
 .text.EVENT_USB_Device_StartOfFrame
                0x0800051c        0x2 build/VirtualSerial.o
                0x0800051c                EVENT_USB_Device_StartOfFrame
 .text.EVENT_USB_Device_WakeUp
                0x0800051e        0x2 build/VirtualSerial.o
                0x0800051e                EVENT_USB_Device_WakeUp
 .text.EVENT_USB_Device_Suspend
                0x08000520        0x2 build/VirtualSerial.o
                0x08000520                EVENT_USB_Device_Suspend
 .text          0x08000522        0x0 build/Descriptors.o
 *fill*         0x08000522        0x2 
 .text.CALLBACK_USB_GetDescriptor
                0x08000524       0x5c build/Descriptors.o
                0x08000524                CALLBACK_USB_GetDescriptor
 .text          0x08000580        0x0 build/packetizer.o
 .text.packetizerReceiveByteBlocking
                0x08000580       0x24 build/packetizer.o
                0x08000580                packetizerReceiveByteBlocking
 .text.packetizerReadHeader
                0x080005a4       0xec build/packetizer.o
                0x080005a4                packetizerReadHeader
 .text.packetizerReadText
                0x08000690       0x98 build/packetizer.o
                0x08000690                packetizerReadText
 .text.packetizerReceive
                0x08000728       0x1e build/packetizer.o
                0x08000728                packetizerReceive
 *fill*         0x08000746        0x2 
 .text.packetizerSend
                0x08000748       0x54 build/packetizer.o
                0x08000748                packetizerSend
 .text          0x0800079c        0x0 build/crypto.o
 .text.encrypt  0x0800079c       0x68 build/crypto.o
                0x0800079c                encrypt
 .text.getCiphertextLength
                0x08000804        0x2 build/crypto.o
                0x08000804                getCiphertextLength
 .text          0x08000806        0x0 build/base64url.o
 *fill*         0x08000806        0x2 
 .text.base64_encode
                0x08000808       0xd4 build/base64url.o
                0x08000808                base64_encode
 .text.base64_encode_alloc
                0x080008dc       0x48 build/base64url.o
                0x080008dc                base64_encode_alloc
 .text.isbase64
                0x08000924       0x14 build/base64url.o
                0x08000924                isbase64
 .text.base64_decode
                0x08000938       0xb8 build/base64url.o
                0x08000938                base64_decode
 .text.base64_decode_alloc
                0x080009f0       0x4e build/base64url.o
                0x080009f0                base64_decode_alloc
 .text          0x08000a3e        0x0 build/MPUeasy.o
 .text.enableMPU
                0x08000a3e       0x2c build/MPUeasy.o
                0x08000a3e                enableMPU
 .text.disableMPU
                0x08000a6a       0x1c build/MPUeasy.o
                0x08000a6a                disableMPU
 .text.configMPU
                0x08000a86       0x98 build/MPUeasy.o
                0x08000a86                configMPU
 .text.MemManage_Handler
                0x08000b1e       0x18 build/MPUeasy.o
                0x08000b1e                MemManage_Handler
 .text          0x08000b36        0x0 build/stack_protector.o
 *fill*         0x08000b36        0x2 
 .text.__NVIC_SystemReset
                0x08000b38       0x24 build/stack_protector.o
                0x08000b38                __stack_chk_fail
 .text          0x08000b5c        0x0 lib_build/USBController_XMC4000.o
 .text.USBD_HandleEP0_Stall
                0x08000b5c       0x24 lib_build/USBController_XMC4000.o
                0x08000b5c                USBD_HandleEP0_Stall
 .text.USB_Device_ProcessControlRequest
                0x08000b80      0x30c lib_build/USBController_XMC4000.o
                0x08000b80                USB_Device_ProcessControlRequest
 .text.USBD_HandleEP0_IN
                0x08000e8c       0x3c lib_build/USBController_XMC4000.o
                0x08000e8c                USBD_HandleEP0_IN
 .text.USBD_HandleEP0_OUT
                0x08000ec8       0x44 lib_build/USBController_XMC4000.o
                0x08000ec8                USBD_HandleEP0_OUT
 .text.USBD_HandleEP0_SETUP
                0x08000f0c       0x70 lib_build/USBController_XMC4000.o
                0x08000f0c                USBD_HandleEP0_SETUP
 .text.USBD_SignalDeviceEventHandler
                0x08000f7c      0x13c lib_build/USBController_XMC4000.o
                0x08000f7c                USBD_SignalDeviceEventHandler
 .text.USBD_SignalEndpointEvent_Handler
                0x080010b8      0x134 lib_build/USBController_XMC4000.o
                0x080010b8                USBD_SignalEndpointEvent_Handler
 .text.USBD_Initialize
                0x080011ec       0x70 lib_build/USBController_XMC4000.o
                0x080011ec                USBD_Initialize
 .text.USB_IsEnumDone
                0x0800125c       0x18 lib_build/USBController_XMC4000.o
                0x0800125c                USB_IsEnumDone
 .text.USBD_SetEndpointBuffer
                0x08001274       0x24 lib_build/USBController_XMC4000.o
                0x08001274                USBD_SetEndpointBuffer
 .text          0x08001298        0x0 lib_build/xmc_usbd.o
 .text.XMC_USBD_lReadFifo
                0x08001298       0xb4 lib_build/xmc_usbd.o
 .text.XMC_USBD_lFlushTXFifo
                0x0800134c       0x4c lib_build/xmc_usbd.o
 .text.XMC_USBD_lFlushRXFifo
                0x08001398       0x40 lib_build/xmc_usbd.o
 .text.XMC_USBD_lStartReadXfer
                0x080013d8       0xa8 lib_build/xmc_usbd.o
 .text.XMC_USBD_lStartWriteXfer
                0x08001480       0xcc lib_build/xmc_usbd.o
 .text.XMC_USBD_GetCapabilities
                0x0800154c        0x6 lib_build/xmc_usbd.o
                0x0800154c                XMC_USBD_GetCapabilities
 *fill*         0x08001552        0x2 
 .text.XMC_USBD_DeviceConnect
                0x08001554       0x18 lib_build/xmc_usbd.o
                0x08001554                XMC_USBD_DeviceConnect
 .text.XMC_USBD_DeviceDisconnect
                0x0800156c       0x18 lib_build/xmc_usbd.o
                0x0800156c                XMC_USBD_DeviceDisconnect
 .text.XMC_USBD_EndpointReadStart
                0x08001584       0x5c lib_build/xmc_usbd.o
                0x08001584                XMC_USBD_EndpointReadStart
 .text.XMC_USBD_DeviceSetAddress
                0x080015e0       0x18 lib_build/xmc_usbd.o
                0x080015e0                XMC_USBD_DeviceSetAddress
 .text.XMC_USBD_EndpointStall
                0x080015f8       0xb0 lib_build/xmc_usbd.o
                0x080015f8                XMC_USBD_EndpointStall
 .text.XMC_USBD_EndpointAbort
                0x080016a8       0x58 lib_build/xmc_usbd.o
                0x080016a8                XMC_USBD_EndpointAbort
 .text.XMC_USBD_EndpointUnconfigure
                0x08001700      0x10c lib_build/xmc_usbd.o
                0x08001700                XMC_USBD_EndpointUnconfigure
 .text.XMC_USBD_GetFrameNumber
                0x0800180c       0x14 lib_build/xmc_usbd.o
                0x0800180c                XMC_USBD_GetFrameNumber
 .text.XMC_USBD_IsEnumDone
                0x08001820       0x18 lib_build/xmc_usbd.o
                0x08001820                XMC_USBD_IsEnumDone
 .text.XMC_USBD_Uninitialize
                0x08001838       0x24 lib_build/xmc_usbd.o
                0x08001838                XMC_USBD_Uninitialize
 .text.XMC_USBD_EndpointConfigure
                0x0800185c      0x270 lib_build/xmc_usbd.o
                0x0800185c                XMC_USBD_EndpointConfigure
 .text.XMC_USBD_EndpointRead
                0x08001acc       0x40 lib_build/xmc_usbd.o
                0x08001acc                XMC_USBD_EndpointRead
 .text.XMC_USBD_EndpointWrite
                0x08001b0c       0x68 lib_build/xmc_usbd.o
                0x08001b0c                XMC_USBD_EndpointWrite
 .text.XMC_USBD_lDeviceActive
                0x08001b74       0x40 lib_build/xmc_usbd.o
                0x08001b74                XMC_USBD_lDeviceActive
 .text.XMC_USBD_DeviceGetState
                0x08001bb4       0x34 lib_build/xmc_usbd.o
                0x08001bb4                XMC_USBD_DeviceGetState
 .text.XMC_USBD_Enable
                0x08001be8       0x14 lib_build/xmc_usbd.o
                0x08001be8                XMC_USBD_Enable
 .text.XMC_USBD_Init
                0x08001bfc      0x11c lib_build/xmc_usbd.o
                0x08001bfc                XMC_USBD_Init
 .text.XMC_USBD_Disable
                0x08001d18       0x14 lib_build/xmc_usbd.o
                0x08001d18                XMC_USBD_Disable
 .text.XMC_USBD_ClearEvent
                0x08001d2c       0x58 lib_build/xmc_usbd.o
                0x08001d2c                XMC_USBD_ClearEvent
 .text.XMC_USBD_ClearEventINEP
                0x08001d84       0x10 lib_build/xmc_usbd.o
                0x08001d84                XMC_USBD_ClearEventINEP
 .text.XMC_USBD_ClearEventOUTEP
                0x08001d94       0x14 lib_build/xmc_usbd.o
                0x08001d94                XMC_USBD_ClearEventOUTEP
 .text.XMC_USBD_EnableEventOUTEP
                0x08001da8       0x14 lib_build/xmc_usbd.o
                0x08001da8                XMC_USBD_EnableEventOUTEP
 .text.XMC_USBD_EnableEventINEP
                0x08001dbc       0x14 lib_build/xmc_usbd.o
                0x08001dbc                XMC_USBD_EnableEventINEP
 .text.XMC_USBD_IRQHandler
                0x08001dd0      0x528 lib_build/xmc_usbd.o
                0x08001dd0                XMC_USBD_IRQHandler
 .text          0x080022f8        0x0 lib_build/CDCClassDevice.o
 .text.CDC_Device_ConfigureEndpoints
                0x080022f8       0x44 lib_build/CDCClassDevice.o
                0x080022f8                CDC_Device_ConfigureEndpoints
 .text.CDC_Device_SendString
                0x0800233c       0x48 lib_build/CDCClassDevice.o
                0x0800233c                CDC_Device_SendString
 .text.CDC_Device_SendData
                0x08002384       0x40 lib_build/CDCClassDevice.o
                0x08002384                CDC_Device_SendData
 .text.CDC_Device_SendByte
                0x080023c4       0x50 lib_build/CDCClassDevice.o
                0x080023c4                CDC_Device_SendByte
 .text.CDC_Device_Flush
                0x08002414       0x7c lib_build/CDCClassDevice.o
                0x08002414                CDC_Device_Flush
 .text.CDC_Device_USBTask
                0x08002490       0x4c lib_build/CDCClassDevice.o
                0x08002490                CDC_Device_USBTask
 .text.CDC_Device_BytesReceived
                0x080024dc       0x74 lib_build/CDCClassDevice.o
                0x080024dc                CDC_Device_BytesReceived
 .text.CDC_Device_ReceiveByte
                0x08002550       0xbc lib_build/CDCClassDevice.o
                0x08002550                CDC_Device_ReceiveByte
 .text.CDC_Device_SendControlLineStateChange
                0x0800260c       0x60 lib_build/CDCClassDevice.o
                0x0800260c                CDC_Device_SendControlLineStateChange
 .text.EVENT_CDC_Device_LineEncodingChanged
                0x0800266c        0x2 lib_build/CDCClassDevice.o
                0x0800266c                EVENT_CDC_Device_LineEncodingChanged
 .text.EVENT_CDC_Device_ControLineStateChanged
                0x0800266e        0x2 lib_build/CDCClassDevice.o
                0x0800266e                EVENT_CDC_Device_ControLineStateChanged
 .text.EVENT_CDC_Device_BreakSent
                0x08002670        0x2 lib_build/CDCClassDevice.o
                0x08002670                EVENT_CDC_Device_BreakSent
 *fill*         0x08002672        0x2 
 .text.CDC_Device_ProcessControlRequest
                0x08002674      0x12c lib_build/CDCClassDevice.o
                0x08002674                CDC_Device_ProcessControlRequest
 .text          0x080027a0        0x0 lib_build/USBTask.o
 .text.USB_USBTask
                0x080027a0       0x4c lib_build/USBTask.o
                0x080027a0                USB_USBTask
 .text          0x080027ec        0x0 lib_build/Endpoint_XMC4000.o
 .text.Endpoint_WaitUntilReady
                0x080027ec       0xa0 lib_build/Endpoint_XMC4000.o
                0x080027ec                Endpoint_WaitUntilReady
 .text.Endpoint_ClearOUT
                0x0800288c       0x5c lib_build/Endpoint_XMC4000.o
                0x0800288c                Endpoint_ClearOUT
 .text.Endpoint_ClearIN
                0x080028e8       0xb8 lib_build/Endpoint_XMC4000.o
                0x080028e8                Endpoint_ClearIN
 .text.Endpoint_IsReadWriteAllowed
                0x080029a0       0x40 lib_build/Endpoint_XMC4000.o
                0x080029a0                Endpoint_IsReadWriteAllowed
 .text.Endpoint_Write_8
                0x080029e0       0x2c lib_build/Endpoint_XMC4000.o
                0x080029e0                Endpoint_Write_8
 .text.Endpoint_Read_8
                0x08002a0c       0x30 lib_build/Endpoint_XMC4000.o
                0x08002a0c                Endpoint_Read_8
 .text.Endpoint_Write_32_LE
                0x08002a3c       0x30 lib_build/Endpoint_XMC4000.o
                0x08002a3c                Endpoint_Write_32_LE
 .text.Endpoint_Read_32_LE
                0x08002a6c       0x30 lib_build/Endpoint_XMC4000.o
                0x08002a6c                Endpoint_Read_32_LE
 .text.Endpoint_ConfigureEndpointTable
                0x08002a9c       0x6c lib_build/Endpoint_XMC4000.o
                0x08002a9c                Endpoint_ConfigureEndpointTable
 .text          0x08002b08        0x0 lib_build/xmc4_scu.o
 .text.XMC_SCU_lDelay
                0x08002b08       0x30 lib_build/xmc4_scu.o
 .text.XMC_SCU_INTERRUPT_EnableEvent
                0x08002b38       0x10 lib_build/xmc4_scu.o
                0x08002b38                XMC_SCU_INTERRUPT_EnableEvent
 .text.XMC_SCU_INTERRUPT_DisableEvent
                0x08002b48       0x10 lib_build/xmc4_scu.o
                0x08002b48                XMC_SCU_INTERRUPT_DisableEvent
 .text.XMC_SCU_INTERRUPT_TriggerEvent
                0x08002b58       0x14 lib_build/xmc4_scu.o
                0x08002b58                XMC_SCU_INTERRUPT_TriggerEvent
 .text.XMC_SCU_INTERUPT_GetEventStatus
                0x08002b6c        0xc lib_build/xmc4_scu.o
                0x08002b6c                XMC_SCU_INTERUPT_GetEventStatus
 .text.XMC_SCU_INTERRUPT_ClearEventStatus
                0x08002b78        0xc lib_build/xmc4_scu.o
                0x08002b78                XMC_SCU_INTERRUPT_ClearEventStatus
 .text.XMC_SCU_GetBootMode
                0x08002b84       0x10 lib_build/xmc4_scu.o
                0x08002b84                XMC_SCU_GetBootMode
 .text.XMC_SCU_SetBootMode
                0x08002b94        0xc lib_build/xmc4_scu.o
                0x08002b94                XMC_SCU_SetBootMode
 .text.XMC_SCU_ReadGPR
                0x08002ba0        0xc lib_build/xmc4_scu.o
                0x08002ba0                XMC_SCU_ReadGPR
 .text.XMC_SCU_WriteGPR
                0x08002bac        0xc lib_build/xmc4_scu.o
                0x08002bac                XMC_SCU_WriteGPR
 .text.XMC_SCU_EnableOutOfRangeComparator
                0x08002bb8       0x1a lib_build/xmc4_scu.o
                0x08002bb8                XMC_SCU_EnableOutOfRangeComparator
 .text.XMC_SCU_DisableOutOfRangeComparator
                0x08002bd2       0x1c lib_build/xmc4_scu.o
                0x08002bd2                XMC_SCU_DisableOutOfRangeComparator
 *fill*         0x08002bee        0x2 
 .text.XMC_SCU_CalibrateTemperatureSensor
                0x08002bf0       0x18 lib_build/xmc4_scu.o
                0x08002bf0                XMC_SCU_CalibrateTemperatureSensor
 .text.XMC_SCU_EnableTemperatureSensor
                0x08002c08       0x14 lib_build/xmc4_scu.o
                0x08002c08                XMC_SCU_EnableTemperatureSensor
 .text.XMC_SCU_DisableTemperatureSensor
                0x08002c1c       0x14 lib_build/xmc4_scu.o
                0x08002c1c                XMC_SCU_DisableTemperatureSensor
 .text.XMC_SCU_IsTemperatureSensorEnabled
                0x08002c30       0x14 lib_build/xmc4_scu.o
                0x08002c30                XMC_SCU_IsTemperatureSensorEnabled
 .text.XMC_SCU_IsTemperatureSensorReady
                0x08002c44       0x10 lib_build/xmc4_scu.o
                0x08002c44                XMC_SCU_IsTemperatureSensorReady
 .text.XMC_SCU_GetTemperatureMeasurement
                0x08002c54       0x20 lib_build/xmc4_scu.o
                0x08002c54                XMC_SCU_GetTemperatureMeasurement
 .text.XMC_SCU_IsTemperatureSensorBusy
                0x08002c74       0x10 lib_build/xmc4_scu.o
                0x08002c74                XMC_SCU_IsTemperatureSensorBusy
 .text.XMC_SCU_StartTemperatureMeasurement
                0x08002c84       0x2c lib_build/xmc4_scu.o
                0x08002c84                XMC_SCU_StartTemperatureMeasurement
 .text.XMC_SCU_WriteToRetentionMemory
                0x08002cb0       0x28 lib_build/xmc4_scu.o
                0x08002cb0                XMC_SCU_WriteToRetentionMemory
 .text.XMC_SCU_ReadFromRetentionMemory
                0x08002cd8       0x24 lib_build/xmc4_scu.o
                0x08002cd8                XMC_SCU_ReadFromRetentionMemory
 .text.XMC_SCU_TRAP_Enable
                0x08002cfc       0x10 lib_build/xmc4_scu.o
                0x08002cfc                XMC_SCU_TRAP_Enable
 .text.XMC_SCU_TRAP_Disable
                0x08002d0c       0x10 lib_build/xmc4_scu.o
                0x08002d0c                XMC_SCU_TRAP_Disable
 .text.XMC_SCU_TRAP_GetStatus
                0x08002d1c        0xc lib_build/xmc4_scu.o
                0x08002d1c                XMC_SCU_TRAP_GetStatus
 .text.XMC_SCU_TRAP_Trigger
                0x08002d28        0xc lib_build/xmc4_scu.o
                0x08002d28                XMC_SCU_TRAP_Trigger
 .text.XMC_SCU_TRAP_ClearStatus
                0x08002d34        0xc lib_build/xmc4_scu.o
                0x08002d34                XMC_SCU_TRAP_ClearStatus
 .text.XMC_SCU_PARITY_ClearStatus
                0x08002d40       0x10 lib_build/xmc4_scu.o
                0x08002d40                XMC_SCU_PARITY_ClearStatus
 .text.XMC_SCU_PARITY_GetStatus
                0x08002d50        0xc lib_build/xmc4_scu.o
                0x08002d50                XMC_SCU_PARITY_GetStatus
 .text.XMC_SCU_PARITY_Enable
                0x08002d5c       0x10 lib_build/xmc4_scu.o
                0x08002d5c                XMC_SCU_PARITY_Enable
 .text.XMC_SCU_PARITY_Disable
                0x08002d6c       0x10 lib_build/xmc4_scu.o
                0x08002d6c                XMC_SCU_PARITY_Disable
 .text.XMC_SCU_PARITY_EnableTrapGeneration
                0x08002d7c       0x10 lib_build/xmc4_scu.o
                0x08002d7c                XMC_SCU_PARITY_EnableTrapGeneration
 .text.XMC_SCU_PARITY_DisableTrapGeneration
                0x08002d8c       0x10 lib_build/xmc4_scu.o
                0x08002d8c                XMC_SCU_PARITY_DisableTrapGeneration
 .text.XMC_SCU_INTERRUPT_EnableNmiRequest
                0x08002d9c       0x14 lib_build/xmc4_scu.o
                0x08002d9c                XMC_SCU_INTERRUPT_EnableNmiRequest
 .text.XMC_SCU_INTERRUPT_DisableNmiRequest
                0x08002db0       0x14 lib_build/xmc4_scu.o
                0x08002db0                XMC_SCU_INTERRUPT_DisableNmiRequest
 .text.XMC_SCU_RESET_AssertPeripheralReset
                0x08002dc4       0x18 lib_build/xmc4_scu.o
                0x08002dc4                XMC_SCU_RESET_AssertPeripheralReset
 .text.XMC_SCU_RESET_DeassertPeripheralReset
                0x08002ddc       0x18 lib_build/xmc4_scu.o
                0x08002ddc                XMC_SCU_RESET_DeassertPeripheralReset
 .text.XMC_SCU_RESET_IsPeripheralResetAsserted
                0x08002df4       0x20 lib_build/xmc4_scu.o
                0x08002df4                XMC_SCU_RESET_IsPeripheralResetAsserted
 .text.XMC_SCU_CLOCK_GetSystemPllClockSourceFrequency
                0x08002e14       0x20 lib_build/xmc4_scu.o
                0x08002e14                XMC_SCU_CLOCK_GetSystemPllClockSourceFrequency
 .text.XMC_SCU_CLOCK_GetSystemPllClockFrequency
                0x08002e34       0x48 lib_build/xmc4_scu.o
                0x08002e34                XMC_SCU_CLOCK_GetSystemPllClockFrequency
 .text.XMC_SCU_CLOCK_GetUsbPllClockFrequency
                0x08002e7c       0x30 lib_build/xmc4_scu.o
                0x08002e7c                XMC_SCU_CLOCK_GetUsbPllClockFrequency
 .text.XMC_SCU_CLOCK_GetCcuClockFrequency
                0x08002eac       0x20 lib_build/xmc4_scu.o
                0x08002eac                XMC_SCU_CLOCK_GetCcuClockFrequency
 .text.XMC_SCU_CLOCK_GetUsbClockFrequency
                0x08002ecc       0x2c lib_build/xmc4_scu.o
                0x08002ecc                XMC_SCU_CLOCK_GetUsbClockFrequency
 .text.XMC_SCU_CLOCK_GetEbuClockFrequency
                0x08002ef8       0x1c lib_build/xmc4_scu.o
                0x08002ef8                XMC_SCU_CLOCK_GetEbuClockFrequency
 .text.XMC_SCU_CLOCK_GetWdtClockFrequency
                0x08002f14       0x40 lib_build/xmc4_scu.o
                0x08002f14                XMC_SCU_CLOCK_GetWdtClockFrequency
 .text.XMC_SCU_CLOCK_GetExternalOutputClockFrequency
                0x08002f54       0x58 lib_build/xmc4_scu.o
                0x08002f54                XMC_SCU_CLOCK_GetExternalOutputClockFrequency
 .text.XMC_SCU_CLOCK_GetPeripheralClockFrequency
                0x08002fac       0x18 lib_build/xmc4_scu.o
                0x08002fac                XMC_SCU_CLOCK_GetPeripheralClockFrequency
 .text.XMC_SCU_CLOCK_SetSystemClockSource
                0x08002fc4       0x14 lib_build/xmc4_scu.o
                0x08002fc4                XMC_SCU_CLOCK_SetSystemClockSource
 .text.XMC_SCU_CLOCK_SetUsbClockSource
                0x08002fd8       0x14 lib_build/xmc4_scu.o
                0x08002fd8                XMC_SCU_CLOCK_SetUsbClockSource
 .text.XMC_SCU_CLOCK_SetWdtClockSource
                0x08002fec       0x14 lib_build/xmc4_scu.o
                0x08002fec                XMC_SCU_CLOCK_SetWdtClockSource
 .text.XMC_SCU_CLOCK_SetExternalOutputClockSource
                0x08003000       0x14 lib_build/xmc4_scu.o
                0x08003000                XMC_SCU_CLOCK_SetExternalOutputClockSource
 .text.XMC_SCU_CLOCK_SetSystemPllClockSource
                0x08003014       0x28 lib_build/xmc4_scu.o
                0x08003014                XMC_SCU_CLOCK_SetSystemPllClockSource
 .text.XMC_SCU_HIB_SetRtcClockSource
                0x0800303c       0x24 lib_build/xmc4_scu.o
                0x0800303c                XMC_SCU_HIB_SetRtcClockSource
 .text.XMC_SCU_HIB_SetStandbyClockSource
                0x08003060       0x24 lib_build/xmc4_scu.o
                0x08003060                XMC_SCU_HIB_SetStandbyClockSource
 .text.XMC_SCU_CLOCK_SetSystemClockDivider
                0x08003084       0x14 lib_build/xmc4_scu.o
                0x08003084                XMC_SCU_CLOCK_SetSystemClockDivider
 .text.XMC_SCU_CLOCK_SetCcuClockDivider
                0x08003098       0x14 lib_build/xmc4_scu.o
                0x08003098                XMC_SCU_CLOCK_SetCcuClockDivider
 .text.XMC_SCU_CLOCK_SetCpuClockDivider
                0x080030ac       0x14 lib_build/xmc4_scu.o
                0x080030ac                XMC_SCU_CLOCK_SetCpuClockDivider
 .text.XMC_SCU_CLOCK_SetPeripheralClockDivider
                0x080030c0       0x14 lib_build/xmc4_scu.o
                0x080030c0                XMC_SCU_CLOCK_SetPeripheralClockDivider
 .text.XMC_SCU_CLOCK_SetUsbClockDivider
                0x080030d4       0x14 lib_build/xmc4_scu.o
                0x080030d4                XMC_SCU_CLOCK_SetUsbClockDivider
 .text.XMC_SCU_CLOCK_SetEbuClockDivider
                0x080030e8       0x14 lib_build/xmc4_scu.o
                0x080030e8                XMC_SCU_CLOCK_SetEbuClockDivider
 .text.XMC_SCU_CLOCK_SetWdtClockDivider
                0x080030fc       0x14 lib_build/xmc4_scu.o
                0x080030fc                XMC_SCU_CLOCK_SetWdtClockDivider
 .text.XMC_SCU_CLOCK_SetExternalOutputClockDivider
                0x08003110       0x18 lib_build/xmc4_scu.o
                0x08003110                XMC_SCU_CLOCK_SetExternalOutputClockDivider
 .text.XMC_SCU_CLOCK_EnableClock
                0x08003128        0xc lib_build/xmc4_scu.o
                0x08003128                XMC_SCU_CLOCK_EnableClock
 .text.XMC_SCU_CLOCK_DisableClock
                0x08003134        0xc lib_build/xmc4_scu.o
                0x08003134                XMC_SCU_CLOCK_DisableClock
 .text.XMC_SCU_CLOCK_IsClockEnabled
                0x08003140       0x14 lib_build/xmc4_scu.o
                0x08003140                XMC_SCU_CLOCK_IsClockEnabled
 .text.XMC_SCU_POWER_GetEVR13Voltage
                0x08003154       0x24 lib_build/xmc4_scu.o
                0x08003154                XMC_SCU_POWER_GetEVR13Voltage
 .text.XMC_SCU_POWER_GetEVR33Voltage
                0x08003178       0x28 lib_build/xmc4_scu.o
                0x08003178                XMC_SCU_POWER_GetEVR33Voltage
 .text.XMC_SCU_CLOCK_EnableUsbPll
                0x080031a0       0x14 lib_build/xmc4_scu.o
                0x080031a0                XMC_SCU_CLOCK_EnableUsbPll
 .text.XMC_SCU_CLOCK_DisableUsbPll
                0x080031b4       0x14 lib_build/xmc4_scu.o
                0x080031b4                XMC_SCU_CLOCK_DisableUsbPll
 .text.XMC_SCU_CLOCK_StartUsbPll
                0x080031c8       0x48 lib_build/xmc4_scu.o
                0x080031c8                XMC_SCU_CLOCK_StartUsbPll
 .text.XMC_SCU_CLOCK_StopUsbPll
                0x08003210       0x10 lib_build/xmc4_scu.o
                0x08003210                XMC_SCU_CLOCK_StopUsbPll
 .text.XMC_SCU_CLOCK_SetBackupClockCalibrationMode
                0x08003220       0x38 lib_build/xmc4_scu.o
                0x08003220                XMC_SCU_CLOCK_SetBackupClockCalibrationMode
 .text.XMC_SCU_POWER_EnableUsb
                0x08003258       0x10 lib_build/xmc4_scu.o
                0x08003258                XMC_SCU_POWER_EnableUsb
 .text.XMC_SCU_POWER_DisableUsb
                0x08003268       0x10 lib_build/xmc4_scu.o
                0x08003268                XMC_SCU_POWER_DisableUsb
 .text.XMC_SCU_CLOCK_IsUsbPllLocked
                0x08003278       0x10 lib_build/xmc4_scu.o
                0x08003278                XMC_SCU_CLOCK_IsUsbPllLocked
 .text.XMC_SCU_HIB_EnableHibernateDomain
                0x08003288       0x40 lib_build/xmc4_scu.o
                0x08003288                XMC_SCU_HIB_EnableHibernateDomain
 .text.XMC_SCU_HIB_DisableHibernateDomain
                0x080032c8       0x18 lib_build/xmc4_scu.o
                0x080032c8                XMC_SCU_HIB_DisableHibernateDomain
 .text.XMC_SCU_HIB_IsHibernateDomainEnabled
                0x080032e0       0x24 lib_build/xmc4_scu.o
                0x080032e0                XMC_SCU_HIB_IsHibernateDomainEnabled
 .text.XMC_SCU_HIB_EnableInternalSlowClock
                0x08003304       0x20 lib_build/xmc4_scu.o
                0x08003304                XMC_SCU_HIB_EnableInternalSlowClock
 .text.XMC_SCU_HIB_DisableInternalSlowClock
                0x08003324       0x20 lib_build/xmc4_scu.o
                0x08003324                XMC_SCU_HIB_DisableInternalSlowClock
 .text.XMC_SCU_HIB_ClearEventStatus
                0x08003344       0x1c lib_build/xmc4_scu.o
                0x08003344                XMC_SCU_HIB_ClearEventStatus
 .text.XMC_SCU_HIB_TriggerEvent
                0x08003360       0x1c lib_build/xmc4_scu.o
                0x08003360                XMC_SCU_HIB_TriggerEvent
 .text.XMC_SCU_HIB_EnableEvent
                0x0800337c       0x20 lib_build/xmc4_scu.o
                0x0800337c                XMC_SCU_HIB_EnableEvent
 .text.XMC_SCU_HIB_DisableEvent
                0x0800339c       0x20 lib_build/xmc4_scu.o
                0x0800339c                XMC_SCU_HIB_DisableEvent
 .text.XMC_SCU_HIB_EnterHibernateState
                0x080033bc       0x20 lib_build/xmc4_scu.o
                0x080033bc                XMC_SCU_HIB_EnterHibernateState
 .text.XMC_SCU_HIB_EnterHibernateStateEx
                0x080033dc        0xc lib_build/xmc4_scu.o
                0x080033dc                XMC_SCU_HIB_EnterHibernateStateEx
 .text.XMC_SCU_HIB_SetWakeupTriggerInput
                0x080033e8       0x30 lib_build/xmc4_scu.o
                0x080033e8                XMC_SCU_HIB_SetWakeupTriggerInput
 .text.XMC_SCU_HIB_SetPinMode
                0x08003418       0x34 lib_build/xmc4_scu.o
                0x08003418                XMC_SCU_HIB_SetPinMode
 .text.XMC_SCU_HIB_SetPinOutputLevel
                0x0800344c       0x30 lib_build/xmc4_scu.o
                0x0800344c                XMC_SCU_HIB_SetPinOutputLevel
 .text.XMC_SCU_HIB_SetInput0
                0x0800347c       0x30 lib_build/xmc4_scu.o
                0x0800347c                XMC_SCU_HIB_SetInput0
 .text.XMC_SCU_HIB_SetSR0Input
                0x080034ac       0x24 lib_build/xmc4_scu.o
                0x080034ac                XMC_SCU_HIB_SetSR0Input
 .text.XMC_SCU_CLOCK_IsLowPowerOscillatorStable
                0x080034d0       0x18 lib_build/xmc4_scu.o
                0x080034d0                XMC_SCU_CLOCK_IsLowPowerOscillatorStable
 .text.XMC_SCU_CLOCK_EnableLowPowerOscillator
                0x080034e8       0x58 lib_build/xmc4_scu.o
                0x080034e8                XMC_SCU_CLOCK_EnableLowPowerOscillator
 .text.XMC_SCU_CLOCK_DisableLowPowerOscillator
                0x08003540       0x20 lib_build/xmc4_scu.o
                0x08003540                XMC_SCU_CLOCK_DisableLowPowerOscillator
 .text.XMC_SCU_CLOCK_EnableLowPowerOscillatorGeneralPurposeInput
                0x08003560       0x20 lib_build/xmc4_scu.o
                0x08003560                XMC_SCU_CLOCK_EnableLowPowerOscillatorGeneralPurposeInput
 .text.XMC_SCU_CLOCK_DisableLowPowerOscillatorGeneralPurposeInput
                0x08003580       0x24 lib_build/xmc4_scu.o
                0x08003580                XMC_SCU_CLOCK_DisableLowPowerOscillatorGeneralPurposeInput
 .text.XMC_SCU_CLOCK_GetLowPowerOscillatorGeneralPurposeInputStatus
                0x080035a4       0x10 lib_build/xmc4_scu.o
                0x080035a4                XMC_SCU_CLOCK_GetLowPowerOscillatorGeneralPurposeInputStatus
 .text.XMC_SCU_CLOCK_EnableHighPerformanceOscillator
                0x080035b4       0x3c lib_build/xmc4_scu.o
                0x080035b4                XMC_SCU_CLOCK_EnableHighPerformanceOscillator
 .text.XMC_SCU_CLOCK_IsHighPerformanceOscillatorStable
                0x080035f0       0x18 lib_build/xmc4_scu.o
                0x080035f0                XMC_SCU_CLOCK_IsHighPerformanceOscillatorStable
 .text.XMC_SCU_CLOCK_DisableHighPerformanceOscillator
                0x08003608       0x10 lib_build/xmc4_scu.o
                0x08003608                XMC_SCU_CLOCK_DisableHighPerformanceOscillator
 .text.XMC_SCU_CLOCK_EnableHighPerformanceOscillatorGeneralPurposeInput
                0x08003618       0x10 lib_build/xmc4_scu.o
                0x08003618                XMC_SCU_CLOCK_EnableHighPerformanceOscillatorGeneralPurposeInput
 .text.XMC_SCU_CLOCK_DisableHighPerformanceOscillatorGeneralPurposeInput
                0x08003628       0x10 lib_build/xmc4_scu.o
                0x08003628                XMC_SCU_CLOCK_DisableHighPerformanceOscillatorGeneralPurposeInput
 .text.XMC_SCU_CLOCK_GetHighPerformanceOscillatorGeneralPurposeInputStatus
                0x08003638       0x10 lib_build/xmc4_scu.o
                0x08003638                XMC_SCU_CLOCK_GetHighPerformanceOscillatorGeneralPurposeInputStatus
 .text.XMC_SCU_CLOCK_EnableSystemPll
                0x08003648       0x14 lib_build/xmc4_scu.o
                0x08003648                XMC_SCU_CLOCK_EnableSystemPll
 .text.XMC_SCU_CLOCK_DisableSystemPll
                0x0800365c       0x14 lib_build/xmc4_scu.o
                0x0800365c                XMC_SCU_CLOCK_DisableSystemPll
 .text.XMC_SCU_CLOCK_StopSystemPll
                0x08003670       0x10 lib_build/xmc4_scu.o
                0x08003670                XMC_SCU_CLOCK_StopSystemPll
 .text.XMC_SCU_CLOCK_StepSystemPllFrequency
                0x08003680       0x20 lib_build/xmc4_scu.o
                0x08003680                XMC_SCU_CLOCK_StepSystemPllFrequency
 .text.XMC_SCU_CLOCK_StartSystemPll
                0x080036a0      0x10c lib_build/xmc4_scu.o
                0x080036a0                XMC_SCU_CLOCK_StartSystemPll
 .text.XMC_SCU_CLOCK_Init
                0x080037ac       0xa0 lib_build/xmc4_scu.o
                0x080037ac                XMC_SCU_CLOCK_Init
 .text.XMC_SCU_CLOCK_IsSystemPllLocked
                0x0800384c       0x10 lib_build/xmc4_scu.o
                0x0800384c                XMC_SCU_CLOCK_IsSystemPllLocked
 .text.XMC_SCU_INTERRUPT_SetEventHandler
                0x0800385c       0x34 lib_build/xmc4_scu.o
                0x0800385c                XMC_SCU_INTERRUPT_SetEventHandler
 .text.XMC_SCU_IRQHandler
                0x08003890       0x38 lib_build/xmc4_scu.o
                0x08003890                XMC_SCU_IRQHandler
 .text          0x080038c8        0x0 lib_build/EndpointStream_XMC4000.o
 .text.Endpoint_Write_Stream_LE
                0x080038c8       0xbc lib_build/EndpointStream_XMC4000.o
                0x080038c8                Endpoint_Write_Stream_LE
 .text.SwapCopy
                0x08003984       0x18 lib_build/EndpointStream_XMC4000.o
                0x08003984                SwapCopy
 .text.Endpoint_Write_Stream_BE
                0x0800399c       0x9c lib_build/EndpointStream_XMC4000.o
                0x0800399c                Endpoint_Write_Stream_BE
 .text.Endpoint_Read_Stream_LE
                0x08003a38       0xa0 lib_build/EndpointStream_XMC4000.o
                0x08003a38                Endpoint_Read_Stream_LE
 .text.Endpoint_Read_Stream_BE
                0x08003ad8       0xa0 lib_build/EndpointStream_XMC4000.o
                0x08003ad8                Endpoint_Read_Stream_BE
 .text.Endpoint_Write_Control_Stream_LE
                0x08003b78       0x4c lib_build/EndpointStream_XMC4000.o
                0x08003b78                Endpoint_Write_Control_Stream_LE
 .text.Endpoint_Write_Control_Stream_BE
                0x08003bc4        0x8 lib_build/EndpointStream_XMC4000.o
                0x08003bc4                Endpoint_Write_Control_Stream_BE
 .text.Endpoint_Read_Control_Stream_LE
                0x08003bcc       0x48 lib_build/EndpointStream_XMC4000.o
                0x08003bcc                Endpoint_Read_Control_Stream_LE
 .text.Endpoint_Read_Control_Stream_BE
                0x08003c14        0x8 lib_build/EndpointStream_XMC4000.o
                0x08003c14                Endpoint_Read_Control_Stream_BE
 .text.Endpoint_Null_Stream
                0x08003c1c       0x9c lib_build/EndpointStream_XMC4000.o
                0x08003c1c                Endpoint_Null_Stream
 .text          0x08003cb8        0x0 lib_build/memcpy.o
 .text.thumb2_memcpy
                0x08003cb8       0x3c lib_build/memcpy.o
                0x08003cb8                thumb2_memcpy
 .text          0x08003cf4        0x0 lib_build/xmc_gpio.o
 .text.XMC_GPIO_SetMode
                0x08003cf4       0x26 lib_build/xmc_gpio.o
                0x08003cf4                XMC_GPIO_SetMode
 .text.XMC_GPIO_SetHardwareControl
                0x08003d1a       0x1c lib_build/xmc_gpio.o
                0x08003d1a                XMC_GPIO_SetHardwareControl
 .text          0x08003d36        0x0 lib_build/xmc4_gpio.o
 *fill*         0x08003d36        0x2 
 .text.XMC_GPIO_Init
                0x08003d38       0x90 lib_build/xmc4_gpio.o
                0x08003d38                XMC_GPIO_Init
 .text.XMC_GPIO_SetOutputStrength
                0x08003dc8       0x26 lib_build/xmc4_gpio.o
                0x08003dc8                XMC_GPIO_SetOutputStrength
 .text          0x08003dee        0x0 lib_build/xmc_ccu4.o
 *fill*         0x08003dee        0x2 
 .text.XMC_CCU4_EnableModule
                0x08003df0       0x58 lib_build/xmc_ccu4.o
                0x08003df0                XMC_CCU4_EnableModule
 .text.XMC_CCU4_DisableModule
                0x08003e48       0x50 lib_build/xmc_ccu4.o
                0x08003e48                XMC_CCU4_DisableModule
 .text.XMC_CCU4_Init
                0x08003e98       0x20 lib_build/xmc_ccu4.o
                0x08003e98                XMC_CCU4_Init
 .text.XMC_CCU4_SetModuleClock
                0x08003eb8        0xe lib_build/xmc_ccu4.o
                0x08003eb8                XMC_CCU4_SetModuleClock
 .text.XMC_CCU4_SetMultiChannelShadowTransferMode
                0x08003ec6        0xe lib_build/xmc_ccu4.o
                0x08003ec6                XMC_CCU4_SetMultiChannelShadowTransferMode
 .text.XMC_CCU4_SLICE_CompareInit
                0x08003ed4       0x2e lib_build/xmc_ccu4.o
                0x08003ed4                XMC_CCU4_SLICE_CompareInit
 .text.XMC_CCU4_SLICE_CaptureInit
                0x08003f02       0x1e lib_build/xmc_ccu4.o
                0x08003f02                XMC_CCU4_SLICE_CaptureInit
 .text.XMC_CCU4_SLICE_StartConfig
                0x08003f20       0x1c lib_build/xmc_ccu4.o
                0x08003f20                XMC_CCU4_SLICE_StartConfig
 .text.XMC_CCU4_SLICE_StopConfig
                0x08003f3c       0x1a lib_build/xmc_ccu4.o
                0x08003f3c                XMC_CCU4_SLICE_StopConfig
 .text.XMC_CCU4_SLICE_LoadConfig
                0x08003f56        0xe lib_build/xmc_ccu4.o
                0x08003f56                XMC_CCU4_SLICE_LoadConfig
 .text.XMC_CCU4_SLICE_ModulationConfig
                0x08003f64       0x2e lib_build/xmc_ccu4.o
                0x08003f64                XMC_CCU4_SLICE_ModulationConfig
 .text.XMC_CCU4_SLICE_CountConfig
                0x08003f92        0xe lib_build/xmc_ccu4.o
                0x08003f92                XMC_CCU4_SLICE_CountConfig
 .text.XMC_CCU4_SLICE_GateConfig
                0x08003fa0        0xe lib_build/xmc_ccu4.o
                0x08003fa0                XMC_CCU4_SLICE_GateConfig
 .text.XMC_CCU4_SLICE_Capture0Config
                0x08003fae        0xe lib_build/xmc_ccu4.o
                0x08003fae                XMC_CCU4_SLICE_Capture0Config
 .text.XMC_CCU4_SLICE_Capture1Config
                0x08003fbc        0xe lib_build/xmc_ccu4.o
                0x08003fbc                XMC_CCU4_SLICE_Capture1Config
 .text.XMC_CCU4_SLICE_DirectionConfig
                0x08003fca        0xe lib_build/xmc_ccu4.o
                0x08003fca                XMC_CCU4_SLICE_DirectionConfig
 .text.XMC_CCU4_SLICE_StatusBitOverrideConfig
                0x08003fd8        0xa lib_build/xmc_ccu4.o
                0x08003fd8                XMC_CCU4_SLICE_StatusBitOverrideConfig
 .text.XMC_CCU4_SLICE_TrapConfig
                0x08003fe2       0x26 lib_build/xmc_ccu4.o
                0x08003fe2                XMC_CCU4_SLICE_TrapConfig
 .text.XMC_CCU4_SLICE_ConfigureStatusBitOverrideEvent
                0x08004008       0x62 lib_build/xmc_ccu4.o
                0x08004008                XMC_CCU4_SLICE_ConfigureStatusBitOverrideEvent
 .text.XMC_CCU4_SLICE_ConfigureEvent
                0x0800406a       0x6c lib_build/xmc_ccu4.o
                0x0800406a                XMC_CCU4_SLICE_ConfigureEvent
 .text.XMC_CCU4_SLICE_SetInput
                0x080040d6       0x1c lib_build/xmc_ccu4.o
                0x080040d6                XMC_CCU4_SLICE_SetInput
 .text.XMC_CCU4_SLICE_SetTimerRepeatMode
                0x080040f2       0x16 lib_build/xmc_ccu4.o
                0x080040f2                XMC_CCU4_SLICE_SetTimerRepeatMode
 .text.XMC_CCU4_SLICE_SetTimerCountingMode
                0x08004108       0x16 lib_build/xmc_ccu4.o
                0x08004108                XMC_CCU4_SLICE_SetTimerCountingMode
 .text.XMC_CCU4_SLICE_GetCaptureRegisterValue
                0x0800411e        0xa lib_build/xmc_ccu4.o
                0x0800411e                XMC_CCU4_SLICE_GetCaptureRegisterValue
 .text.XMC_CCU4_SLICE_GetLastCapturedTimerValue
                0x08004128       0x48 lib_build/xmc_ccu4.o
                0x08004128                XMC_CCU4_SLICE_GetLastCapturedTimerValue
 .text.XMC_CCU4_GetCapturedValueFromFifo
                0x08004170       0x10 lib_build/xmc_ccu4.o
                0x08004170                XMC_CCU4_GetCapturedValueFromFifo
 .text.XMC_CCU4_SLICE_EnableDithering
                0x08004180       0x1a lib_build/xmc_ccu4.o
                0x08004180                XMC_CCU4_SLICE_EnableDithering
 .text.XMC_CCU4_SLICE_SetPrescaler
                0x0800419a       0x10 lib_build/xmc_ccu4.o
                0x0800419a                XMC_CCU4_SLICE_SetPrescaler
 .text.XMC_CCU4_SLICE_SetInterruptNode
                0x080041aa       0x4a lib_build/xmc_ccu4.o
                0x080041aa                XMC_CCU4_SLICE_SetInterruptNode
 .text.XMC_CCU4_SLICE_SetPassiveLevel
                0x080041f4        0xc lib_build/xmc_ccu4.o
                0x080041f4                XMC_CCU4_SLICE_SetPassiveLevel
 .text          0x08004200        0x0 lib_build/randombytes_salsa20XMC_random.o
 .text.randombytes_salsa20XMC_random_rekey
                0x08004200       0x24 lib_build/randombytes_salsa20XMC_random.o
 .text.randombytes_salsa20XMC_implementation_name
                0x08004224        0x8 lib_build/randombytes_salsa20XMC_random.o
 .text.randombytes_salsa20XMC_random_stir
                0x0800422c       0xd8 lib_build/randombytes_salsa20XMC_random.o
 .text.randombytes_salsa20XMC_random_buf
                0x08004304       0x98 lib_build/randombytes_salsa20XMC_random.o
 .text.randombytes_salsa20XMC_random
                0x0800439c       0x88 lib_build/randombytes_salsa20XMC_random.o
 .text          0x08004424        0x0 lib_build/startup_XMC4500.o
 .text          0x08004424        0x0 lib_build/system_XMC4500.o
 .text.delay    0x08004424       0x1e lib_build/system_XMC4500.o
 *fill*         0x08004442        0x2 
 .text.SystemCoreSetup
                0x08004444       0x40 lib_build/system_XMC4500.o
                0x08004444                SystemCoreSetup
 .text.OSCHP_GetFrequency
                0x08004484        0x8 lib_build/system_XMC4500.o
                0x08004484                OSCHP_GetFrequency
 .text.SystemCoreClockUpdate
                0x0800448c       0x8c lib_build/system_XMC4500.o
                0x0800448c                SystemCoreClockUpdate
 .text.SystemCoreClockSetup
                0x08004518      0x198 lib_build/system_XMC4500.o
 .text.SystemInit
                0x080046b0       0x1c lib_build/system_XMC4500.o
                0x080046b0                SystemInit
 .text          0x080046cc        0x0 lib_build/syscalls.o
 .text._sbrk    0x080046cc       0x44 lib_build/syscalls.o
                0x080046cc                _sbrk
 .text._init    0x08004710        0x2 lib_build/syscalls.o
                0x08004710                _init
 .text          0x08004712        0x0 /home/milovalle/Documents/TUM/ESS_LAB/sodium_1-0-15_ARMcompiled/sodium/sodium-1.0.15/lib/libsodium.a(libsodium_la-crypto_generichash.o)
 .text.crypto_generichash_bytes_min
                0x08004712        0x4 /home/milovalle/Documents/TUM/ESS_LAB/sodium_1-0-15_ARMcompiled/sodium/sodium-1.0.15/lib/libsodium.a(libsodium_la-crypto_generichash.o)
                0x08004712                crypto_generichash_bytes_min
 .text.crypto_generichash_bytes_max
                0x08004716        0x4 /home/milovalle/Documents/TUM/ESS_LAB/sodium_1-0-15_ARMcompiled/sodium/sodium-1.0.15/lib/libsodium.a(libsodium_la-crypto_generichash.o)
                0x08004716                crypto_generichash_bytes_max
 .text.crypto_generichash_bytes
                0x0800471a        0x4 /home/milovalle/Documents/TUM/ESS_LAB/sodium_1-0-15_ARMcompiled/sodium/sodium-1.0.15/lib/libsodium.a(libsodium_la-crypto_generichash.o)
                0x0800471a                crypto_generichash_bytes
 .text.crypto_generichash_keybytes_min
                0x0800471e        0x4 /home/milovalle/Documents/TUM/ESS_LAB/sodium_1-0-15_ARMcompiled/sodium/sodium-1.0.15/lib/libsodium.a(libsodium_la-crypto_generichash.o)
                0x0800471e                crypto_generichash_keybytes_min
 .text.crypto_generichash_keybytes_max
                0x08004722        0x4 /home/milovalle/Documents/TUM/ESS_LAB/sodium_1-0-15_ARMcompiled/sodium/sodium-1.0.15/lib/libsodium.a(libsodium_la-crypto_generichash.o)
                0x08004722                crypto_generichash_keybytes_max
 .text.crypto_generichash_keybytes
                0x08004726        0x4 /home/milovalle/Documents/TUM/ESS_LAB/sodium_1-0-15_ARMcompiled/sodium/sodium-1.0.15/lib/libsodium.a(libsodium_la-crypto_generichash.o)
                0x08004726                crypto_generichash_keybytes
 *fill*         0x0800472a        0x2 
 .text.crypto_generichash_primitive
                0x0800472c        0xc /home/milovalle/Documents/TUM/ESS_LAB/sodium_1-0-15_ARMcompiled/sodium/sodium-1.0.15/lib/libsodium.a(libsodium_la-crypto_generichash.o)
                0x0800472c                crypto_generichash_primitive
 .text.crypto_generichash_statebytes
                0x08004738        0x6 /home/milovalle/Documents/TUM/ESS_LAB/sodium_1-0-15_ARMcompiled/sodium/sodium-1.0.15/lib/libsodium.a(libsodium_la-crypto_generichash.o)
                0x08004738                crypto_generichash_statebytes
 .text.crypto_generichash
                0x0800473e        0x8 /home/milovalle/Documents/TUM/ESS_LAB/sodium_1-0-15_ARMcompiled/sodium/sodium-1.0.15/lib/libsodium.a(libsodium_la-crypto_generichash.o)
                0x0800473e                crypto_generichash
 .text.crypto_generichash_init
                0x08004746        0x4 /home/milovalle/Documents/TUM/ESS_LAB/sodium_1-0-15_ARMcompiled/sodium/sodium-1.0.15/lib/libsodium.a(libsodium_la-crypto_generichash.o)
                0x08004746                crypto_generichash_init
 .text.crypto_generichash_update
                0x0800474a        0x4 /home/milovalle/Documents/TUM/ESS_LAB/sodium_1-0-15_ARMcompiled/sodium/sodium-1.0.15/lib/libsodium.a(libsodium_la-crypto_generichash.o)
                0x0800474a                crypto_generichash_update
 .text.crypto_generichash_final
                0x0800474e        0x4 /home/milovalle/Documents/TUM/ESS_LAB/sodium_1-0-15_ARMcompiled/sodium/sodium-1.0.15/lib/libsodium.a(libsodium_la-crypto_generichash.o)
                0x0800474e                crypto_generichash_final
 .text.crypto_generichash_keygen
                0x08004752        0x6 /home/milovalle/Documents/TUM/ESS_LAB/sodium_1-0-15_ARMcompiled/sodium/sodium-1.0.15/lib/libsodium.a(libsodium_la-crypto_generichash.o)
                0x08004752                crypto_generichash_keygen
 .text          0x08004758        0x0 /home/milovalle/Documents/TUM/ESS_LAB/sodium_1-0-15_ARMcompiled/sodium/sodium-1.0.15/lib/libsodium.a(libsodium_la-generichash_blake2b.o)
 .text.crypto_generichash_blake2b
                0x08004758       0x28 /home/milovalle/Documents/TUM/ESS_LAB/sodium_1-0-15_ARMcompiled/sodium/sodium-1.0.15/lib/libsodium.a(libsodium_la-generichash_blake2b.o)
                0x08004758                crypto_generichash_blake2b
 .text.crypto_generichash_blake2b_salt_personal
                0x08004780       0x34 /home/milovalle/Documents/TUM/ESS_LAB/sodium_1-0-15_ARMcompiled/sodium/sodium-1.0.15/lib/libsodium.a(libsodium_la-generichash_blake2b.o)
                0x08004780                crypto_generichash_blake2b_salt_personal
 .text.crypto_generichash_blake2b_init
                0x080047b4       0x36 /home/milovalle/Documents/TUM/ESS_LAB/sodium_1-0-15_ARMcompiled/sodium/sodium-1.0.15/lib/libsodium.a(libsodium_la-generichash_blake2b.o)
                0x080047b4                crypto_generichash_blake2b_init
 .text.crypto_generichash_blake2b_init_salt_personal
                0x080047ea       0x44 /home/milovalle/Documents/TUM/ESS_LAB/sodium_1-0-15_ARMcompiled/sodium/sodium-1.0.15/lib/libsodium.a(libsodium_la-generichash_blake2b.o)
                0x080047ea                crypto_generichash_blake2b_init_salt_personal
 .text.crypto_generichash_blake2b_update
                0x0800482e        0x4 /home/milovalle/Documents/TUM/ESS_LAB/sodium_1-0-15_ARMcompiled/sodium/sodium-1.0.15/lib/libsodium.a(libsodium_la-generichash_blake2b.o)
                0x0800482e                crypto_generichash_blake2b_update
 *fill*         0x08004832        0x2 
 .text.crypto_generichash_blake2b_final
                0x08004834       0x30 /home/milovalle/Documents/TUM/ESS_LAB/sodium_1-0-15_ARMcompiled/sodium/sodium-1.0.15/lib/libsodium.a(libsodium_la-generichash_blake2b.o)
                0x08004834                crypto_generichash_blake2b_final
 .text._crypto_generichash_blake2b_pick_best_implementation
                0x08004864        0x4 /home/milovalle/Documents/TUM/ESS_LAB/sodium_1-0-15_ARMcompiled/sodium/sodium-1.0.15/lib/libsodium.a(libsodium_la-generichash_blake2b.o)
                0x08004864                _crypto_generichash_blake2b_pick_best_implementation
 .text          0x08004868        0x0 /home/milovalle/Documents/TUM/ESS_LAB/sodium_1-0-15_ARMcompiled/sodium/sodium-1.0.15/lib/libsodium.a(libsodium_la-crypto_secretbox_easy.o)
 .text.crypto_secretbox_detached
                0x08004868      0x15a /home/milovalle/Documents/TUM/ESS_LAB/sodium_1-0-15_ARMcompiled/sodium/sodium-1.0.15/lib/libsodium.a(libsodium_la-crypto_secretbox_easy.o)
                0x08004868                crypto_secretbox_detached
 .text.crypto_secretbox_easy
                0x080049c2       0x30 /home/milovalle/Documents/TUM/ESS_LAB/sodium_1-0-15_ARMcompiled/sodium/sodium-1.0.15/lib/libsodium.a(libsodium_la-crypto_secretbox_easy.o)
                0x080049c2                crypto_secretbox_easy
 .text.crypto_secretbox_open_detached
                0x080049f2      0x13a /home/milovalle/Documents/TUM/ESS_LAB/sodium_1-0-15_ARMcompiled/sodium/sodium-1.0.15/lib/libsodium.a(libsodium_la-crypto_secretbox_easy.o)
                0x080049f2                crypto_secretbox_open_detached
 .text.crypto_secretbox_open_easy
                0x08004b2c       0x2e /home/milovalle/Documents/TUM/ESS_LAB/sodium_1-0-15_ARMcompiled/sodium/sodium-1.0.15/lib/libsodium.a(libsodium_la-crypto_secretbox_easy.o)
                0x08004b2c                crypto_secretbox_open_easy
 .text          0x08004b5a        0x0 /home/milovalle/Documents/TUM/ESS_LAB/sodium_1-0-15_ARMcompiled/sodium/sodium-1.0.15/lib/libsodium.a(libsodium_la-stream_salsa20.o)
 .text.crypto_stream_salsa20_keybytes
                0x08004b5a        0x4 /home/milovalle/Documents/TUM/ESS_LAB/sodium_1-0-15_ARMcompiled/sodium/sodium-1.0.15/lib/libsodium.a(libsodium_la-stream_salsa20.o)
                0x08004b5a                crypto_stream_salsa20_keybytes
 .text.crypto_stream_salsa20_noncebytes
                0x08004b5e        0x4 /home/milovalle/Documents/TUM/ESS_LAB/sodium_1-0-15_ARMcompiled/sodium/sodium-1.0.15/lib/libsodium.a(libsodium_la-stream_salsa20.o)
                0x08004b5e                crypto_stream_salsa20_noncebytes
 .text.crypto_stream_salsa20_messagebytes_max
                0x08004b62        0x6 /home/milovalle/Documents/TUM/ESS_LAB/sodium_1-0-15_ARMcompiled/sodium/sodium-1.0.15/lib/libsodium.a(libsodium_la-stream_salsa20.o)
                0x08004b62                crypto_stream_salsa20_messagebytes_max
 .text.crypto_stream_salsa20
                0x08004b68       0x14 /home/milovalle/Documents/TUM/ESS_LAB/sodium_1-0-15_ARMcompiled/sodium/sodium-1.0.15/lib/libsodium.a(libsodium_la-stream_salsa20.o)
                0x08004b68                crypto_stream_salsa20
 .text.crypto_stream_salsa20_xor_ic
                0x08004b7c       0x14 /home/milovalle/Documents/TUM/ESS_LAB/sodium_1-0-15_ARMcompiled/sodium/sodium-1.0.15/lib/libsodium.a(libsodium_la-stream_salsa20.o)
                0x08004b7c                crypto_stream_salsa20_xor_ic
 .text.crypto_stream_salsa20_xor
                0x08004b90       0x28 /home/milovalle/Documents/TUM/ESS_LAB/sodium_1-0-15_ARMcompiled/sodium/sodium-1.0.15/lib/libsodium.a(libsodium_la-stream_salsa20.o)
                0x08004b90                crypto_stream_salsa20_xor
 .text.crypto_stream_salsa20_keygen
                0x08004bb8        0x6 /home/milovalle/Documents/TUM/ESS_LAB/sodium_1-0-15_ARMcompiled/sodium/sodium-1.0.15/lib/libsodium.a(libsodium_la-stream_salsa20.o)
                0x08004bb8                crypto_stream_salsa20_keygen
 *fill*         0x08004bbe        0x2 
 .text._crypto_stream_salsa20_pick_best_implementation
                0x08004bc0       0x20 /home/milovalle/Documents/TUM/ESS_LAB/sodium_1-0-15_ARMcompiled/sodium/sodium-1.0.15/lib/libsodium.a(libsodium_la-stream_salsa20.o)
                0x08004bc0                _crypto_stream_salsa20_pick_best_implementation
 .text          0x08004be0        0x0 /home/milovalle/Documents/TUM/ESS_LAB/sodium_1-0-15_ARMcompiled/sodium/sodium-1.0.15/lib/libsodium.a(libsodium_la-randombytes.o)
 .text.randombytes_set_implementation
                0x08004be0       0x10 /home/milovalle/Documents/TUM/ESS_LAB/sodium_1-0-15_ARMcompiled/sodium/sodium-1.0.15/lib/libsodium.a(libsodium_la-randombytes.o)
                0x08004be0                randombytes_set_implementation
 .text.randombytes_stir
                0x08004bf0       0x1c /home/milovalle/Documents/TUM/ESS_LAB/sodium_1-0-15_ARMcompiled/sodium/sodium-1.0.15/lib/libsodium.a(libsodium_la-randombytes.o)
                0x08004bf0                randombytes_stir
 .text.randombytes_init_if_needed
                0x08004c0c       0x24 /home/milovalle/Documents/TUM/ESS_LAB/sodium_1-0-15_ARMcompiled/sodium/sodium-1.0.15/lib/libsodium.a(libsodium_la-randombytes.o)
 .text.randombytes_implementation_name
                0x08004c30       0x18 /home/milovalle/Documents/TUM/ESS_LAB/sodium_1-0-15_ARMcompiled/sodium/sodium-1.0.15/lib/libsodium.a(libsodium_la-randombytes.o)
                0x08004c30                randombytes_implementation_name
 .text.randombytes_random
                0x08004c48       0x18 /home/milovalle/Documents/TUM/ESS_LAB/sodium_1-0-15_ARMcompiled/sodium/sodium-1.0.15/lib/libsodium.a(libsodium_la-randombytes.o)
                0x08004c48                randombytes_random
 .text.randombytes_uniform
                0x08004c60       0x44 /home/milovalle/Documents/TUM/ESS_LAB/sodium_1-0-15_ARMcompiled/sodium/sodium-1.0.15/lib/libsodium.a(libsodium_la-randombytes.o)
                0x08004c60                randombytes_uniform
 .text.randombytes_buf
                0x08004ca4       0x24 /home/milovalle/Documents/TUM/ESS_LAB/sodium_1-0-15_ARMcompiled/sodium/sodium-1.0.15/lib/libsodium.a(libsodium_la-randombytes.o)
                0x08004ca4                randombytes_buf
 .text.randombytes_buf_deterministic
                0x08004cc8       0x1c /home/milovalle/Documents/TUM/ESS_LAB/sodium_1-0-15_ARMcompiled/sodium/sodium-1.0.15/lib/libsodium.a(libsodium_la-randombytes.o)
                0x08004cc8                randombytes_buf_deterministic
 .text.randombytes_seedbytes
                0x08004ce4        0x4 /home/milovalle/Documents/TUM/ESS_LAB/sodium_1-0-15_ARMcompiled/sodium/sodium-1.0.15/lib/libsodium.a(libsodium_la-randombytes.o)
                0x08004ce4                randombytes_seedbytes
 .text.randombytes_close
                0x08004ce8       0x18 /home/milovalle/Documents/TUM/ESS_LAB/sodium_1-0-15_ARMcompiled/sodium/sodium-1.0.15/lib/libsodium.a(libsodium_la-randombytes.o)
                0x08004ce8                randombytes_close
 .text.randombytes
                0x08004d00       0x34 /home/milovalle/Documents/TUM/ESS_LAB/sodium_1-0-15_ARMcompiled/sodium/sodium-1.0.15/lib/libsodium.a(libsodium_la-randombytes.o)
                0x08004d00                randombytes
 .text          0x08004d34        0x0 /home/milovalle/Documents/TUM/ESS_LAB/sodium_1-0-15_ARMcompiled/sodium/sodium-1.0.15/lib/libsodium.a(libsodium_la-core.o)
 .text.sodium_crit_enter
                0x08004d34       0x20 /home/milovalle/Documents/TUM/ESS_LAB/sodium_1-0-15_ARMcompiled/sodium/sodium-1.0.15/lib/libsodium.a(libsodium_la-core.o)
                0x08004d34                sodium_crit_enter
 .text.sodium_init
                0x08004d54       0x40 /home/milovalle/Documents/TUM/ESS_LAB/sodium_1-0-15_ARMcompiled/sodium/sodium-1.0.15/lib/libsodium.a(libsodium_la-core.o)
                0x08004d54                sodium_init
 .text.sodium_crit_leave
                0x08004d94       0x14 /home/milovalle/Documents/TUM/ESS_LAB/sodium_1-0-15_ARMcompiled/sodium/sodium-1.0.15/lib/libsodium.a(libsodium_la-core.o)
                0x08004d94                sodium_crit_leave
 .text.sodium_misuse
                0x08004da8       0x20 /home/milovalle/Documents/TUM/ESS_LAB/sodium_1-0-15_ARMcompiled/sodium/sodium-1.0.15/lib/libsodium.a(libsodium_la-core.o)
                0x08004da8                sodium_misuse
 .text.sodium_set_misuse_handler
                0x08004dc8       0x24 /home/milovalle/Documents/TUM/ESS_LAB/sodium_1-0-15_ARMcompiled/sodium/sodium-1.0.15/lib/libsodium.a(libsodium_la-core.o)
                0x08004dc8                sodium_set_misuse_handler
 .text          0x08004dec        0x0 /home/milovalle/Documents/TUM/ESS_LAB/sodium_1-0-15_ARMcompiled/sodium/sodium-1.0.15/lib/libsodium.a(libsodium_la-runtime.o)
 .text._sodium_runtime_get_cpu_features
                0x08004dec       0x14 /home/milovalle/Documents/TUM/ESS_LAB/sodium_1-0-15_ARMcompiled/sodium/sodium-1.0.15/lib/libsodium.a(libsodium_la-runtime.o)
                0x08004dec                _sodium_runtime_get_cpu_features
 .text.sodium_runtime_has_neon
                0x08004e00        0xc /home/milovalle/Documents/TUM/ESS_LAB/sodium_1-0-15_ARMcompiled/sodium/sodium-1.0.15/lib/libsodium.a(libsodium_la-runtime.o)
                0x08004e00                sodium_runtime_has_neon
 .text.sodium_runtime_has_sse2
                0x08004e0c        0xc /home/milovalle/Documents/TUM/ESS_LAB/sodium_1-0-15_ARMcompiled/sodium/sodium-1.0.15/lib/libsodium.a(libsodium_la-runtime.o)
                0x08004e0c                sodium_runtime_has_sse2
 .text.sodium_runtime_has_sse3
                0x08004e18        0xc /home/milovalle/Documents/TUM/ESS_LAB/sodium_1-0-15_ARMcompiled/sodium/sodium-1.0.15/lib/libsodium.a(libsodium_la-runtime.o)
                0x08004e18                sodium_runtime_has_sse3
 .text.sodium_runtime_has_ssse3
                0x08004e24        0xc /home/milovalle/Documents/TUM/ESS_LAB/sodium_1-0-15_ARMcompiled/sodium/sodium-1.0.15/lib/libsodium.a(libsodium_la-runtime.o)
                0x08004e24                sodium_runtime_has_ssse3
 .text.sodium_runtime_has_sse41
                0x08004e30        0xc /home/milovalle/Documents/TUM/ESS_LAB/sodium_1-0-15_ARMcompiled/sodium/sodium-1.0.15/lib/libsodium.a(libsodium_la-runtime.o)
                0x08004e30                sodium_runtime_has_sse41
 .text.sodium_runtime_has_avx
                0x08004e3c        0xc /home/milovalle/Documents/TUM/ESS_LAB/sodium_1-0-15_ARMcompiled/sodium/sodium-1.0.15/lib/libsodium.a(libsodium_la-runtime.o)
                0x08004e3c                sodium_runtime_has_avx
 .text.sodium_runtime_has_avx2
                0x08004e48        0xc /home/milovalle/Documents/TUM/ESS_LAB/sodium_1-0-15_ARMcompiled/sodium/sodium-1.0.15/lib/libsodium.a(libsodium_la-runtime.o)
                0x08004e48                sodium_runtime_has_avx2
 .text.sodium_runtime_has_avx512f
                0x08004e54        0xc /home/milovalle/Documents/TUM/ESS_LAB/sodium_1-0-15_ARMcompiled/sodium/sodium-1.0.15/lib/libsodium.a(libsodium_la-runtime.o)
                0x08004e54                sodium_runtime_has_avx512f
 .text.sodium_runtime_has_pclmul
                0x08004e60        0xc /home/milovalle/Documents/TUM/ESS_LAB/sodium_1-0-15_ARMcompiled/sodium/sodium-1.0.15/lib/libsodium.a(libsodium_la-runtime.o)
                0x08004e60                sodium_runtime_has_pclmul
 .text.sodium_runtime_has_aesni
                0x08004e6c        0xc /home/milovalle/Documents/TUM/ESS_LAB/sodium_1-0-15_ARMcompiled/sodium/sodium-1.0.15/lib/libsodium.a(libsodium_la-runtime.o)
                0x08004e6c                sodium_runtime_has_aesni
 .text          0x08004e78        0x0 /home/milovalle/Documents/TUM/ESS_LAB/sodium_1-0-15_ARMcompiled/sodium/sodium-1.0.15/lib/libsodium.a(libsodium_la-utils.o)
 .text._sodium_dummy_symbol_to_prevent_memzero_lto
                0x08004e78        0x2 /home/milovalle/Documents/TUM/ESS_LAB/sodium_1-0-15_ARMcompiled/sodium/sodium-1.0.15/lib/libsodium.a(libsodium_la-utils.o)
                0x08004e78                _sodium_dummy_symbol_to_prevent_memzero_lto
 .text.sodium_memzero
                0x08004e7a        0x4 /home/milovalle/Documents/TUM/ESS_LAB/sodium_1-0-15_ARMcompiled/sodium/sodium-1.0.15/lib/libsodium.a(libsodium_la-utils.o)
                0x08004e7a                sodium_memzero
 .text._sodium_dummy_symbol_to_prevent_memcmp_lto
                0x08004e7e        0x2 /home/milovalle/Documents/TUM/ESS_LAB/sodium_1-0-15_ARMcompiled/sodium/sodium-1.0.15/lib/libsodium.a(libsodium_la-utils.o)
                0x08004e7e                _sodium_dummy_symbol_to_prevent_memcmp_lto
 .text.sodium_memcmp
                0x08004e80       0x3a /home/milovalle/Documents/TUM/ESS_LAB/sodium_1-0-15_ARMcompiled/sodium/sodium-1.0.15/lib/libsodium.a(libsodium_la-utils.o)
                0x08004e80                sodium_memcmp
 .text._sodium_dummy_symbol_to_prevent_compare_lto
                0x08004eba        0x2 /home/milovalle/Documents/TUM/ESS_LAB/sodium_1-0-15_ARMcompiled/sodium/sodium-1.0.15/lib/libsodium.a(libsodium_la-utils.o)
                0x08004eba                _sodium_dummy_symbol_to_prevent_compare_lto
 .text.sodium_compare
                0x08004ebc       0x64 /home/milovalle/Documents/TUM/ESS_LAB/sodium_1-0-15_ARMcompiled/sodium/sodium-1.0.15/lib/libsodium.a(libsodium_la-utils.o)
                0x08004ebc                sodium_compare
 .text.sodium_is_zero
                0x08004f20       0x2a /home/milovalle/Documents/TUM/ESS_LAB/sodium_1-0-15_ARMcompiled/sodium/sodium-1.0.15/lib/libsodium.a(libsodium_la-utils.o)
                0x08004f20                sodium_is_zero
 .text.sodium_increment
                0x08004f4a       0x16 /home/milovalle/Documents/TUM/ESS_LAB/sodium_1-0-15_ARMcompiled/sodium/sodium-1.0.15/lib/libsodium.a(libsodium_la-utils.o)
                0x08004f4a                sodium_increment
 .text.sodium_add
                0x08004f60       0x20 /home/milovalle/Documents/TUM/ESS_LAB/sodium_1-0-15_ARMcompiled/sodium/sodium-1.0.15/lib/libsodium.a(libsodium_la-utils.o)
                0x08004f60                sodium_add
 .text._sodium_alloc_init
                0x08004f80       0x14 /home/milovalle/Documents/TUM/ESS_LAB/sodium_1-0-15_ARMcompiled/sodium/sodium-1.0.15/lib/libsodium.a(libsodium_la-utils.o)
                0x08004f80                _sodium_alloc_init
 .text.sodium_mlock
                0x08004f94       0x10 /home/milovalle/Documents/TUM/ESS_LAB/sodium_1-0-15_ARMcompiled/sodium/sodium-1.0.15/lib/libsodium.a(libsodium_la-utils.o)
                0x08004f94                sodium_mlock
 .text.sodium_munlock
                0x08004fa4       0x14 /home/milovalle/Documents/TUM/ESS_LAB/sodium_1-0-15_ARMcompiled/sodium/sodium-1.0.15/lib/libsodium.a(libsodium_la-utils.o)
                0x08004fa4                sodium_munlock
 .text.sodium_malloc
                0x08004fb8       0x1e /home/milovalle/Documents/TUM/ESS_LAB/sodium_1-0-15_ARMcompiled/sodium/sodium-1.0.15/lib/libsodium.a(libsodium_la-utils.o)
                0x08004fb8                sodium_malloc
 .text.sodium_allocarray
                0x08004fd6       0x26 /home/milovalle/Documents/TUM/ESS_LAB/sodium_1-0-15_ARMcompiled/sodium/sodium-1.0.15/lib/libsodium.a(libsodium_la-utils.o)
                0x08004fd6                sodium_allocarray
 .text.sodium_free
                0x08004ffc        0x4 /home/milovalle/Documents/TUM/ESS_LAB/sodium_1-0-15_ARMcompiled/sodium/sodium-1.0.15/lib/libsodium.a(libsodium_la-utils.o)
                0x08004ffc                sodium_free
 .text.sodium_mprotect_noaccess
                0x08005000       0x10 /home/milovalle/Documents/TUM/ESS_LAB/sodium_1-0-15_ARMcompiled/sodium/sodium-1.0.15/lib/libsodium.a(libsodium_la-utils.o)
                0x08005000                sodium_mprotect_noaccess
 .text.sodium_mprotect_readonly
                0x08005010       0x10 /home/milovalle/Documents/TUM/ESS_LAB/sodium_1-0-15_ARMcompiled/sodium/sodium-1.0.15/lib/libsodium.a(libsodium_la-utils.o)
                0x08005010                sodium_mprotect_readonly
 .text.sodium_mprotect_readwrite
                0x08005020       0x10 /home/milovalle/Documents/TUM/ESS_LAB/sodium_1-0-15_ARMcompiled/sodium/sodium-1.0.15/lib/libsodium.a(libsodium_la-utils.o)
                0x08005020                sodium_mprotect_readwrite
 .text.sodium_pad
                0x08005030       0x70 /home/milovalle/Documents/TUM/ESS_LAB/sodium_1-0-15_ARMcompiled/sodium/sodium-1.0.15/lib/libsodium.a(libsodium_la-utils.o)
                0x08005030                sodium_pad
 .text.sodium_unpad
                0x080050a0       0x5e /home/milovalle/Documents/TUM/ESS_LAB/sodium_1-0-15_ARMcompiled/sodium/sodium-1.0.15/lib/libsodium.a(libsodium_la-utils.o)
                0x080050a0                sodium_unpad
 .text          0x080050fe        0x0 /home/milovalle/Documents/TUM/ESS_LAB/sodium_1-0-15_ARMcompiled/sodium/sodium-1.0.15/lib/libsodium.a(libsodium_la-randombytes_sysrandom.o)
 *fill*         0x080050fe        0x2 
 .text.randombytes_sysrandom_implementation_name
                0x08005100        0xc /home/milovalle/Documents/TUM/ESS_LAB/sodium_1-0-15_ARMcompiled/sodium/sodium-1.0.15/lib/libsodium.a(libsodium_la-randombytes_sysrandom.o)
 .text.randombytes_sysrandom_close
                0x0800510c       0x28 /home/milovalle/Documents/TUM/ESS_LAB/sodium_1-0-15_ARMcompiled/sodium/sodium-1.0.15/lib/libsodium.a(libsodium_la-randombytes_sysrandom.o)
 .text.randombytes_sysrandom_stir
                0x08005134       0xa0 /home/milovalle/Documents/TUM/ESS_LAB/sodium_1-0-15_ARMcompiled/sodium/sodium-1.0.15/lib/libsodium.a(libsodium_la-randombytes_sysrandom.o)
 .text.randombytes_sysrandom_buf
                0x080051d4       0xb0 /home/milovalle/Documents/TUM/ESS_LAB/sodium_1-0-15_ARMcompiled/sodium/sodium-1.0.15/lib/libsodium.a(libsodium_la-randombytes_sysrandom.o)
 .text.randombytes_sysrandom
                0x08005284       0x14 /home/milovalle/Documents/TUM/ESS_LAB/sodium_1-0-15_ARMcompiled/sodium/sodium-1.0.15/lib/libsodium.a(libsodium_la-randombytes_sysrandom.o)
 .text          0x08005298        0x0 /home/milovalle/Documents/TUM/ESS_LAB/sodium_1-0-15_ARMcompiled/sodium/sodium-1.0.15/lib/libsodium.a(libsodium_la-salsa20_ref.o)
 .text.stream_ref_xor_ic
                0x08005298      0x112 /home/milovalle/Documents/TUM/ESS_LAB/sodium_1-0-15_ARMcompiled/sodium/sodium-1.0.15/lib/libsodium.a(libsodium_la-salsa20_ref.o)
 .text.stream_ref
                0x080053aa       0xda /home/milovalle/Documents/TUM/ESS_LAB/sodium_1-0-15_ARMcompiled/sodium/sodium-1.0.15/lib/libsodium.a(libsodium_la-salsa20_ref.o)
 .text          0x08005484        0x0 /home/milovalle/Documents/TUM/ESS_LAB/sodium_1-0-15_ARMcompiled/sodium/sodium-1.0.15/lib/libsodium.a(libsodium_la-core_hsalsa20_ref2.o)
 .text.crypto_core_hsalsa20
                0x08005484      0x1a8 /home/milovalle/Documents/TUM/ESS_LAB/sodium_1-0-15_ARMcompiled/sodium/sodium-1.0.15/lib/libsodium.a(libsodium_la-core_hsalsa20_ref2.o)
                0x08005484                crypto_core_hsalsa20
 .text          0x0800562c        0x0 /home/milovalle/Documents/TUM/ESS_LAB/sodium_1-0-15_ARMcompiled/sodium/sodium-1.0.15/lib/libsodium.a(libsodium_la-core_salsa_ref.o)
 .text.crypto_core_salsa
                0x0800562c      0x254 /home/milovalle/Documents/TUM/ESS_LAB/sodium_1-0-15_ARMcompiled/sodium/sodium-1.0.15/lib/libsodium.a(libsodium_la-core_salsa_ref.o)
 .text.crypto_core_salsa20
                0x08005880       0x10 /home/milovalle/Documents/TUM/ESS_LAB/sodium_1-0-15_ARMcompiled/sodium/sodium-1.0.15/lib/libsodium.a(libsodium_la-core_salsa_ref.o)
                0x08005880                crypto_core_salsa20
 .text.crypto_core_salsa20_outputbytes
                0x08005890        0x4 /home/milovalle/Documents/TUM/ESS_LAB/sodium_1-0-15_ARMcompiled/sodium/sodium-1.0.15/lib/libsodium.a(libsodium_la-core_salsa_ref.o)
                0x08005890                crypto_core_salsa20_outputbytes
 .text.crypto_core_salsa20_inputbytes
                0x08005894        0x4 /home/milovalle/Documents/TUM/ESS_LAB/sodium_1-0-15_ARMcompiled/sodium/sodium-1.0.15/lib/libsodium.a(libsodium_la-core_salsa_ref.o)
                0x08005894                crypto_core_salsa20_inputbytes
 .text.crypto_core_salsa20_keybytes
                0x08005898        0x4 /home/milovalle/Documents/TUM/ESS_LAB/sodium_1-0-15_ARMcompiled/sodium/sodium-1.0.15/lib/libsodium.a(libsodium_la-core_salsa_ref.o)
                0x08005898                crypto_core_salsa20_keybytes
 .text.crypto_core_salsa20_constbytes
                0x0800589c        0x4 /home/milovalle/Documents/TUM/ESS_LAB/sodium_1-0-15_ARMcompiled/sodium/sodium-1.0.15/lib/libsodium.a(libsodium_la-core_salsa_ref.o)
                0x0800589c                crypto_core_salsa20_constbytes
 .text.crypto_core_salsa2012
                0x080058a0       0x10 /home/milovalle/Documents/TUM/ESS_LAB/sodium_1-0-15_ARMcompiled/sodium/sodium-1.0.15/lib/libsodium.a(libsodium_la-core_salsa_ref.o)
                0x080058a0                crypto_core_salsa2012
 .text.crypto_core_salsa2012_outputbytes
                0x080058b0        0x4 /home/milovalle/Documents/TUM/ESS_LAB/sodium_1-0-15_ARMcompiled/sodium/sodium-1.0.15/lib/libsodium.a(libsodium_la-core_salsa_ref.o)
                0x080058b0                crypto_core_salsa2012_outputbytes
 .text.crypto_core_salsa2012_inputbytes
                0x080058b4        0x4 /home/milovalle/Documents/TUM/ESS_LAB/sodium_1-0-15_ARMcompiled/sodium/sodium-1.0.15/lib/libsodium.a(libsodium_la-core_salsa_ref.o)
                0x080058b4                crypto_core_salsa2012_inputbytes
 .text.crypto_core_salsa2012_keybytes
                0x080058b8        0x4 /home/milovalle/Documents/TUM/ESS_LAB/sodium_1-0-15_ARMcompiled/sodium/sodium-1.0.15/lib/libsodium.a(libsodium_la-core_salsa_ref.o)
                0x080058b8                crypto_core_salsa2012_keybytes
 .text.crypto_core_salsa2012_constbytes
                0x080058bc        0x4 /home/milovalle/Documents/TUM/ESS_LAB/sodium_1-0-15_ARMcompiled/sodium/sodium-1.0.15/lib/libsodium.a(libsodium_la-core_salsa_ref.o)
                0x080058bc                crypto_core_salsa2012_constbytes
 .text.crypto_core_salsa208
                0x080058c0       0x10 /home/milovalle/Documents/TUM/ESS_LAB/sodium_1-0-15_ARMcompiled/sodium/sodium-1.0.15/lib/libsodium.a(libsodium_la-core_salsa_ref.o)
                0x080058c0                crypto_core_salsa208
 .text.crypto_core_salsa208_outputbytes
                0x080058d0        0x4 /home/milovalle/Documents/TUM/ESS_LAB/sodium_1-0-15_ARMcompiled/sodium/sodium-1.0.15/lib/libsodium.a(libsodium_la-core_salsa_ref.o)
                0x080058d0                crypto_core_salsa208_outputbytes
 .text.crypto_core_salsa208_inputbytes
                0x080058d4        0x4 /home/milovalle/Documents/TUM/ESS_LAB/sodium_1-0-15_ARMcompiled/sodium/sodium-1.0.15/lib/libsodium.a(libsodium_la-core_salsa_ref.o)
                0x080058d4                crypto_core_salsa208_inputbytes
 .text.crypto_core_salsa208_keybytes
                0x080058d8        0x4 /home/milovalle/Documents/TUM/ESS_LAB/sodium_1-0-15_ARMcompiled/sodium/sodium-1.0.15/lib/libsodium.a(libsodium_la-core_salsa_ref.o)
                0x080058d8                crypto_core_salsa208_keybytes
 .text.crypto_core_salsa208_constbytes
                0x080058dc        0x4 /home/milovalle/Documents/TUM/ESS_LAB/sodium_1-0-15_ARMcompiled/sodium/sodium-1.0.15/lib/libsodium.a(libsodium_la-core_salsa_ref.o)
                0x080058dc                crypto_core_salsa208_constbytes
 .text          0x080058e0        0x0 /home/milovalle/Documents/TUM/ESS_LAB/sodium_1-0-15_ARMcompiled/sodium/sodium-1.0.15/lib/libsodium.a(libsodium_la-blake2b-ref.o)
 .text.crypto_generichash_blake2b__init_param
                0x080058e0       0x60 /home/milovalle/Documents/TUM/ESS_LAB/sodium_1-0-15_ARMcompiled/sodium/sodium-1.0.15/lib/libsodium.a(libsodium_la-blake2b-ref.o)
                0x080058e0                crypto_generichash_blake2b__init_param
 .text.crypto_generichash_blake2b__init
                0x08005940       0x6c /home/milovalle/Documents/TUM/ESS_LAB/sodium_1-0-15_ARMcompiled/sodium/sodium-1.0.15/lib/libsodium.a(libsodium_la-blake2b-ref.o)
                0x08005940                crypto_generichash_blake2b__init
 .text.crypto_generichash_blake2b__init_salt_personal
                0x080059ac       0xa8 /home/milovalle/Documents/TUM/ESS_LAB/sodium_1-0-15_ARMcompiled/sodium/sodium-1.0.15/lib/libsodium.a(libsodium_la-blake2b-ref.o)
                0x080059ac                crypto_generichash_blake2b__init_salt_personal
 .text.crypto_generichash_blake2b__update
                0x08005a54       0xcc /home/milovalle/Documents/TUM/ESS_LAB/sodium_1-0-15_ARMcompiled/sodium/sodium-1.0.15/lib/libsodium.a(libsodium_la-blake2b-ref.o)
                0x08005a54                crypto_generichash_blake2b__update
 .text.crypto_generichash_blake2b__init_key
                0x08005b20       0xae /home/milovalle/Documents/TUM/ESS_LAB/sodium_1-0-15_ARMcompiled/sodium/sodium-1.0.15/lib/libsodium.a(libsodium_la-blake2b-ref.o)
                0x08005b20                crypto_generichash_blake2b__init_key
 .text.crypto_generichash_blake2b__init_key_salt_personal
                0x08005bce       0xf2 /home/milovalle/Documents/TUM/ESS_LAB/sodium_1-0-15_ARMcompiled/sodium/sodium-1.0.15/lib/libsodium.a(libsodium_la-blake2b-ref.o)
                0x08005bce                crypto_generichash_blake2b__init_key_salt_personal
 .text.crypto_generichash_blake2b__final
                0x08005cc0      0x124 /home/milovalle/Documents/TUM/ESS_LAB/sodium_1-0-15_ARMcompiled/sodium/sodium-1.0.15/lib/libsodium.a(libsodium_la-blake2b-ref.o)
                0x08005cc0                crypto_generichash_blake2b__final
 .text.crypto_generichash_blake2b__blake2b
                0x08005de4       0x76 /home/milovalle/Documents/TUM/ESS_LAB/sodium_1-0-15_ARMcompiled/sodium/sodium-1.0.15/lib/libsodium.a(libsodium_la-blake2b-ref.o)
                0x08005de4                crypto_generichash_blake2b__blake2b
 .text.crypto_generichash_blake2b__blake2b_salt_personal
                0x08005e5a       0x86 /home/milovalle/Documents/TUM/ESS_LAB/sodium_1-0-15_ARMcompiled/sodium/sodium-1.0.15/lib/libsodium.a(libsodium_la-blake2b-ref.o)
                0x08005e5a                crypto_generichash_blake2b__blake2b_salt_personal
 .text.crypto_generichash_blake2b__pick_best_implementation
                0x08005ee0       0x20 /home/milovalle/Documents/TUM/ESS_LAB/sodium_1-0-15_ARMcompiled/sodium/sodium-1.0.15/lib/libsodium.a(libsodium_la-blake2b-ref.o)
                0x08005ee0                crypto_generichash_blake2b__pick_best_implementation
 .text          0x08005f00        0x0 /home/milovalle/Documents/TUM/ESS_LAB/sodium_1-0-15_ARMcompiled/sodium/sodium-1.0.15/lib/libsodium.a(libsodium_la-onetimeauth_poly1305.o)
 .text.crypto_onetimeauth_poly1305
                0x08005f00       0x18 /home/milovalle/Documents/TUM/ESS_LAB/sodium_1-0-15_ARMcompiled/sodium/sodium-1.0.15/lib/libsodium.a(libsodium_la-onetimeauth_poly1305.o)
                0x08005f00                crypto_onetimeauth_poly1305
 .text.crypto_onetimeauth_poly1305_verify
                0x08005f18       0x18 /home/milovalle/Documents/TUM/ESS_LAB/sodium_1-0-15_ARMcompiled/sodium/sodium-1.0.15/lib/libsodium.a(libsodium_la-onetimeauth_poly1305.o)
                0x08005f18                crypto_onetimeauth_poly1305_verify
 .text.crypto_onetimeauth_poly1305_init
                0x08005f30       0x10 /home/milovalle/Documents/TUM/ESS_LAB/sodium_1-0-15_ARMcompiled/sodium/sodium-1.0.15/lib/libsodium.a(libsodium_la-onetimeauth_poly1305.o)
                0x08005f30                crypto_onetimeauth_poly1305_init
 .text.crypto_onetimeauth_poly1305_update
                0x08005f40       0x18 /home/milovalle/Documents/TUM/ESS_LAB/sodium_1-0-15_ARMcompiled/sodium/sodium-1.0.15/lib/libsodium.a(libsodium_la-onetimeauth_poly1305.o)
                0x08005f40                crypto_onetimeauth_poly1305_update
 .text.crypto_onetimeauth_poly1305_final
                0x08005f58       0x10 /home/milovalle/Documents/TUM/ESS_LAB/sodium_1-0-15_ARMcompiled/sodium/sodium-1.0.15/lib/libsodium.a(libsodium_la-onetimeauth_poly1305.o)
                0x08005f58                crypto_onetimeauth_poly1305_final
 .text.crypto_onetimeauth_poly1305_bytes
                0x08005f68        0x4 /home/milovalle/Documents/TUM/ESS_LAB/sodium_1-0-15_ARMcompiled/sodium/sodium-1.0.15/lib/libsodium.a(libsodium_la-onetimeauth_poly1305.o)
                0x08005f68                crypto_onetimeauth_poly1305_bytes
 .text.crypto_onetimeauth_poly1305_keybytes
                0x08005f6c        0x4 /home/milovalle/Documents/TUM/ESS_LAB/sodium_1-0-15_ARMcompiled/sodium/sodium-1.0.15/lib/libsodium.a(libsodium_la-onetimeauth_poly1305.o)
                0x08005f6c                crypto_onetimeauth_poly1305_keybytes
 .text.crypto_onetimeauth_poly1305_statebytes
                0x08005f70        0x6 /home/milovalle/Documents/TUM/ESS_LAB/sodium_1-0-15_ARMcompiled/sodium/sodium-1.0.15/lib/libsodium.a(libsodium_la-onetimeauth_poly1305.o)
                0x08005f70                crypto_onetimeauth_poly1305_statebytes
 .text.crypto_onetimeauth_poly1305_keygen
                0x08005f76        0x6 /home/milovalle/Documents/TUM/ESS_LAB/sodium_1-0-15_ARMcompiled/sodium/sodium-1.0.15/lib/libsodium.a(libsodium_la-onetimeauth_poly1305.o)
                0x08005f76                crypto_onetimeauth_poly1305_keygen
 .text._crypto_onetimeauth_poly1305_pick_best_implementation
                0x08005f7c       0x20 /home/milovalle/Documents/TUM/ESS_LAB/sodium_1-0-15_ARMcompiled/sodium/sodium-1.0.15/lib/libsodium.a(libsodium_la-onetimeauth_poly1305.o)
                0x08005f7c                _crypto_onetimeauth_poly1305_pick_best_implementation
 .text          0x08005f9c        0x0 /home/milovalle/Documents/TUM/ESS_LAB/sodium_1-0-15_ARMcompiled/sodium/sodium-1.0.15/lib/libsodium.a(libsodium_la-poly1305_donna.o)
 .text.poly1305_blocks
                0x08005f9c      0x1be /home/milovalle/Documents/TUM/ESS_LAB/sodium_1-0-15_ARMcompiled/sodium/sodium-1.0.15/lib/libsodium.a(libsodium_la-poly1305_donna.o)
 .text.poly1305_update
                0x0800615a       0xdc /home/milovalle/Documents/TUM/ESS_LAB/sodium_1-0-15_ARMcompiled/sodium/sodium-1.0.15/lib/libsodium.a(libsodium_la-poly1305_donna.o)
 .text.crypto_onetimeauth_poly1305_donna_update
                0x08006236        0xa /home/milovalle/Documents/TUM/ESS_LAB/sodium_1-0-15_ARMcompiled/sodium/sodium-1.0.15/lib/libsodium.a(libsodium_la-poly1305_donna.o)
 .text.poly1305_finish
                0x08006240      0x170 /home/milovalle/Documents/TUM/ESS_LAB/sodium_1-0-15_ARMcompiled/sodium/sodium-1.0.15/lib/libsodium.a(libsodium_la-poly1305_donna.o)
 .text.crypto_onetimeauth_poly1305_donna_final
                0x080063b0        0xa /home/milovalle/Documents/TUM/ESS_LAB/sodium_1-0-15_ARMcompiled/sodium/sodium-1.0.15/lib/libsodium.a(libsodium_la-poly1305_donna.o)
 *fill*         0x080063ba        0x2 
 .text.crypto_onetimeauth_poly1305_donna
                0x080063bc       0xa4 /home/milovalle/Documents/TUM/ESS_LAB/sodium_1-0-15_ARMcompiled/sodium/sodium-1.0.15/lib/libsodium.a(libsodium_la-poly1305_donna.o)
 .text.crypto_onetimeauth_poly1305_donna_verify
                0x08006460       0x1e /home/milovalle/Documents/TUM/ESS_LAB/sodium_1-0-15_ARMcompiled/sodium/sodium-1.0.15/lib/libsodium.a(libsodium_la-poly1305_donna.o)
 *fill*         0x0800647e        0x2 
 .text.crypto_onetimeauth_poly1305_donna_init
                0x08006480       0x70 /home/milovalle/Documents/TUM/ESS_LAB/sodium_1-0-15_ARMcompiled/sodium/sodium-1.0.15/lib/libsodium.a(libsodium_la-poly1305_donna.o)
 .text          0x080064f0        0x0 /home/milovalle/Documents/TUM/ESS_LAB/sodium_1-0-15_ARMcompiled/sodium/sodium-1.0.15/lib/libsodium.a(libsodium_la-stream_chacha20.o)
 .text.crypto_stream_chacha20_keybytes
                0x080064f0        0x4 /home/milovalle/Documents/TUM/ESS_LAB/sodium_1-0-15_ARMcompiled/sodium/sodium-1.0.15/lib/libsodium.a(libsodium_la-stream_chacha20.o)
                0x080064f0                crypto_stream_chacha20_keybytes
 .text.crypto_stream_chacha20_noncebytes
                0x080064f4        0x4 /home/milovalle/Documents/TUM/ESS_LAB/sodium_1-0-15_ARMcompiled/sodium/sodium-1.0.15/lib/libsodium.a(libsodium_la-stream_chacha20.o)
                0x080064f4                crypto_stream_chacha20_noncebytes
 .text.crypto_stream_chacha20_messagebytes_max
                0x080064f8        0x6 /home/milovalle/Documents/TUM/ESS_LAB/sodium_1-0-15_ARMcompiled/sodium/sodium-1.0.15/lib/libsodium.a(libsodium_la-stream_chacha20.o)
                0x080064f8                crypto_stream_chacha20_messagebytes_max
 .text.crypto_stream_chacha20_ietf_keybytes
                0x080064fe        0x4 /home/milovalle/Documents/TUM/ESS_LAB/sodium_1-0-15_ARMcompiled/sodium/sodium-1.0.15/lib/libsodium.a(libsodium_la-stream_chacha20.o)
                0x080064fe                crypto_stream_chacha20_ietf_keybytes
 .text.crypto_stream_chacha20_ietf_noncebytes
                0x08006502        0x4 /home/milovalle/Documents/TUM/ESS_LAB/sodium_1-0-15_ARMcompiled/sodium/sodium-1.0.15/lib/libsodium.a(libsodium_la-stream_chacha20.o)
                0x08006502                crypto_stream_chacha20_ietf_noncebytes
 .text.crypto_stream_chacha20_ietf_messagebytes_max
                0x08006506        0x6 /home/milovalle/Documents/TUM/ESS_LAB/sodium_1-0-15_ARMcompiled/sodium/sodium-1.0.15/lib/libsodium.a(libsodium_la-stream_chacha20.o)
                0x08006506                crypto_stream_chacha20_ietf_messagebytes_max
 .text.crypto_stream_chacha20
                0x0800650c       0x14 /home/milovalle/Documents/TUM/ESS_LAB/sodium_1-0-15_ARMcompiled/sodium/sodium-1.0.15/lib/libsodium.a(libsodium_la-stream_chacha20.o)
                0x0800650c                crypto_stream_chacha20
 .text.crypto_stream_chacha20_ietf
                0x08006520       0x14 /home/milovalle/Documents/TUM/ESS_LAB/sodium_1-0-15_ARMcompiled/sodium/sodium-1.0.15/lib/libsodium.a(libsodium_la-stream_chacha20.o)
                0x08006520                crypto_stream_chacha20_ietf
 .text.crypto_stream_chacha20_xor_ic
                0x08006534       0x14 /home/milovalle/Documents/TUM/ESS_LAB/sodium_1-0-15_ARMcompiled/sodium/sodium-1.0.15/lib/libsodium.a(libsodium_la-stream_chacha20.o)
                0x08006534                crypto_stream_chacha20_xor_ic
 .text.crypto_stream_chacha20_ietf_xor_ic
                0x08006548       0x14 /home/milovalle/Documents/TUM/ESS_LAB/sodium_1-0-15_ARMcompiled/sodium/sodium-1.0.15/lib/libsodium.a(libsodium_la-stream_chacha20.o)
                0x08006548                crypto_stream_chacha20_ietf_xor_ic
 .text.crypto_stream_chacha20_xor
                0x0800655c       0x28 /home/milovalle/Documents/TUM/ESS_LAB/sodium_1-0-15_ARMcompiled/sodium/sodium-1.0.15/lib/libsodium.a(libsodium_la-stream_chacha20.o)
                0x0800655c                crypto_stream_chacha20_xor
 .text.crypto_stream_chacha20_ietf_xor
                0x08006584       0x24 /home/milovalle/Documents/TUM/ESS_LAB/sodium_1-0-15_ARMcompiled/sodium/sodium-1.0.15/lib/libsodium.a(libsodium_la-stream_chacha20.o)
                0x08006584                crypto_stream_chacha20_ietf_xor
 .text.crypto_stream_chacha20_keygen